06-12 07:28:11.866  1749  1749 D TelephonyComponentFactory: Total components injected: 0
06-12 07:28:11.867  1749  1749 D TDC     : updateOrInsert: inserting: Modem { uuid=modem, state=0, rilModel=0, rat={}, maxActiveVoiceCall=1, maxActiveDataCall=1, maxStandby=1 }
06-12 07:28:11.867  1749  1749 D TDC     : updateOrInsert: inserting: Sim { uuid=sim, modemUuid=modem, state=0 }
06-12 07:28:11.869  1749  1749 D CdmaSSM : subscriptionSource from settings: 0
06-12 07:28:11.869  1749  1749 I PhoneFactory: Cdma Subscription set to 0
06-12 07:28:11.869  1749  1749 I PhoneFactory: Network Mode set to 8
06-12 07:28:11.869  1749  1749 D TelephonyComponentFactory: makeRIL
06-12 07:28:11.869  1749  1749 D RILJ    : RIL: init preferredNetworkType=8 cdmaSubscription=0) [SUBnull]
06-12 07:28:11.887   328   328 D RILC    : setResponseFunctions
06-12 07:28:11.891   328   328 D RILC    : rilConnectedInd
06-12 07:28:11.891   328   328 D RILC    : radioStateChangedInd: radioState 0
06-12 07:28:11.891   328   328 I RILC    : RIL Daemon version: Samsung RIL v3.0
06-12 07:28:11.895  1749  1773 D RILJ    : [UNSL]< UNSOL_RIL_CONNECTED [SUB0]
06-12 07:28:11.896  1749  1749 D RILJ    : [0000]> GET_HARDWARE_CONFIG [SUB0]
06-12 07:28:11.897   328   328 E RILD    : unknown request -1
06-12 07:28:11.901  1749  1749 D RILJ    : Radio HAL version: 1.1 [SUB0]
06-12 07:28:11.902  1749  1749 D UiccController: Creating UiccController
06-12 07:28:11.902  1749  1749 D UiccController: config_num_physical_slots = 1
06-12 07:28:11.906  1749  1773 D RILJ    : [0001]> RADIO_POWER on = false [SUB0]
06-12 07:28:11.907   328   328 D RILC    : setRadioPower: serial 1 on 0
06-12 07:28:11.907   328   328 E RILD    : IsRegisteredNetworkType(): netType[1]  feature[00] state[0] 
06-12 07:28:11.907   328   787 E RILD    : DoRouteIn - FW reqId : 23
06-12 07:28:11.907   328   787 E RILD    : DoRouteOut - FW reqId : 23
06-12 07:28:11.907   328   786 E RILD    : CLP-MGR: evt(100)
06-12 07:28:11.907   328   786 E RILD    : DoRadioPower(): current mPowerState 2
06-12 07:28:11.907   328   786 D RILC    : setRadioPowerResponse: serial 1
06-12 07:28:11.909  1749  1773 D RILJ    : [0002]> RIL_REQUEST_CDMA_SET_SUBSCRIPTION_SOURCE cdmaSubscription = 0 [SUB0]
06-12 07:28:11.910   328   328 E RILD    : IsRegisteredNetworkType(): netType[1]  feature[00] state[0] 
06-12 07:28:11.911  1749  1773 D RILJ    : [0000]< GET_HARDWARE_CONFIG error 6 [SUB0]
06-12 07:28:11.911  1749  1773 D RilRequest: [0000]< GET_HARDWARE_CONFIG error: com.android.internal.telephony.CommandException: REQUEST_NOT_SUPPORTED ret= 
06-12 07:28:11.912  1749  1773 D RILJ    : [UNSL]< UNSOL_RESPONSE_RADIO_STATE_CHANGED radioStateChanged: 0 [SUB0]
06-12 07:28:11.912  1749  1773 D RILJ    : [0001]< RADIO_POWER  [SUB0]
06-12 07:28:11.912  1749  1773 D RILJ    : [0002]< RIL_REQUEST_CDMA_SET_SUBSCRIPTION_SOURCE error 1 [SUB0]
06-12 07:28:11.912  1749  1773 D RilRequest: [0002]< RIL_REQUEST_CDMA_SET_SUBSCRIPTION_SOURCE error: com.android.internal.telephony.CommandException: RADIO_NOT_AVAILABLE ret=
06-12 07:28:11.923  1749  1749 I PhoneFactory: Creating SubscriptionController
06-12 07:28:11.923  1749  1749 I TelephonyComponentFactory: initSubscriptionController
06-12 07:28:11.960  1749  1749 D SubscriptionController: [SubscriptionController] init by Context
06-12 07:28:11.964  1749  1749 I TelephonyComponentFactory:  initMultiSimSettingController 
06-12 07:28:11.967  1749  1749 I TelephonyComponentFactory: makePhone
06-12 07:28:11.968  1749  1749 D Phone   : mDoesRilSendMultipleCallRing=false
06-12 07:28:11.968  1749  1749 D Phone   : mCallRingDelay=3000
06-12 07:28:11.968  1749  1749 D TelephonyComponentFactory: makeSmsStorageMonitor
06-12 07:28:11.973  1749  1749 D TelephonyComponentFactory: makeSmsUsageMonitor
06-12 07:28:11.979  1749  1749 D RILJ    : [0003]> RIL_REQUEST_START_LCE reportIntervalMs = 200 pullMode = true [SUB0]
06-12 07:28:11.980   328   328 E RILD    : unknown request -1
06-12 07:28:11.980  1749  1749 D TelephonyComponentFactory: makeGsmCdmaCallTracker
06-12 07:28:11.980   328   328 E RILC    : Invalid response: NULL
06-12 07:28:11.980  1749  1773 D RILJ    : [0003]< RIL_REQUEST_START_LCE error 6 [SUB0]
06-12 07:28:11.981  1749  1773 D RilRequest: [0003]< RIL_REQUEST_START_LCE error: com.android.internal.telephony.CommandException: REQUEST_NOT_SUPPORTED ret=[0, 0]
06-12 07:28:11.982  1749  1749 D TelephonyComponentFactory: makeIccPhoneBookInterfaceManager
06-12 07:28:11.983  1749  1749 D TelephonyComponentFactory: makeIccSmsInterfaceManager
06-12 07:28:11.983  1749  1749 D SmsDispatchersController: SmsDispatchersController created
06-12 07:28:11.991  1749  1749 E ImsSmsDispacher: Failed to get sms format. Error: getSmsFormat()
06-12 07:28:11.991  1749  1749 D SMSDispatcher: SMSDispatcher: ctor mSmsCapable=true format=unknown mSmsSendDisabled=false
06-12 07:28:11.993  1749  1749 D SMSDispatcher: SMSDispatcher: ctor mSmsCapable=true format=3gpp2 mSmsSendDisabled=false
06-12 07:28:11.993  1749  1749 D CdmaSMSDispatcher: CdmaSMSDispatcher created
06-12 07:28:12.009  1749  1749 D TelephonyComponentFactory: getIDeviceIdleController
06-12 07:28:12.012  1749  1749 D TelephonyComponentFactory: getIDeviceIdleController
06-12 07:28:12.012  1749  1749 D GsmInboundSmsHandler: created InboundSmsHandler
06-12 07:28:12.013  1749  1776 D GsmInboundSmsHandler: entering Startup state
06-12 07:28:12.017  1749  1749 D TelephonyComponentFactory: getIDeviceIdleController
06-12 07:28:12.021  1749  1749 D TelephonyComponentFactory: getIDeviceIdleController
06-12 07:28:12.021  1749  1749 D CdmaInboundSmsHandler: created InboundSmsHandler
06-12 07:28:12.026  1749  1749 D SMSDispatcher: SMSDispatcher: ctor mSmsCapable=true format=3gpp mSmsSendDisabled=false
06-12 07:28:12.026  1749  1749 D GsmSMSDispatcher: GsmSMSDispatcher created
06-12 07:28:12.028  1749  1778 D CdmaInboundSmsHandler: entering Startup state
06-12 07:28:12.030  1749  1776 D GsmInboundSmsHandler: StartupState.processMessage:6
06-12 07:28:12.030  1749  1776 D GsmInboundSmsHandler: entering Idle state
06-12 07:28:12.030  1749  1776 D GsmInboundSmsHandler: IdleState.processMessage:5
06-12 07:28:12.030  1749  1776 D GsmInboundSmsHandler: Idle state processing message type 5
06-12 07:28:12.030  1749  1778 D CdmaInboundSmsHandler: StartupState.processMessage:6
06-12 07:28:12.030  1749  1778 D CdmaInboundSmsHandler: entering Idle state
06-12 07:28:12.030  1749  1778 D CdmaInboundSmsHandler: IdleState.processMessage:5
06-12 07:28:12.030  1749  1778 D CdmaInboundSmsHandler: Idle state processing message type 5
06-12 07:28:12.031  1749  1776 D GsmInboundSmsHandler: mWakeLock released
06-12 07:28:12.031  1749  1778 D CdmaInboundSmsHandler: mWakeLock released
06-12 07:28:12.034  1749  1749 D TelephonyComponentFactory: getCdmaSubscriptionSourceManagerInstance
06-12 07:28:12.034  1749  1749 D CdmaSSM : subscriptionSource from settings: 0
06-12 07:28:12.034  1749  1749 D CdmaSSM : cdmaSSM constructor: 0
06-12 07:28:12.038  1749  1749 D GsmCdmaPhone: [0] Precise phone type 6
06-12 07:28:12.039  1749  1749 D CdmaSSM : getcdmasubscriptionSource: 0
06-12 07:28:12.039  1749  1749 D RILJ    : setPhoneType=2 old value=0 [SUB0]
06-12 07:28:12.040  1749  1749 D GsmCdmaPhone: [0] init: operatorAlpha='U.S. Cellular' operatorNumeric='311580'
06-12 07:28:12.040  1749  1749 D GsmCdmaPhone: [0] init: set 'gsm.sim.operator.alpha' to operator='U.S. Cellular'
06-12 07:28:12.040  1749  1749 D GsmCdmaPhone: [0] init: set 'gsm.sim.operator.numeric' to operator='311580'
06-12 07:28:12.040  1749  1749 D GsmCdmaPhone: [0] update icc_operator_numeric=311580
06-12 07:28:12.041  1749  1749 D SubscriptionController: LINEAGE_DEBUG [setMccMnc] - invalid subId, bailing out
06-12 07:28:12.041  1749  1749 D GsmCdmaPhone: [0] setIsoCountryProperty: set 'gsm.sim.operator.iso-country' to iso=us
06-12 07:28:12.043  1749  1749 D SubscriptionController: [setCountryIso]+ iso:us subId:-1
06-12 07:28:15.011  1749  1775 D GsmCellBroadcastHandler: Idle: release wakelock
06-12 07:28:15.017  1749  1777 D CellBroadcastHandler: Idle: release wakelock
06-12 07:28:15.028  1749  1779 D CdmaServiceCategoryProgramHandler: Idle: release wakelock
06-12 07:28:15.566  1749  1764 D SubscriptionController: [getPhoneId] asked for default subId=-1
06-12 07:28:15.853   270   270 E use-Rlog/RLOG-RIL-QMI: qmuxd: RX on fd=22 returned error=0 errno[2:No such file or directory]
06-12 07:28:15.853  1749  1773 D RILJ    : serviceDied [SUB0]
06-12 07:28:15.874   270   609 E use-Rlog/RLOG-RIL-RAWDATA: qmi_ctl_rx_msg.c Can't find txn info for txn_id = 25
06-12 07:28:15.874   270   609 E use-Rlog/RLOG-RIL-RAWDATA: qmi_ctl_rx_msg.c Can't find txn info for txn_id = 27
06-12 07:28:15.874   270   609 E use-Rlog/RLOG-RIL-RAWDATA: qmi_ctl_rx_msg.c Can't find txn info for txn_id = 26
06-12 07:28:15.878   270   609 E use-Rlog/RLOG-RIL-RAWDATA: qmi_ctl_rx_msg.c Can't find txn info for txn_id = 28
06-12 07:28:15.878   270   609 E use-Rlog/RLOG-RIL-RAWDATA: qmi_ctl_rx_msg.c Can't find txn info for txn_id = 29
06-12 07:28:15.880   270   609 E use-Rlog/RLOG-RIL-RAWDATA: qmi_ctl_rx_msg.c Can't find txn info for txn_id = 30
06-12 07:28:15.881   270   609 E use-Rlog/RLOG-RIL-RAWDATA: qmi_ctl_rx_msg.c Can't find txn info for txn_id = 32
06-12 07:28:15.881   270   609 E use-Rlog/RLOG-RIL-RAWDATA: qmi_ctl_rx_msg.c Can't find txn info for txn_id = 31
06-12 07:28:15.882   270   609 E use-Rlog/RLOG-RIL-RAWDATA: qmi_ctl_rx_msg.c Can't find txn info for txn_id = 21
06-12 07:28:15.883   270   618 E use-Rlog/RLOG-RIL-RAWDATA: qmi_ctl_rx_msg.c Can't find txn info for txn_id = 5
06-12 07:28:15.883   270   619 E use-Rlog/RLOG-RIL-RAWDATA: qmi_ctl_rx_msg.c Can't find txn info for txn_id = 5
06-12 07:28:15.884   270   620 E use-Rlog/RLOG-RIL-RAWDATA: qmi_ctl_rx_msg.c Can't find txn info for txn_id = 5
06-12 07:28:15.887   270   621 E use-Rlog/RLOG-RIL-RAWDATA: qmi_ctl_rx_msg.c Can't find txn info for txn_id = 5
06-12 07:28:15.887   270   622 E use-Rlog/RLOG-RIL-RAWDATA: qmi_ctl_rx_msg.c Can't find txn info for txn_id = 5
06-12 07:28:15.887   270   623 E use-Rlog/RLOG-RIL-RAWDATA: qmi_ctl_rx_msg.c Can't find txn info for txn_id = 5
06-12 07:28:15.888   270   624 E use-Rlog/RLOG-RIL-RAWDATA: qmi_ctl_rx_msg.c Can't find txn info for txn_id = 5
06-12 07:28:15.888   270   609 E use-Rlog/RLOG-RIL-RAWDATA: qmi_ctl_rx_msg.c Can't find txn info for txn_id = 22
06-12 07:28:15.889   270   618 E use-Rlog/RLOG-RIL-RAWDATA: qmi_ctl_rx_msg.c Can't find txn info for txn_id = 6
06-12 07:28:15.889   270   619 E use-Rlog/RLOG-RIL-RAWDATA: qmi_ctl_rx_msg.c Can't find txn info for txn_id = 6
06-12 07:28:15.890   270   620 E use-Rlog/RLOG-RIL-RAWDATA: qmi_ctl_rx_msg.c Can't find txn info for txn_id = 6
06-12 07:28:15.891   270   621 E use-Rlog/RLOG-RIL-RAWDATA: qmi_ctl_rx_msg.c Can't find txn info for txn_id = 6
06-12 07:28:15.892   270   622 E use-Rlog/RLOG-RIL-RAWDATA: qmi_ctl_rx_msg.c Can't find txn info for txn_id = 6
06-12 07:28:15.892   270   623 E use-Rlog/RLOG-RIL-RAWDATA: qmi_ctl_rx_msg.c Can't find txn info for txn_id = 6
06-12 07:28:15.893   270   624 E use-Rlog/RLOG-RIL-RAWDATA: qmi_ctl_rx_msg.c Can't find txn info for txn_id = 6
06-12 07:28:15.894   270   609 E use-Rlog/RLOG-RIL-RAWDATA: qmi_ctl_rx_msg.c Can't find txn info for txn_id = 23
06-12 07:28:15.899   270   609 E use-Rlog/RLOG-RIL-RAWDATA: qmi_ctl_rx_msg.c Can't find txn info for txn_id = 24
06-12 07:28:15.899   270   609 E use-Rlog/RLOG-RIL-RAWDATA: qmi_ctl_rx_msg.c Can't find txn info for txn_id = 33
06-12 07:28:15.899   270   609 E use-Rlog/RLOG-RIL-RAWDATA: qmi_ctl_rx_msg.c Can't find txn info for txn_id = 34
