06-12 07:27:58.511   328   410 E RILD    : ReceiveMessage: svc(WMS), msg(0x45:QMI_WMS_SET_PRIMARY_CLIENT), indi(0), size(8), err(0)
06-12 07:27:58.511   328   410 E RILD    : Result(0), Error(0)
06-12 07:27:58.511   328   410 E RILD    : SendMessage: svc(WMS), msg(0x32:QMI_WMS_SET_ROUTES), sync(1), internal(1), size(172)
06-12 07:27:58.511   270   270 E use-Rlog/RLOG-RIL-QMI: qmuxd: RX 80 bytes on fd=22 from qmux_client_id=0x0
06-12 07:27:58.518   270   609 E use-Rlog/RLOG-RIL-QMI: qmuxd: TX message on fd=22, to qmux_client_id=0x0, len=54
06-12 07:27:58.518   328   410 E RILD    : ReceiveMessage: svc(WMS), msg(0x32:QMI_WMS_SET_ROUTES), indi(0), size(8), err(0)
06-12 07:27:58.518   328   410 E RILD    : Result(0), Error(0)
06-12 07:27:58.518   328   410 E RILD    : SendMessage: svc(WMS), msg(0x1:QMI_WMS_SET_EVENT_REPORT), sync(1), internal(1), size(6)
06-12 07:27:58.518   270   270 E use-Rlog/RLOG-RIL-QMI: qmuxd: RX 51 bytes on fd=22 from qmux_client_id=0x0
06-12 07:27:58.520   270   609 E use-Rlog/RLOG-RIL-QMI: qmuxd: TX message on fd=22, to qmux_client_id=0x0, len=54
06-12 07:27:58.521   328   410 E RILD    : ReceiveMessage: svc(WMS), msg(0x1:QMI_WMS_SET_EVENT_REPORT), indi(0), size(8), err(0)
06-12 07:27:58.521   328   410 E RILD    : Result(0), Error(0)
06-12 07:27:58.521   328   410 E RILD    : SendMessage: svc(WMS), msg(0x47:QMI_WMS_INDICATION_REGISTER), sync(1), internal(1), size(12)
06-12 07:27:58.521   270   270 E use-Rlog/RLOG-RIL-QMI: qmuxd: RX 55 bytes on fd=22 from qmux_client_id=0x0
06-12 07:27:58.526   270   609 E use-Rlog/RLOG-RIL-QMI: qmuxd: TX message on fd=22, to qmux_client_id=0x0, len=54
06-12 07:27:58.526   328   410 E RILD    : ReceiveMessage: svc(WMS), msg(0x47:QMI_WMS_INDICATION_REGISTER), indi(0), size(8), err(0)
06-12 07:27:58.526   328   410 E RILD    : Result(0), Error(0)
06-12 07:27:58.526   328   410 E RILD    : SendMessage: svc(WMS), msg(0x4C:QMI_WMS_BIND_SUBSCRIPTION), sync(1), internal(1), size(4)
06-12 07:27:58.526   270   270 E use-Rlog/RLOG-RIL-QMI: qmuxd: RX 51 bytes on fd=22 from qmux_client_id=0x0
06-12 07:27:58.527   270   609 E use-Rlog/RLOG-RIL-QMI: qmuxd: TX message on fd=22, to qmux_client_id=0x0, len=54
06-12 07:27:58.528   328   410 E RILD    : ReceiveMessage: svc(WMS), msg(0x4C:QMI_WMS_BIND_SUBSCRIPTION), indi(0), size(8), err(0)
06-12 07:27:58.528   328   410 E RILD    : Result(0), Error(0)
06-12 07:27:58.528   270   270 E use-Rlog/RLOG-RIL-QMI: qmuxd: RX 47 bytes on fd=22 from qmux_client_id=0x0
06-12 07:27:58.529   270   609 E use-Rlog/RLOG-RIL-QMI: qmuxd: TX message on fd=22, to qmux_client_id=0x0, len=77
06-12 07:27:58.529   328   410 E RILD    : WDS pref_network(0), num info(2), tech flag(1)
06-12 07:27:58.529   328   410 E RILD    : WDS cdma_rat_mask(0x0), umts_rat_mask(0x0), network(0)
06-12 07:27:58.529   328   410 E RILD    : WDS RadioTech(0, 0), NetworkType(0) PrefRadioGroup(0) RadioTechFlag(1)
06-12 07:27:58.529   270   270 E use-Rlog/RLOG-RIL-QMI: qmuxd: RX 55 bytes on fd=22 from qmux_client_id=0x0
06-12 07:27:58.530   270   609 E use-Rlog/RLOG-RIL-QMI: qmuxd: TX message on fd=22, to qmux_client_id=0x0, len=54
06-12 07:27:58.530   328   410 E RILD    : QMI WDS data system status init result(0)
06-12 07:27:58.531   328   410 E RILD    : SendMessage: svc(DMS), msg(0x1:QMI_DMS_SET_EVENT_REPORT), sync(1), internal(1), size(21)
06-12 07:27:58.531   270   270 E use-Rlog/RLOG-RIL-QMI: qmuxd: RX 55 bytes on fd=22 from qmux_client_id=0x0
06-12 07:27:58.532   270   609 E use-Rlog/RLOG-RIL-QMI: qmuxd: TX message on fd=22, to qmux_client_id=0x0, len=54
06-12 07:27:58.532   328   410 E RILD    : ReceiveMessage: svc(DMS), msg(0x1:QMI_DMS_SET_EVENT_REPORT), indi(0), size(8), err(0)
06-12 07:27:58.532   328   410 E RILD    : Set DMS Event Report received
06-12 07:27:58.532   328   410 E RILD    : Result(0), Error(0)
06-12 07:27:58.532   328   410 E RILD    : SendMessage: svc(DMS), msg(0x2D:QMI_DMS_GET_OPERATING_MODE), sync(1), internal(1), size(0)
06-12 07:27:58.532   270   270 E use-Rlog/RLOG-RIL-QMI: qmuxd: RX 47 bytes on fd=22 from qmux_client_id=0x0
06-12 07:27:58.533   270   609 E use-Rlog/RLOG-RIL-QMI: qmuxd: TX message on fd=22, to qmux_client_id=0x0, len=58
06-12 07:27:58.534   328   410 E RILD    : ReceiveMessage: svc(DMS), msg(0x2D:QMI_DMS_GET_OPERATING_MODE), indi(0), size(20), err(0)
06-12 07:27:58.534   328   410 E RILD    : Result(0), Error(0)
06-12 07:27:58.534   328   410 E RILD    : Get Operating Mode Reponse: oper(5), result(0), err(0)
06-12 07:27:58.534   328   410 E RILD    : SendMessage: svc(DMS), msg(0x20:QMI_DMS_GET_DEVICE_CAP_RESP), sync(1), internal(1), size(0)
06-12 07:27:58.534   328   786 E RILD    : CLP-MGR: evt(102)
06-12 07:27:58.534   328   786 E RILD    : PWR mLteRadioState(1) newState(0)
06-12 07:27:58.534   328   786 E RILD    : PWR newState(0) oldState(1)
06-12 07:27:58.535   328   786 E RILD    : NotifyRadioStateChanged: 0(PWR:0 SIM:0)
06-12 07:27:58.535   328   786 E RILD    : OnUnsolicitedResponse: unsolId: 1000
06-12 07:27:58.536   270   270 E use-Rlog/RLOG-RIL-QMI: qmuxd: RX 47 bytes on fd=22 from qmux_client_id=0x0
06-12 07:27:58.538   270   609 E use-Rlog/RLOG-RIL-QMI: qmuxd: TX message on fd=22, to qmux_client_id=0x0, len=100
06-12 07:27:58.538   328   410 E RILD    : ReceiveMessage: svc(DMS), msg(0x20:QMI_DMS_GET_DEVICE_CAP_RESP), indi(0), size(2104), err(0)
06-12 07:27:58.538   328   410 E RILD    : RxGetDeviceCap(): Get Device Cap received
06-12 07:27:58.538   328   410 E RILD    : Result(0), Error(0)
06-12 07:27:58.538   328   410 E RILD    : simul_voice_and_data_capability Valid 1, Value: 1
06-12 07:27:58.538   328   410 E RILD    : data_service_capability: 3
06-12 07:27:58.538   328   410 E RILD    : SimulVoiceAndDataCapability: 1
06-12 07:27:58.540   328   410 E RILD    : Setting ro.ril.svlte1x property to true
06-12 07:27:58.541   328   786 E RILC    : radioStateChangedInd: radioService[0]->mRadioIndication == NULL
06-12 07:27:58.541   328   786 E RILD    : OnUnsolicitedResponse: mOemClientReceiver is yet initialized.
06-12 07:27:58.541   328   786 E RILD    : Notify power state changed(2).
06-12 07:27:58.541   328   786 E RILD    : Request processing is enabled.
06-12 07:27:58.541   328   786 E RILD    : CLNET-MGR: evt(1002)
06-12 07:27:58.541   328   786 E RILD    : CLNET-MGR: EVENT_RADIO_STATE_CHANGED
06-12 07:27:58.541   328   786 E RILD    : SMS-MGR: evt(8006)
06-12 07:27:58.541   328   786 E RILD    : OnRadioStateChanged: RADIO_OFF : mIsDeviceReadyNotiNeed = NOT_CONNECTED
06-12 07:27:58.541   328   786 E RILD    : LDC-MGR: evt(107)
06-12 07:27:58.542   328   410 E RILD    : Setting ro.ril.svdo property to false
06-12 07:27:58.542   328   410 E RILD    : SendMessage: svc(UIM), msg(0x2E:QMI_UIM_EVENT_REG), sync(1), internal(1), size(4)
06-12 07:27:58.542   270   270 E use-Rlog/RLOG-RIL-QMI: qmuxd: RX 54 bytes on fd=22 from qmux_client_id=0x0
06-12 07:27:58.543   328   786 E RILD    : OnRadioStateChanged: Attach-tried flag is set to false
06-12 07:27:58.545   270   609 E use-Rlog/RLOG-RIL-QMI: qmuxd: TX message on fd=22, to qmux_client_id=0x0, len=155
06-12 07:27:58.545   270   609 E use-Rlog/RLOG-RIL-QMI: qmuxd: TX message on fd=22, to qmux_client_id=0x0, len=61
06-12 07:27:58.545   328   629 E RILD    : QmiUnsolicitedCallback: msgId(50)
06-12 07:27:58.545   328   417 E RILD    : ReceiveMessage: svc(UIM), msg(0x32:QMI_UIM_STATUS_CHANGE_IND), indi(1), size(9020), err(0)
06-12 07:27:58.545   328   417 E RILD    : CheckOtaspCallingUimStatus: slot=0, card=1, error=0
06-12 07:27:58.545   328   417 E RILD    : QmiDmsService::UpdateCardState() state(3)
06-12 07:27:58.545   328   417 E RILD    : GenerateSimStatus: Slot: 0 CardState: 1 PinState: 3 CardType: 2
06-12 07:27:58.545   328   417 E RILD    : CheckAndNotifySimTypeChanged: mSimType=2
06-12 07:27:58.545   328   417 E RILD    : SendMessage: svc(UIM), msg(0x2A:QMI_UIM_REFRESH_REGISTER), sync(1), internal(1), size(2048)
06-12 07:27:58.545   270   270 E use-Rlog/RLOG-RIL-QMI: qmuxd: RX 117 bytes on fd=22 from qmux_client_id=0x0
06-12 07:27:58.547   328   410 E RILD    : ReceiveMessage: svc(UIM), msg(0x2E:QMI_UIM_EVENT_REG), indi(0), size(16), err(0)
06-12 07:27:58.547   328   410 E RILD    : Set UIM Event Reg received
06-12 07:27:58.547   328   410 E RILD    : Result(0), Error(0)
06-12 07:27:58.547   328   410 E RILD    : SendMessage: svc(PBM), msg(0x1:QMI_PBM_INDICATION_REGISTER), sync(1), internal(1), size(4)
06-12 07:27:58.547   270   270 E use-Rlog/RLOG-RIL-QMI: qmuxd: RX 54 bytes on fd=22 from qmux_client_id=0x0
06-12 07:27:58.548   270   609 E use-Rlog/RLOG-RIL-QMI: qmuxd: TX message on fd=22, to qmux_client_id=0x0, len=61
06-12 07:27:58.548   328   786 E RILD    : CLSIM-MGR: evt(305)
06-12 07:27:58.549   328   786 E RILD    : CLSIM-MGR: evt(301)
06-12 07:27:58.549   328   786 E RILD    : ConvertToSimState: state(1)
06-12 07:27:58.549   328   786 E RILD    : CLSIM-MGR: Notify SIM state changed(0, 1).
06-12 07:27:58.550   328   410 E RILD    : ReceiveMessage: svc(PBM), msg(0x1:QMI_PBM_INDICATION_REGISTER), indi(0), size(16), err(0)
06-12 07:27:58.550   328   410 E RILD    : Result(0), Error(0)
06-12 07:27:58.551   328   410 E RILD    : SendMessage: svc(CAT), msg(0x1:QMI_CAT_SET_EVENT_REPORT), sync(1), internal(1), size(24)
06-12 07:27:58.551   270   270 E use-Rlog/RLOG-RIL-QMI: qmuxd: RX 65 bytes on fd=22 from qmux_client_id=0x0
06-12 07:27:58.551   328   786 E RILD    : SIM-MGR: status->mSimType(2)
06-12 07:27:58.555   270   609 E use-Rlog/RLOG-RIL-QMI: qmuxd: TX message on fd=22, to qmux_client_id=0x0, len=54
06-12 07:27:58.555   328   410 E RILD    : ReceiveMessage: svc(CAT), msg(0x1:QMI_CAT_SET_EVENT_REPORT), indi(0), size(32), err(0)
06-12 07:27:58.555   328   410 E RILD    : Result(0), Error(0)
06-12 07:27:58.555   328   410 E RILD    : QmiModem SupportDevIoCtlIoChannel() - false
06-12 07:27:58.555   270   270 E use-Rlog/RLOG-RIL-QMI: qmuxd: RX 968 bytes on fd=22 from qmux_client_id=0x0
06-12 07:27:58.555   328   786 E RILD    : CLNET-MGR: evt(1000)
06-12 07:27:58.555   328   786 E RILD    : CLNET-MGR: EVENT_SIM_STATE_CHANGED
06-12 07:27:58.555   328   786 E RILD    : SMS-MGR: evt(1013)
06-12 07:27:58.555   328   786 E RILD    : OnSimStateChanged: set Device Ready
06-12 07:27:58.556   328   786 E RILD    : PB-MGR: evt(301)
06-12 07:27:58.556   328   786 E RILD    : PB-MGR: SimType (2)
06-12 07:27:58.556   328   786 E RILD    : CLP-MGR: evt(105)
06-12 07:27:58.556   270   609 E use-Rlog/RLOG-RIL-QMI: qmuxd: TX message on fd=22, to qmux_client_id=0x0, len=86
06-12 07:27:58.557   270   609 E use-Rlog/RLOG-RIL-RAWDATA: Adding client 2, service 227, conn_id=0...
06-12 07:27:58.557   270   609 E use-Rlog/RLOG-RIL-QMI: qmuxd: TX message on fd=22, to qmux_client_id=0x0, len=968
06-12 07:27:58.557   328   629 E RILD    : QmiUnsolicitedCallback: msgId(1)
06-12 07:27:58.558   328   410 E RILD    : IpcProtocol41::IpcTxBaseBandVersion()
06-12 07:27:58.558   328   410 E RILD    : [L] TX: (M)MISC_CMD (S)MISC_ME_VERSION (T)GET l:8 m:00 a:00 [ FF ]
06-12 07:27:58.558   270   270 E use-Rlog/RLOG-RIL-QMI: qmuxd: RX 58 bytes on fd=22 from qmux_client_id=0x0
06-12 07:27:58.562   270   609 E use-Rlog/RLOG-RIL-QMI: qmuxd: TX message on fd=22, to qmux_client_id=0x0, len=54
06-12 07:27:58.563   328   410 E RILD    : Modem is started now.
06-12 07:27:58.565   270   609 E use-Rlog/RLOG-RIL-QMI: qmuxd: TX message on fd=22, to qmux_client_id=0x0, len=323
06-12 07:27:58.565   328   629 E RILD    : QmiUnsolicitedCallback: msgId(1)
06-12 07:27:58.565   270   609 E use-Rlog/RLOG-RIL-QMI: qmuxd: TX message on fd=22, to qmux_client_id=0x0, len=323
06-12 07:27:58.565   328   629 E RILD    : QmiVssUnsolicitedCallback: msgId(1)
06-12 07:27:58.567   270   609 E use-Rlog/RLOG-RIL-QMI: qmuxd: TX message on fd=22, to qmux_client_id=0x0, len=111
06-12 07:27:58.568   328   629 E RILD    : QmiUnsolicitedCallback: msgId(12)
06-12 07:27:58.573   328   804 E RILD    : WriteProperty Property=ril.ICC_TYPE, Slot=0, Value=2
06-12 07:27:58.580   328   410 E RILD    : Succeeded to init SEC RIL.
06-12 07:27:58.580   328   410 E RILD    : OemClientReceiver started
06-12 07:27:58.580   328   410 E RILD    : Init() - SendModemCrashReason fail
06-12 07:27:58.581   328   410 E RILD    : SecRil proxy inited
06-12 07:27:58.588   328   809 E RILD    : Force-exit is required for this thread
06-12 07:27:58.591   328   812 E RILD    : Force-exit is required for this thread
06-12 07:27:58.592   328   805 E RILD    : Force-exit is required for this thread
06-12 07:27:58.592   328   805 E RILD    : [L] RX: (M)MISC_CMD (S)MISC_ME_VERSION (T)RESP l:111 m:00 a:00 [ FF 52 38 39 30 54 59 55 42 50 44 32 00 00 00 00 00 00 00 00 00 00 00 00 00 00 00 00 00 00 00 00 00 52 38 39 30 2E 30 32 00 00 00 00 00 00 00 00 00 00 00 00 00 00 00 00 00 00 00 00 00 00 00 00 00 32 30 31 34 2E 30 36 2E 31 37 00 00 00 00 00 00 00 00 00 00 00 00 00 00 00 00 00 00 00 00 00 00 4E 6F 74 20 41 63 74 69 76 65 00 00 00 00 00 00 00 00 00 00 00 00 00 00 00 00 00 00 00 00 00 00 00 00 00 00 00 00 00 00 00 00 00 00 00 00 00 00 00 01 50 3A 64 65 66 61 75 6C 74 20 20 20 20 20 20 20 00 00 00 00 00 00 00 00 00 00 00 00 00 00 00 00 00 00 00 00 00 00 00 00 00 00 00 00 00 00 00 00 00 00 00 00 00 00 00 00 00 00 00 00 00 00 00 00 00 00 00 00 00 00 00 00 00 00 00 00 00 00 00 00 00 00 00 00 00 00 00 00 00 00 00 00 00 00 00 00 00 00 00 00 00 00 00 4D 53 4D 38 39 33 30 41 42 00 00 00 00 00 00 00 ]
06-12 07:27:58.592   328   806 E RILD    : Force-exit is required for this thread
06-12 07:27:58.594   328   813 E RILD    : WriteProperty Property=ril.RildInit, Slot=0, Value=1
06-12 07:27:58.775   270   609 E use-Rlog/RLOG-RIL-QMI: qmuxd: TX message on fd=22, to qmux_client_id=0x0, len=155
06-12 07:27:58.776   328   629 E RILD    : QmiUnsolicitedCallback: msgId(50)
06-12 07:27:58.827   491   518 D TelephonyRegistry: listen oscl: mHasNotifySubscriptionInfoChangedOccurred==false no callback
06-12 07:27:58.864   491   639 D TelephonyRegistry: listen oscl: mHasNotifySubscriptionInfoChangedOccurred==false no callback
06-12 07:27:58.939   491   491 D TelephonyRegistry: listen oscl: mHasNotifySubscriptionInfoChangedOccurred==false no callback
06-12 07:27:59.310   270   609 E use-Rlog/RLOG-RIL-QMI: qmuxd: TX message on fd=22, to qmux_client_id=0x0, len=155
06-12 07:27:59.310   328   629 E RILD    : QmiUnsolicitedCallback: msgId(50)
06-12 07:27:59.348   491   491 D TelephonyRegistry: systemRunning register for intents
06-12 07:27:59.384   270   609 E use-Rlog/RLOG-RIL-QMI: qmuxd: TX message on fd=22, to qmux_client_id=0x0, len=155
06-12 07:27:59.384   328   629 E RILD    : QmiUnsolicitedCallback: msgId(50)
06-12 07:27:59.407   270   609 E use-Rlog/RLOG-RIL-QMI: qmuxd: TX message on fd=22, to qmux_client_id=0x0, len=155
06-12 07:27:59.407   328   629 E RILD    : QmiUnsolicitedCallback: msgId(50)
06-12 07:27:59.608   270   270 E use-Rlog/RLOG-RIL-QMI: qmuxd: added new qmux_client_id=0x1, fd=23, max_fd=23
06-12 07:27:59.610   270   270 E use-Rlog/RLOG-RIL-QMI: qmuxd: RX 968 bytes on fd=23 from qmux_client_id=0x1
06-12 07:27:59.610   270   270 E use-Rlog/RLOG-RIL-QMI: qmuxd: TX message on fd=23, to qmux_client_id=0x1, len=968
06-12 07:27:59.611   270   270 E use-Rlog/RLOG-RIL-QMI: qmuxd: RX 968 bytes on fd=23 from qmux_client_id=0x1
06-12 07:27:59.617   270   609 E use-Rlog/RLOG-RIL-QMI: qmuxd: TX message on fd=23, to qmux_client_id=0x1, len=968
06-12 07:27:59.619   270   270 E use-Rlog/RLOG-RIL-QMI: qmuxd: RX 968 bytes on fd=23 from qmux_client_id=0x1
06-12 07:27:59.619   270   270 E use-Rlog/RLOG-RIL-RAWDATA: qmi_qmux_open_connection: connection is disabled for conn_id=29
06-12 07:27:59.619   270   270 E use-Rlog/RLOG-RIL-RAWDATA: qmi_qmux_tx_msg: failed to open inactive connd_id=29
06-12 07:27:59.619   270   270 E use-Rlog/RLOG-RIL-RAWDATA: qmi_qmux: TX failed, connection inactive or in reset, conn_id=29, status_flags=4
06-12 07:27:59.619   270   270 E use-Rlog/RLOG-RIL-RAWDATA: qmi_ctl_tx_msg: qmi_qmux_tx_msg failed
06-12 07:27:59.619   270   270 E use-Rlog/RLOG-RIL-RAWDATA: qmi_ctl_handle_request: qmi_ctl_tx_msg call failed
06-12 07:27:59.619   270   270 E use-Rlog/RLOG-RIL-QMI: qmuxd: TX message on fd=23, to qmux_client_id=0x1, len=968
06-12 07:27:59.621   270   270 E use-Rlog/RLOG-RIL-QMI: qmuxd: RX 968 bytes on fd=23 from qmux_client_id=0x1
06-12 07:27:59.621   270   270 E use-Rlog/RLOG-RIL-RAWDATA: qmi_qmux_open_connection: connection is disabled for conn_id=29
06-12 07:27:59.621   270   270 E use-Rlog/RLOG-RIL-RAWDATA: qmi_qmux_tx_msg: failed to open inactive connd_id=29
06-12 07:27:59.621   270   270 E use-Rlog/RLOG-RIL-RAWDATA: qmi_qmux: TX failed, connection inactive or in reset, conn_id=29, status_flags=4
06-12 07:27:59.621   270   270 E use-Rlog/RLOG-RIL-RAWDATA: qmi_ctl_tx_msg: qmi_qmux_tx_msg failed
06-12 07:27:59.621   270   270 E use-Rlog/RLOG-RIL-RAWDATA: qmi_ctl_handle_request: qmi_ctl_tx_msg call failed
06-12 07:27:59.621   270   270 E use-Rlog/RLOG-RIL-QMI: qmuxd: TX message on fd=23, to qmux_client_id=0x1, len=968
06-12 07:27:59.623   270   270 E use-Rlog/RLOG-RIL-QMI: qmuxd: RX 968 bytes on fd=23 from qmux_client_id=0x1
06-12 07:27:59.623   270   270 E use-Rlog/RLOG-RIL-RAWDATA: qmi_qmux_open_connection: connection is disabled for conn_id=29
06-12 07:27:59.623   270   270 E use-Rlog/RLOG-RIL-RAWDATA: qmi_qmux_tx_msg: failed to open inactive connd_id=29
06-12 07:27:59.623   270   270 E use-Rlog/RLOG-RIL-RAWDATA: qmi_qmux: TX failed, connection inactive or in reset, conn_id=29, status_flags=4
06-12 07:27:59.623   270   270 E use-Rlog/RLOG-RIL-RAWDATA: qmi_ctl_tx_msg: qmi_qmux_tx_msg failed
06-12 07:27:59.623   270   270 E use-Rlog/RLOG-RIL-RAWDATA: qmi_ctl_handle_request: qmi_ctl_tx_msg call failed
06-12 07:27:59.623   270   270 E use-Rlog/RLOG-RIL-QMI: qmuxd: TX message on fd=23, to qmux_client_id=0x1, len=968
06-12 07:27:59.623   270   270 E use-Rlog/RLOG-RIL-QMI: qmuxd: RX 968 bytes on fd=23 from qmux_client_id=0x1
06-12 07:27:59.623   270   270 E use-Rlog/RLOG-RIL-RAWDATA: qmi_qmux_open_connection: connection is disabled for conn_id=48
06-12 07:27:59.623   270   270 E use-Rlog/RLOG-RIL-RAWDATA: qmi_qmux_tx_msg: failed to open inactive connd_id=48
06-12 07:27:59.623   270   270 E use-Rlog/RLOG-RIL-RAWDATA: qmi_qmux: TX failed, connection inactive or in reset, conn_id=48, status_flags=4
06-12 07:27:59.623   270   270 E use-Rlog/RLOG-RIL-RAWDATA: qmi_ctl_tx_msg: qmi_qmux_tx_msg failed
06-12 07:27:59.623   270   270 E use-Rlog/RLOG-RIL-RAWDATA: qmi_ctl_handle_request: qmi_ctl_tx_msg call failed
06-12 07:27:59.623   270   270 E use-Rlog/RLOG-RIL-QMI: qmuxd: TX message on fd=23, to qmux_client_id=0x1, len=968
06-12 07:27:59.624   270   270 E use-Rlog/RLOG-RIL-QMI: qmuxd: RX 968 bytes on fd=23 from qmux_client_id=0x1
06-12 07:27:59.624   270   270 E use-Rlog/RLOG-RIL-RAWDATA: qmi_qmux_open_connection: connection is disabled for conn_id=48
06-12 07:27:59.624   270   270 E use-Rlog/RLOG-RIL-RAWDATA: qmi_qmux_tx_msg: failed to open inactive connd_id=48
06-12 07:27:59.624   270   270 E use-Rlog/RLOG-RIL-RAWDATA: qmi_qmux: TX failed, connection inactive or in reset, conn_id=48, status_flags=4
06-12 07:27:59.624   270   270 E use-Rlog/RLOG-RIL-RAWDATA: qmi_ctl_tx_msg: qmi_qmux_tx_msg failed
06-12 07:27:59.624   270   270 E use-Rlog/RLOG-RIL-RAWDATA: qmi_ctl_handle_request: qmi_ctl_tx_msg call failed
06-12 07:27:59.624   270   270 E use-Rlog/RLOG-RIL-QMI: qmuxd: TX message on fd=23, to qmux_client_id=0x1, len=968
06-12 07:27:59.625   270   270 E use-Rlog/RLOG-RIL-QMI: qmuxd: RX 968 bytes on fd=23 from qmux_client_id=0x1
06-12 07:27:59.625   270   270 E use-Rlog/RLOG-RIL-RAWDATA: qmi_qmux_open_connection: connection is disabled for conn_id=57
06-12 07:27:59.625   270   270 E use-Rlog/RLOG-RIL-RAWDATA: qmi_qmux_tx_msg: failed to open inactive connd_id=57
06-12 07:27:59.625   270   270 E use-Rlog/RLOG-RIL-RAWDATA: qmi_qmux: TX failed, connection inactive or in reset, conn_id=57, status_flags=4
06-12 07:27:59.625   270   270 E use-Rlog/RLOG-RIL-RAWDATA: qmi_ctl_tx_msg: qmi_qmux_tx_msg failed
06-12 07:27:59.625   270   270 E use-Rlog/RLOG-RIL-RAWDATA: qmi_ctl_handle_request: qmi_ctl_tx_msg call failed
06-12 07:27:59.625   270   270 E use-Rlog/RLOG-RIL-QMI: qmuxd: TX message on fd=23, to qmux_client_id=0x1, len=968
06-12 07:27:59.625   270   270 E use-Rlog/RLOG-RIL-QMI: qmuxd: RX 968 bytes on fd=23 from qmux_client_id=0x1
06-12 07:27:59.625   270   270 E use-Rlog/RLOG-RIL-RAWDATA: qmi_qmux_open_connection: connection is disabled for conn_id=57
06-12 07:27:59.625   270   270 E use-Rlog/RLOG-RIL-RAWDATA: qmi_qmux_tx_msg: failed to open inactive connd_id=57
06-12 07:27:59.625   270   270 E use-Rlog/RLOG-RIL-RAWDATA: qmi_qmux: TX failed, connection inactive or in reset, conn_id=57, status_flags=4
06-12 07:27:59.625   270   270 E use-Rlog/RLOG-RIL-RAWDATA: qmi_ctl_tx_msg: qmi_qmux_tx_msg failed
06-12 07:27:59.625   270   270 E use-Rlog/RLOG-RIL-RAWDATA: qmi_ctl_handle_request: qmi_ctl_tx_msg call failed
06-12 07:27:59.625   270   270 E use-Rlog/RLOG-RIL-QMI: qmuxd: TX message on fd=23, to qmux_client_id=0x1, len=968
06-12 07:27:59.626   270   270 E use-Rlog/RLOG-RIL-QMI: qmuxd: RX 968 bytes on fd=23 from qmux_client_id=0x1
06-12 07:27:59.626   270   270 E use-Rlog/RLOG-RIL-RAWDATA: qmi_qmux_open_connection: connection is disabled for conn_id=29
06-12 07:27:59.626   270   270 E use-Rlog/RLOG-RIL-RAWDATA: qmi_qmux_tx_msg: failed to open inactive connd_id=29
06-12 07:27:59.626   270   270 E use-Rlog/RLOG-RIL-RAWDATA: qmi_qmux: TX failed, connection inactive or in reset, conn_id=29, status_flags=4
06-12 07:27:59.626   270   270 E use-Rlog/RLOG-RIL-RAWDATA: qmi_ctl_tx_msg: qmi_qmux_tx_msg failed
06-12 07:27:59.626   270   270 E use-Rlog/RLOG-RIL-RAWDATA: qmi_ctl_handle_request: qmi_ctl_tx_msg call failed
06-12 07:27:59.626   270   270 E use-Rlog/RLOG-RIL-QMI: qmuxd: TX message on fd=23, to qmux_client_id=0x1, len=968
06-12 07:27:59.626   270   270 E use-Rlog/RLOG-RIL-QMI: qmuxd: RX 968 bytes on fd=23 from qmux_client_id=0x1
06-12 07:27:59.626   270   270 E use-Rlog/RLOG-RIL-RAWDATA: qmi_qmux_open_connection: connection is disabled for conn_id=29
06-12 07:27:59.626   270   270 E use-Rlog/RLOG-RIL-RAWDATA: qmi_qmux_tx_msg: failed to open inactive connd_id=29
06-12 07:27:59.626   270   270 E use-Rlog/RLOG-RIL-RAWDATA: qmi_qmux: TX failed, connection inactive or in reset, conn_id=29, status_flags=4
06-12 07:27:59.626   270   270 E use-Rlog/RLOG-RIL-RAWDATA: qmi_ctl_tx_msg: qmi_qmux_tx_msg failed
06-12 07:27:59.626   270   270 E use-Rlog/RLOG-RIL-RAWDATA: qmi_ctl_handle_request: qmi_ctl_tx_msg call failed
06-12 07:27:59.626   270   270 E use-Rlog/RLOG-RIL-QMI: qmuxd: TX message on fd=23, to qmux_client_id=0x1, len=968
06-12 07:27:59.627   270   270 E use-Rlog/RLOG-RIL-QMI: qmuxd: RX 968 bytes on fd=23 from qmux_client_id=0x1
06-12 07:27:59.627   270   270 E use-Rlog/RLOG-RIL-RAWDATA: qmi_qmux_open_connection: connection is disabled for conn_id=48
06-12 07:27:59.627   270   270 E use-Rlog/RLOG-RIL-RAWDATA: qmi_qmux_tx_msg: failed to open inactive connd_id=48
06-12 07:27:59.627   270   270 E use-Rlog/RLOG-RIL-RAWDATA: qmi_qmux: TX failed, connection inactive or in reset, conn_id=48, status_flags=4
06-12 07:27:59.627   270   270 E use-Rlog/RLOG-RIL-RAWDATA: qmi_ctl_tx_msg: qmi_qmux_tx_msg failed
06-12 07:27:59.627   270   270 E use-Rlog/RLOG-RIL-RAWDATA: qmi_ctl_handle_request: qmi_ctl_tx_msg call failed
06-12 07:27:59.627   270   270 E use-Rlog/RLOG-RIL-QMI: qmuxd: TX message on fd=23, to qmux_client_id=0x1, len=968
06-12 07:27:59.629   270   270 E use-Rlog/RLOG-RIL-QMI: qmuxd: RX 968 bytes on fd=23 from qmux_client_id=0x1
06-12 07:27:59.629   270   270 E use-Rlog/RLOG-RIL-RAWDATA: qmi_qmux_open_connection: connection is disabled for conn_id=48
06-12 07:27:59.629   270   270 E use-Rlog/RLOG-RIL-RAWDATA: qmi_qmux_tx_msg: failed to open inactive connd_id=48
06-12 07:27:59.629   270   270 E use-Rlog/RLOG-RIL-RAWDATA: qmi_qmux: TX failed, connection inactive or in reset, conn_id=48, status_flags=4
06-12 07:27:59.629   270   270 E use-Rlog/RLOG-RIL-RAWDATA: qmi_ctl_tx_msg: qmi_qmux_tx_msg failed
06-12 07:27:59.629   270   270 E use-Rlog/RLOG-RIL-RAWDATA: qmi_ctl_handle_request: qmi_ctl_tx_msg call failed
06-12 07:27:59.629   270   270 E use-Rlog/RLOG-RIL-QMI: qmuxd: TX message on fd=23, to qmux_client_id=0x1, len=968
06-12 07:27:59.629   270   270 E use-Rlog/RLOG-RIL-QMI: qmuxd: RX 968 bytes on fd=23 from qmux_client_id=0x1
06-12 07:27:59.629   270   270 E use-Rlog/RLOG-RIL-RAWDATA: qmi_qmux_open_connection: connection is disabled for conn_id=57
06-12 07:27:59.630   270   270 E use-Rlog/RLOG-RIL-RAWDATA: qmi_qmux_tx_msg: failed to open inactive connd_id=57
06-12 07:27:59.630   270   270 E use-Rlog/RLOG-RIL-RAWDATA: qmi_qmux: TX failed, connection inactive or in reset, conn_id=57, status_flags=4
06-12 07:27:59.630   270   270 E use-Rlog/RLOG-RIL-RAWDATA: qmi_ctl_tx_msg: qmi_qmux_tx_msg failed
06-12 07:27:59.630   270   270 E use-Rlog/RLOG-RIL-RAWDATA: qmi_ctl_handle_request: qmi_ctl_tx_msg call failed
06-12 07:27:59.630   270   270 E use-Rlog/RLOG-RIL-QMI: qmuxd: TX message on fd=23, to qmux_client_id=0x1, len=968
06-12 07:27:59.630   270   270 E use-Rlog/RLOG-RIL-QMI: qmuxd: RX 968 bytes on fd=23 from qmux_client_id=0x1
06-12 07:27:59.630   270   270 E use-Rlog/RLOG-RIL-RAWDATA: qmi_qmux_open_connection: connection is disabled for conn_id=57
06-12 07:27:59.631   270   270 E use-Rlog/RLOG-RIL-RAWDATA: qmi_qmux_tx_msg: failed to open inactive connd_id=57
06-12 07:27:59.631   270   270 E use-Rlog/RLOG-RIL-RAWDATA: qmi_qmux: TX failed, connection inactive or in reset, conn_id=57, status_flags=4
06-12 07:27:59.631   270   270 E use-Rlog/RLOG-RIL-RAWDATA: qmi_ctl_tx_msg: qmi_qmux_tx_msg failed
06-12 07:27:59.631   270   270 E use-Rlog/RLOG-RIL-RAWDATA: qmi_ctl_handle_request: qmi_ctl_tx_msg call failed
06-12 07:27:59.631   270   270 E use-Rlog/RLOG-RIL-QMI: qmuxd: TX message on fd=23, to qmux_client_id=0x1, len=968
06-12 07:27:59.638   270   270 E use-Rlog/RLOG-RIL-QMI: qmuxd: RX 968 bytes on fd=23 from qmux_client_id=0x1
06-12 07:27:59.638   270   270 E use-Rlog/RLOG-RIL-RAWDATA: qmi_qmux_open_connection: connection is disabled for conn_id=29
06-12 07:27:59.638   270   270 E use-Rlog/RLOG-RIL-RAWDATA: qmi_qmux_tx_msg: failed to open inactive connd_id=29
06-12 07:27:59.638   270   270 E use-Rlog/RLOG-RIL-RAWDATA: qmi_qmux: TX failed, connection inactive or in reset, conn_id=29, status_flags=4
06-12 07:27:59.638   270   270 E use-Rlog/RLOG-RIL-RAWDATA: qmi_ctl_tx_msg: qmi_qmux_tx_msg failed
06-12 07:27:59.638   270   270 E use-Rlog/RLOG-RIL-RAWDATA: qmi_ctl_handle_request: qmi_ctl_tx_msg call failed
06-12 07:27:59.638   270   270 E use-Rlog/RLOG-RIL-QMI: qmuxd: TX message on fd=23, to qmux_client_id=0x1, len=968
06-12 07:27:59.643   270   270 E use-Rlog/RLOG-RIL-QMI: qmuxd: RX 968 bytes on fd=23 from qmux_client_id=0x1
06-12 07:27:59.643   270   270 E use-Rlog/RLOG-RIL-RAWDATA: qmi_qmux_open_connection: connection is disabled for conn_id=29
06-12 07:27:59.643   270   270 E use-Rlog/RLOG-RIL-RAWDATA: qmi_qmux_tx_msg: failed to open inactive connd_id=29
06-12 07:27:59.643   270   270 E use-Rlog/RLOG-RIL-RAWDATA: qmi_qmux: TX failed, connection inactive or in reset, conn_id=29, status_flags=4
06-12 07:27:59.643   270   270 E use-Rlog/RLOG-RIL-RAWDATA: qmi_ctl_tx_msg: qmi_qmux_tx_msg failed
06-12 07:27:59.643   270   270 E use-Rlog/RLOG-RIL-RAWDATA: qmi_ctl_handle_request: qmi_ctl_tx_msg call failed
06-12 07:27:59.643   270   270 E use-Rlog/RLOG-RIL-QMI: qmuxd: TX message on fd=23, to qmux_client_id=0x1, len=968
06-12 07:27:59.643   270   270 E use-Rlog/RLOG-RIL-QMI: qmuxd: RX 968 bytes on fd=23 from qmux_client_id=0x1
06-12 07:27:59.643   270   270 E use-Rlog/RLOG-RIL-RAWDATA: qmi_qmux_open_connection: connection is disabled for conn_id=48
06-12 07:27:59.643   270   270 E use-Rlog/RLOG-RIL-RAWDATA: qmi_qmux_tx_msg: failed to open inactive connd_id=48
06-12 07:27:59.643   270   270 E use-Rlog/RLOG-RIL-RAWDATA: qmi_qmux: TX failed, connection inactive or in reset, conn_id=48, status_flags=4
06-12 07:27:59.643   270   270 E use-Rlog/RLOG-RIL-RAWDATA: qmi_ctl_tx_msg: qmi_qmux_tx_msg failed
06-12 07:27:59.643   270   270 E use-Rlog/RLOG-RIL-RAWDATA: qmi_ctl_handle_request: qmi_ctl_tx_msg call failed
06-12 07:27:59.643   270   270 E use-Rlog/RLOG-RIL-QMI: qmuxd: RX 968 bytes on fd=23 from qmux_client_id=0x1
06-12 07:27:59.643   270   270 E use-Rlog/RLOG-RIL-RAWDATA: qmi_qmux_open_connection: connection is disabled for conn_id=48
06-12 07:27:59.643   270   270 E use-Rlog/RLOG-RIL-RAWDATA: qmi_qmux_tx_msg: failed to open inactive connd_id=48
06-12 07:27:59.643   270   270 E use-Rlog/RLOG-RIL-RAWDATA: qmi_qmux: TX failed, connection inactive or in reset, conn_id=48, status_flags=4
06-12 07:27:59.643   270   270 E use-Rlog/RLOG-RIL-RAWDATA: qmi_ctl_tx_msg: qmi_qmux_tx_msg failed
06-12 07:27:59.643   270   270 E use-Rlog/RLOG-RIL-RAWDATA: qmi_ctl_handle_request: qmi_ctl_tx_msg call failed
06-12 07:27:59.643   270   270 E use-Rlog/RLOG-RIL-QMI: qmuxd: TX message on fd=23, to qmux_client_id=0x1, len=968
06-12 07:27:59.643   270   270 E use-Rlog/RLOG-RIL-QMI: qmuxd: RX 968 bytes on fd=23 from qmux_client_id=0x1
06-12 07:27:59.643   270   270 E use-Rlog/RLOG-RIL-RAWDATA: qmi_qmux_tx_msg: failed to open inactive connd_id=57
06-12 07:27:59.643   270   270 E use-Rlog/RLOG-RIL-RAWDATA: qmi_qmux: TX failed, connection inactive or in reset, conn_id=57, status_flags=4
06-12 07:27:59.643   270   270 E use-Rlog/RLOG-RIL-RAWDATA: qmi_ctl_tx_msg: qmi_qmux_tx_msg failed
06-12 07:27:59.644   270   270 E use-Rlog/RLOG-RIL-RAWDATA: qmi_ctl_handle_request: qmi_ctl_tx_msg call failed
06-12 07:27:59.644   270   270 E use-Rlog/RLOG-RIL-QMI: qmuxd: TX message on fd=23, to qmux_client_id=0x1, len=968
06-12 07:27:59.644   270   270 E use-Rlog/RLOG-RIL-QMI: qmuxd: RX 968 bytes on fd=23 from qmux_client_id=0x1
06-12 07:27:59.644   270   270 E use-Rlog/RLOG-RIL-RAWDATA: qmi_qmux_open_connection: connection is disabled for conn_id=57
06-12 07:27:59.644   270   270 E use-Rlog/RLOG-RIL-RAWDATA: qmi_qmux_tx_msg: failed to open inactive connd_id=57
06-12 07:27:59.644   270   270 E use-Rlog/RLOG-RIL-RAWDATA: qmi_qmux: TX failed, connection inactive or in reset, conn_id=57, status_flags=4
06-12 07:27:59.644   270   270 E use-Rlog/RLOG-RIL-RAWDATA: qmi_ctl_tx_msg: qmi_qmux_tx_msg failed
06-12 07:27:59.644   270   270 E use-Rlog/RLOG-RIL-RAWDATA: qmi_ctl_handle_request: qmi_ctl_tx_msg call failed
06-12 07:27:59.644   270   270 E use-Rlog/RLOG-RIL-QMI: qmuxd: TX message on fd=23, to qmux_client_id=0x1, len=968
06-12 07:27:59.645   270   270 E use-Rlog/RLOG-RIL-QMI: qmuxd: RX 968 bytes on fd=23 from qmux_client_id=0x1
06-12 07:27:59.645   270   270 E use-Rlog/RLOG-RIL-RAWDATA: qmi_qmux_open_connection: connection is disabled for conn_id=29
06-12 07:27:59.645   270   270 E use-Rlog/RLOG-RIL-RAWDATA: qmi_qmux_tx_msg: failed to open inactive connd_id=29
06-12 07:27:59.645   270   270 E use-Rlog/RLOG-RIL-RAWDATA: qmi_qmux: TX failed, connection inactive or in reset, conn_id=29, status_flags=4
06-12 07:27:59.645   270   270 E use-Rlog/RLOG-RIL-RAWDATA: qmi_ctl_tx_msg: qmi_qmux_tx_msg failed
06-12 07:27:59.646   270   270 E use-Rlog/RLOG-RIL-RAWDATA: qmi_ctl_handle_request: qmi_ctl_tx_msg call failed
06-12 07:27:59.646   270   270 E use-Rlog/RLOG-RIL-QMI: qmuxd: TX message on fd=23, to qmux_client_id=0x1, len=968
06-12 07:27:59.650   270   270 E use-Rlog/RLOG-RIL-QMI: qmuxd: RX 968 bytes on fd=23 from qmux_client_id=0x1
06-12 07:27:59.650   270   270 E use-Rlog/RLOG-RIL-RAWDATA: qmi_qmux_open_connection: connection is disabled for conn_id=29
06-12 07:27:59.650   270   270 E use-Rlog/RLOG-RIL-RAWDATA: qmi_qmux_tx_msg: failed to open inactive connd_id=29
06-12 07:27:59.650   270   270 E use-Rlog/RLOG-RIL-RAWDATA: qmi_qmux: TX failed, connection inactive or in reset, conn_id=29, status_flags=4
06-12 07:27:59.650   270   270 E use-Rlog/RLOG-RIL-RAWDATA: qmi_ctl_tx_msg: qmi_qmux_tx_msg failed
06-12 07:27:59.650   270   270 E use-Rlog/RLOG-RIL-RAWDATA: qmi_ctl_handle_request: qmi_ctl_tx_msg call failed
06-12 07:27:59.650   270   270 E use-Rlog/RLOG-RIL-QMI: qmuxd: TX message on fd=23, to qmux_client_id=0x1, len=968
06-12 07:27:59.651   270   270 E use-Rlog/RLOG-RIL-QMI: qmuxd: RX 968 bytes on fd=23 from qmux_client_id=0x1
06-12 07:27:59.651   270   270 E use-Rlog/RLOG-RIL-RAWDATA: qmi_qmux_open_connection: connection is disabled for conn_id=48
06-12 07:27:59.651   270   270 E use-Rlog/RLOG-RIL-RAWDATA: qmi_qmux_tx_msg: failed to open inactive connd_id=48
06-12 07:27:59.651   270   270 E use-Rlog/RLOG-RIL-RAWDATA: qmi_qmux: TX failed, connection inactive or in reset, conn_id=48, status_flags=4
06-12 07:27:59.651   270   270 E use-Rlog/RLOG-RIL-RAWDATA: qmi_ctl_tx_msg: qmi_qmux_tx_msg failed
06-12 07:27:59.651   270   270 E use-Rlog/RLOG-RIL-RAWDATA: qmi_ctl_handle_request: qmi_ctl_tx_msg call failed
06-12 07:27:59.651   270   270 E use-Rlog/RLOG-RIL-QMI: qmuxd: TX message on fd=23, to qmux_client_id=0x1, len=968
06-12 07:27:59.651   270   270 E use-Rlog/RLOG-RIL-QMI: qmuxd: RX 968 bytes on fd=23 from qmux_client_id=0x1
06-12 07:27:59.651   270   270 E use-Rlog/RLOG-RIL-RAWDATA: qmi_qmux_open_connection: connection is disabled for conn_id=48
06-12 07:27:59.651   270   270 E use-Rlog/RLOG-RIL-RAWDATA: qmi_qmux_tx_msg: failed to open inactive connd_id=48
06-12 07:27:59.651   270   270 E use-Rlog/RLOG-RIL-RAWDATA: qmi_qmux: TX failed, connection inactive or in reset, conn_id=48, status_flags=4
06-12 07:27:59.651   270   270 E use-Rlog/RLOG-RIL-RAWDATA: qmi_ctl_tx_msg: qmi_qmux_tx_msg failed
06-12 07:27:59.651   270   270 E use-Rlog/RLOG-RIL-RAWDATA: qmi_ctl_handle_request: qmi_ctl_tx_msg call failed
06-12 07:27:59.651   270   270 E use-Rlog/RLOG-RIL-QMI: qmuxd: TX message on fd=23, to qmux_client_id=0x1, len=968
06-12 07:27:59.651   270   270 E use-Rlog/RLOG-RIL-QMI: qmuxd: RX 968 bytes on fd=23 from qmux_client_id=0x1
06-12 07:27:59.651   270   270 E use-Rlog/RLOG-RIL-RAWDATA: qmi_qmux_open_connection: connection is disabled for conn_id=57
06-12 07:27:59.651   270   270 E use-Rlog/RLOG-RIL-RAWDATA: qmi_qmux_tx_msg: failed to open inactive connd_id=57
06-12 07:27:59.651   270   270 E use-Rlog/RLOG-RIL-RAWDATA: qmi_qmux: TX failed, connection inactive or in reset, conn_id=57, status_flags=4
06-12 07:27:59.651   270   270 E use-Rlog/RLOG-RIL-RAWDATA: qmi_ctl_tx_msg: qmi_qmux_tx_msg failed
06-12 07:27:59.651   270   270 E use-Rlog/RLOG-RIL-RAWDATA: qmi_ctl_handle_request: qmi_ctl_tx_msg call failed
06-12 07:27:59.651   270   270 E use-Rlog/RLOG-RIL-QMI: qmuxd: TX message on fd=23, to qmux_client_id=0x1, len=968
06-12 07:27:59.651   270   270 E use-Rlog/RLOG-RIL-QMI: qmuxd: RX 968 bytes on fd=23 from qmux_client_id=0x1
06-12 07:27:59.651   270   270 E use-Rlog/RLOG-RIL-RAWDATA: qmi_qmux_open_connection: connection is disabled for conn_id=57
06-12 07:27:59.651   270   270 E use-Rlog/RLOG-RIL-RAWDATA: qmi_qmux_tx_msg: failed to open inactive connd_id=57
06-12 07:27:59.651   270   270 E use-Rlog/RLOG-RIL-RAWDATA: qmi_qmux: TX failed, connection inactive or in reset, conn_id=57, status_flags=4
06-12 07:27:59.651   270   270 E use-Rlog/RLOG-RIL-RAWDATA: qmi_ctl_tx_msg: qmi_qmux_tx_msg failed
06-12 07:27:59.651   270   270 E use-Rlog/RLOG-RIL-RAWDATA: qmi_ctl_handle_request: qmi_ctl_tx_msg call failed
06-12 07:27:59.651   270   270 E use-Rlog/RLOG-RIL-QMI: qmuxd: TX message on fd=23, to qmux_client_id=0x1, len=968
06-12 07:27:59.652   270   270 E use-Rlog/RLOG-RIL-QMI: qmuxd: RX 968 bytes on fd=23 from qmux_client_id=0x1
06-12 07:27:59.652   270   270 E use-Rlog/RLOG-RIL-QMI: qmuxd: TX message on fd=23, to qmux_client_id=0x1, len=968
06-12 07:27:59.652   251   916 E use-Rlog/RLOG-RIL-QMI: qmi_client [251] 1: Client release, writing pipe to kill read thread, fd = 9
06-12 07:27:59.652   251   917 E use-Rlog/RLOG-RIL-QMI: qmi_client [251] 1: failed to locate client data
06-12 07:27:59.652   251   916 E use-Rlog/RLOG-RIL-QMI: qmi_client [251] 1: calling release of fd=7
06-12 07:27:59.652   270   270 E use-Rlog/RLOG-RIL-QMI: qmuxd: RX on fd=23 returned error=0 errno[2:No such file or directory]
06-12 07:27:59.652   270   270 E use-Rlog/RLOG-RIL-RAWDATA: QMUX qmux_client_id=1 not found in qmux client list, unable to remove
06-12 07:28:00.433   905   905 D TelephonyComponentFactory: validated paths: null
06-12 07:28:00.433   905   905 D TelephonyComponentFactory: Total components injected: 0
06-12 07:28:00.434   905   905 D TDC     : updateOrInsert: inserting: Modem { uuid=modem, state=0, rilModel=0, rat={}, maxActiveVoiceCall=1, maxActiveDataCall=1, maxStandby=1 }
06-12 07:28:00.434   905   905 D TDC     : updateOrInsert: inserting: Sim { uuid=sim, modemUuid=modem, state=0 }
06-12 07:28:00.436   905   905 D CdmaSSM : subscriptionSource from settings: 0
06-12 07:28:00.436   905   905 I PhoneFactory: Cdma Subscription set to 0
06-12 07:28:00.437   905   905 I PhoneFactory: Network Mode set to 8
06-12 07:28:00.437   905   905 D TelephonyComponentFactory: makeRIL
06-12 07:28:00.442   905   905 D RILJ    : RIL: init preferredNetworkType=8 cdmaSubscription=0) [SUBnull]
06-12 07:28:00.478   328   328 D RILC    : setResponseFunctions
06-12 07:28:00.484   328   328 D RILC    : rilConnectedInd
06-12 07:28:00.484   328   328 D RILC    : radioStateChangedInd: radioState 0
06-12 07:28:00.484   328   328 I RILC    : RIL Daemon version: Samsung RIL v3.0
06-12 07:28:00.486   905   968 D RILJ    : [UNSL]< UNSOL_RIL_CONNECTED [SUB0]
06-12 07:28:00.521   905   905 D RILJ    : [0000]> GET_HARDWARE_CONFIG [SUB0]
06-12 07:28:00.521   328   328 E RILD    : unknown request -1
06-12 07:28:00.526   905   968 D RILJ    : [0001]> RADIO_POWER on = false [SUB0]
06-12 07:28:00.526   328   328 D RILC    : setRadioPower: serial 1 on 0
06-12 07:28:00.527   328   328 E RILD    : IsRegisteredNetworkType(): netType[1]  feature[00] state[0] 
06-12 07:28:00.527   328   787 E RILD    : DoRouteIn - FW reqId : 23
06-12 07:28:00.527   328   787 E RILD    : DoRouteOut - FW reqId : 23
06-12 07:28:00.527   328   786 E RILD    : CLP-MGR: evt(100)
06-12 07:28:00.527   328   786 E RILD    : DoRadioPower(): current mPowerState 2
06-12 07:28:00.527   328   786 D RILC    : setRadioPowerResponse: serial 1
06-12 07:28:00.528   905   905 D RILJ    : Radio HAL version: 1.1 [SUB0]
06-12 07:28:00.528   905   905 D UiccController: Creating UiccController
06-12 07:28:00.528   905   905 D UiccController: config_num_physical_slots = 1
06-12 07:28:00.529   905   968 D RILJ    : [0002]> RIL_REQUEST_CDMA_SET_SUBSCRIPTION_SOURCE cdmaSubscription = 0 [SUB0]
06-12 07:28:00.530   905   968 D RILJ    : [0000]< GET_HARDWARE_CONFIG error 6 [SUB0]
06-12 07:28:00.530   905   968 D RilRequest: [0000]< GET_HARDWARE_CONFIG error: com.android.internal.telephony.CommandException: REQUEST_NOT_SUPPORTED ret= 
06-12 07:28:00.531   328   328 E RILD    : IsRegisteredNetworkType(): netType[1]  feature[00] state[0] 
06-12 07:28:00.532   905   968 D RILJ    : [UNSL]< UNSOL_RESPONSE_RADIO_STATE_CHANGED radioStateChanged: 0 [SUB0]
06-12 07:28:00.535   905   968 D RILJ    : [0001]< RADIO_POWER  [SUB0]
06-12 07:28:00.535   905   968 D RILJ    : [0002]< RIL_REQUEST_CDMA_SET_SUBSCRIPTION_SOURCE error 1 [SUB0]
06-12 07:28:00.535   905   968 D RilRequest: [0002]< RIL_REQUEST_CDMA_SET_SUBSCRIPTION_SOURCE error: com.android.internal.telephony.CommandException: RADIO_NOT_AVAILABLE ret=
06-12 07:28:00.624   905   905 I PhoneFactory: Creating SubscriptionController
06-12 07:28:00.625   905   905 I TelephonyComponentFactory: initSubscriptionController
06-12 07:28:00.706   905   905 D SubscriptionController: [SubscriptionController] init by Context
06-12 07:28:00.710   905   905 I TelephonyComponentFactory:  initMultiSimSettingController 
06-12 07:28:00.712   905   905 I TelephonyComponentFactory: makePhone
06-12 07:28:00.715   905   905 D Phone   : mDoesRilSendMultipleCallRing=false
06-12 07:28:00.715   905   905 D Phone   : mCallRingDelay=3000
06-12 07:28:00.715   905   905 D TelephonyComponentFactory: makeSmsStorageMonitor
06-12 07:28:00.718   905   905 D TelephonyComponentFactory: makeSmsUsageMonitor
06-12 07:28:00.736   905   905 D RILJ    : [0003]> RIL_REQUEST_START_LCE reportIntervalMs = 200 pullMode = true [SUB0]
06-12 07:28:00.736   328   328 E RILD    : unknown request -1
06-12 07:28:00.736   328   328 E RILC    : Invalid response: NULL
06-12 07:28:00.737   905   968 D RILJ    : [0003]< RIL_REQUEST_START_LCE error 6 [SUB0]
06-12 07:28:00.737   905   968 D RilRequest: [0003]< RIL_REQUEST_START_LCE error: com.android.internal.telephony.CommandException: REQUEST_NOT_SUPPORTED ret=[0, 0]
06-12 07:28:00.740   905   905 D TelephonyComponentFactory: makeGsmCdmaCallTracker
06-12 07:28:00.743   905   905 D TelephonyComponentFactory: makeIccPhoneBookInterfaceManager
06-12 07:28:00.743   905   905 D TelephonyComponentFactory: makeIccSmsInterfaceManager
06-12 07:28:00.743   905   905 D SmsDispatchersController: SmsDispatchersController created
06-12 07:28:00.755   905   905 E ImsSmsDispacher: Failed to get sms format. Error: getSmsFormat()
06-12 07:28:00.755   905   905 D SMSDispatcher: SMSDispatcher: ctor mSmsCapable=true format=unknown mSmsSendDisabled=false
06-12 07:28:00.763   905   905 D SMSDispatcher: SMSDispatcher: ctor mSmsCapable=true format=3gpp2 mSmsSendDisabled=false
06-12 07:28:00.765   905   905 D CdmaSMSDispatcher: CdmaSMSDispatcher created
06-12 07:28:00.820   905   905 D TelephonyComponentFactory: getIDeviceIdleController
06-12 07:28:00.824   905   905 D TelephonyComponentFactory: getIDeviceIdleController
06-12 07:28:00.825   905   905 D GsmInboundSmsHandler: created InboundSmsHandler
06-12 07:28:00.825   905   989 D GsmInboundSmsHandler: entering Startup state
06-12 07:28:00.864   905   905 D TelephonyComponentFactory: getIDeviceIdleController
06-12 07:28:00.868   905   905 D TelephonyComponentFactory: getIDeviceIdleController
06-12 07:28:00.868   905   905 D CdmaInboundSmsHandler: created InboundSmsHandler
06-12 07:28:00.900   905   905 D SMSDispatcher: SMSDispatcher: ctor mSmsCapable=true format=3gpp mSmsSendDisabled=false
06-12 07:28:00.901   905   905 D GsmSMSDispatcher: GsmSMSDispatcher created
06-12 07:28:00.904   905   989 D GsmInboundSmsHandler: StartupState.processMessage:6
06-12 07:28:00.904   905   989 D GsmInboundSmsHandler: entering Idle state
06-12 07:28:00.904   905   989 D GsmInboundSmsHandler: IdleState.processMessage:5
06-12 07:28:00.904   905   989 D GsmInboundSmsHandler: Idle state processing message type 5
06-12 07:28:00.905   905   989 D GsmInboundSmsHandler: mWakeLock released
06-12 07:28:00.909   905   905 D TelephonyComponentFactory: getCdmaSubscriptionSourceManagerInstance
06-12 07:28:00.909   905   905 D CdmaSSM : subscriptionSource from settings: 0
06-12 07:28:00.909   905   905 D CdmaSSM : cdmaSSM constructor: 0
06-12 07:28:00.911   905  1001 D CdmaInboundSmsHandler: entering Startup state
06-12 07:28:00.911   905  1001 D CdmaInboundSmsHandler: StartupState.processMessage:6
06-12 07:28:00.911   905  1001 D CdmaInboundSmsHandler: entering Idle state
06-12 07:28:00.911   905  1001 D CdmaInboundSmsHandler: IdleState.processMessage:5
06-12 07:28:00.911   905  1001 D CdmaInboundSmsHandler: Idle state processing message type 5
06-12 07:28:00.913   905   905 D GsmCdmaPhone: [0] Precise phone type 6
06-12 07:28:00.913   905   905 D CdmaSSM : getcdmasubscriptionSource: 0
06-12 07:28:00.913   905   905 D RILJ    : setPhoneType=2 old value=0 [SUB0]
06-12 07:28:00.915   905  1001 D CdmaInboundSmsHandler: mWakeLock released
06-12 07:28:00.916   905   905 D GsmCdmaPhone: [0] init: operatorAlpha='U.S. Cellular' operatorNumeric='311580'
06-12 07:28:00.916   905   905 D GsmCdmaPhone: [0] init: set 'gsm.sim.operator.alpha' to operator='U.S. Cellular'
06-12 07:28:00.919   905   905 D GsmCdmaPhone: [0] init: set 'gsm.sim.operator.numeric' to operator='311580'
06-12 07:28:00.919   905   905 D GsmCdmaPhone: [0] update icc_operator_numeric=311580
06-12 07:28:00.922   905   905 D SubscriptionController: LINEAGE_DEBUG [setMccMnc] - invalid subId, bailing out
06-12 07:28:00.923   905   905 D GsmCdmaPhone: [0] setIsoCountryProperty: set 'gsm.sim.operator.iso-country' to iso=us
06-12 07:28:00.924   905   905 D SubscriptionController: [setCountryIso]+ iso:us subId:-1
06-12 07:28:01.615   270   270 E use-Rlog/RLOG-RIL-QMI: qmuxd: added new qmux_client_id=0x2, fd=23, max_fd=23
06-12 07:28:01.622   270   270 E use-Rlog/RLOG-RIL-QMI: qmuxd: RX 968 bytes on fd=23 from qmux_client_id=0x2
06-12 07:28:01.622   270   270 E use-Rlog/RLOG-RIL-QMI: qmuxd: TX message on fd=23, to qmux_client_id=0x2, len=968
06-12 07:28:01.637   270   270 E use-Rlog/RLOG-RIL-QMI: qmuxd: RX 968 bytes on fd=23 from qmux_client_id=0x2
06-12 07:28:01.641   270   609 E use-Rlog/RLOG-RIL-QMI: qmuxd: TX message on fd=23, to qmux_client_id=0x2, len=968
06-12 07:28:01.692  1073  1073 E use-Rlog/RLOG-RIL-QMI: qmi_service_delete_client_txns : ENTRY - conn_id=0, service=2, client=2
06-12 07:28:01.692   270   270 E use-Rlog/RLOG-RIL-QMI: qmuxd: RX 968 bytes on fd=23 from qmux_client_id=0x2
06-12 07:28:01.704   270   609 E use-Rlog/RLOG-RIL-QMI: qmuxd: TX message on fd=23, to qmux_client_id=0x2, len=968
06-12 07:28:01.705   270   270 E use-Rlog/RLOG-RIL-QMI: qmuxd: RX 968 bytes on fd=23 from qmux_client_id=0x2
06-12 07:28:01.705   270   270 E use-Rlog/RLOG-RIL-QMI: qmuxd: TX message on fd=23, to qmux_client_id=0x2, len=968
06-12 07:28:01.705  1073  1073 E use-Rlog/RLOG-RIL-QMI: qmi_client [1073] 2: Client release, writing pipe to kill read thread, fd = 6
06-12 07:28:01.705  1073  1088 E use-Rlog/RLOG-RIL-QMI: qmi_client [1073] 2: failed to locate client data
06-12 07:28:01.706  1073  1073 E use-Rlog/RLOG-RIL-QMI: qmi_client [1073] 2: calling release of fd=4
06-12 07:28:01.706   270   270 E use-Rlog/RLOG-RIL-QMI: qmuxd: RX on fd=23 returned error=0 errno[2:No such file or directory]
06-12 07:28:01.706   270   270 E use-Rlog/RLOG-RIL-RAWDATA: QMUX qmux_client_id=2 not found in qmux client list, unable to remove
06-12 07:28:01.953   491   491 D TelephonyRegistry: notifyCellLocationForSubscriber: subId=0 cellLocation=Bundle[{baseStationLatitude=2147483647, baseStationLongitude=2147483647, systemId=-1, baseStationId=-1, networkId=-1}]
06-12 07:28:02.065   270   609 E use-Rlog/RLOG-RIL-QMI: qmuxd: TX message on fd=22, to qmux_client_id=0x0, len=155
06-12 07:28:02.065   328   629 E RILD    : QmiUnsolicitedCallback: msgId(50)
06-12 07:28:02.066   270   609 E use-Rlog/RLOG-RIL-QMI: qmuxd: TX message on fd=22, to qmux_client_id=0x0, len=54
06-12 07:28:02.067   328   417 E RILD    : ReceiveMessage: svc(UIM), msg(0x2A:QMI_UIM_REFRESH_REGISTER), indi(0), size(8), err(0)
06-12 07:28:02.067   328   417 E RILD    : Result(0), Error(0)
06-12 07:28:02.067   328   417 E RILD    : ReceiveMessage: svc(CAT), msg(0x1:QMI_CAT_EVENT_REPORT), indi(1), size(112064), err(0)
06-12 07:28:02.067   328   417 E RILD    : ReceiveMessage: svc(VENDOR), msg(0x1:QMI_VSS_FACTORY_IPC_IND), indi(1), size(8096), err(0)
06-12 07:28:02.067   328   417 E RILD    : GetRxIpcData : MAIN(0x0A) SUB(0x01)
06-12 07:28:02.067   328   417 E RILD    : ReceiveMessage: svc(PBM), msg(0xC:QMI_PBM_EMERGENCY_LIST), indi(1), size(27608), err(0)
06-12 07:28:02.067   328   786 E RILD    : STK-MGR: evt(200)
06-12 07:28:02.067   328   786 E RILD    : Stk is not yet running, so save ProactiveCmd
06-12 07:28:02.067   328   786 E RILD    : CLMISC-MGR: evt(127)
06-12 07:28:02.068   328   786 E RILD    : OnGetBasebandVersionUpdated():
06-12 07:28:02.070   328   417 E RILD    : RxEmergencyListInd(): PB Emergency Numbers(911,*911,#911)
06-12 07:28:02.070   328   417 E RILD    : ReceiveMessage: svc(UIM), msg(0x32:QMI_UIM_STATUS_CHANGE_IND), indi(1), size(9020), err(0)
06-12 07:28:02.070   328   417 E RILD    : CheckOtaspCallingUimStatus: slot=0, card=1, error=0
06-12 07:28:02.071   328   417 E RILD    : ReceiveMessage: svc(UIM), msg(0x32:QMI_UIM_STATUS_CHANGE_IND), indi(1), size(9020), err(0)
06-12 07:28:02.071   328   417 E RILD    : CheckOtaspCallingUimStatus: slot=0, card=1, error=0
06-12 07:28:02.071   328   417 E RILD    : SendMessage: svc(UIM), msg(0x2A:QMI_UIM_REFRESH_REGISTER), sync(1), internal(1), size(2048)
06-12 07:28:02.071   270   270 E use-Rlog/RLOG-RIL-QMI: qmuxd: RX 276 bytes on fd=22 from qmux_client_id=0x0
06-12 07:28:02.072   328   786 E RILD    : CLSIM-MGR: evt(305)
06-12 07:28:02.072   328   786 E RILD    : CLSIM-MGR: evt(305)
06-12 07:28:02.074   270   609 E use-Rlog/RLOG-RIL-QMI: qmuxd: TX message on fd=22, to qmux_client_id=0x0, len=54
06-12 07:28:02.075   328   417 E RILD    : ReceiveMessage: svc(UIM), msg(0x2A:QMI_UIM_REFRESH_REGISTER), indi(0), size(8), err(0)
06-12 07:28:02.075   328   417 E RILD    : Result(0), Error(0)
06-12 07:28:02.075   328   417 E RILD    : ReceiveMessage: svc(UIM), msg(0x32:QMI_UIM_STATUS_CHANGE_IND), indi(1), size(9020), err(0)
06-12 07:28:02.075   328   417 E RILD    : ReceiveMessage: svc(UIM), msg(0x32:QMI_UIM_STATUS_CHANGE_IND), indi(1), size(9020), err(0)
06-12 07:28:02.075   328   417 E RILD    : CheckOtaspCallingUimStatus: slot=0, card=1, error=0
06-12 07:28:02.075   328   417 E RILD    : ReceiveMessage: svc(UIM), msg(0x32:QMI_UIM_STATUS_CHANGE_IND), indi(1), size(9020), err(0)
06-12 07:28:02.075   328   417 E RILD    : CheckOtaspCallingUimStatus: slot=0, card=1, error=0
06-12 07:28:02.075   328   417 E RILD    : SendMessage: svc(UIM), msg(0x2A:QMI_UIM_REFRESH_REGISTER), sync(1), internal(1), size(2048)
06-12 07:28:02.075   270   270 E use-Rlog/RLOG-RIL-QMI: qmuxd: RX 192 bytes on fd=22 from qmux_client_id=0x0
06-12 07:28:02.075   328   786 E RILD    : CLSIM-MGR: evt(305)
06-12 07:28:02.075   328   786 I chatty  : uid=1001(radio) /vendor/bin/hw/rild identical 1 line
06-12 07:28:02.075   328   786 E RILD    : CLSIM-MGR: evt(305)
06-12 07:28:02.077   270   609 E use-Rlog/RLOG-RIL-QMI: qmuxd: TX message on fd=22, to qmux_client_id=0x0, len=54
