FATAL ERROR

06-12 07:28:00.895   491   547 I ActivityManager: Start proc 1004:com.google.android.ext.services/u0a70 for service {com.google.android.ext.services/android.ext.services.watchdog.ExplicitHealthCheckS
erviceImpl}
06-12 07:28:00.899   705  1006 I OMXClient: IOmx service obtained
06-12 07:28:00.899   324   908 I OMXMaster: makeComponentInstance(OMX.google.vorbis.decoder) in android.hardwar process
06-12 07:28:00.931   905   905 D AndroidRuntime: Shutting down VM
--------- beginning of crash
06-12 07:28:00.955   905   905 E AndroidRuntime: FATAL EXCEPTION: main
06-12 07:28:00.955   905   905 E AndroidRuntime: Process: com.android.phone, PID: 905
06-12 07:28:00.955   905   905 E AndroidRuntime: java.lang.RuntimeException: Unable to create application com.android.phone.PhoneApp: java.lang.UnsupportedOperationException: Cannot update that URL: content://telephony/siminfo/-1
06-12 07:28:00.955   905   905 E AndroidRuntime:        at android.app.ActivityThread.handleBindApplication(ActivityThread.java:6465)
06-12 07:28:00.955   905   905 E AndroidRuntime:        at android.app.ActivityThread.access$1300(ActivityThread.java:219)
06-12 07:28:00.955   905   905 E AndroidRuntime:        at android.app.ActivityThread$H.handleMessage(ActivityThread.java:1859)
06-12 07:28:00.955   905   905 E AndroidRuntime:        at android.os.Handler.dispatchMessage(Handler.java:107)
06-12 07:28:00.955   905   905 E AndroidRuntime:        at android.os.Looper.loop(Looper.java:214)
06-12 07:28:00.955   905   905 E AndroidRuntime:        at android.app.ActivityThread.main(ActivityThread.java:7356)
06-12 07:28:00.955   905   905 E AndroidRuntime:        at java.lang.reflect.Method.invoke(Native Method)
06-12 07:28:00.955   905   905 E AndroidRuntime:        at com.android.internal.os.RuntimeInit$MethodAndArgsCaller.run(RuntimeInit.java:491)
06-12 07:28:00.955   905   905 E AndroidRuntime:        at com.android.internal.os.ZygoteInit.main(ZygoteInit.java:930)
06-12 07:28:00.955   905   905 E AndroidRuntime: Caused by: java.lang.UnsupportedOperationException: Cannot update that URL: content://telephony/siminfo/-1
06-12 07:28:00.955   905   905 E AndroidRuntime:        at com.android.providers.telephony.TelephonyProvider.update(TelephonyProvider.java:3741)
06-12 07:28:00.955   905   905 E AndroidRuntime:        at android.content.ContentProvider$Transport.update(ContentProvider.java:420)
06-12 07:28:00.955   905   905 E AndroidRuntime:        at android.content.ContentResolver.update(ContentResolver.java:1993)
06-12 07:28:00.955   905   905 E AndroidRuntime:        at com.android.internal.telephony.SubscriptionController.setCountryIso(SubscriptionController.java:1946)
06-12 07:28:00.955   905   905 E AndroidRuntime:        at com.android.internal.telephony.GsmCdmaPhone.setIsoCountryProperty(GsmCdmaPhone.java:439)
06-12 07:28:00.955   905   905 E AndroidRuntime:        at com.android.internal.telephony.GsmCdmaPhone.initRatSpecific(GsmCdmaPhone.java:407)
06-12 07:28:00.955   905   905 E AndroidRuntime:        at com.android.internal.telephony.GsmCdmaPhone.<init>(GsmCdmaPhone.java:234)
06-12 07:28:00.955   905   905 E AndroidRuntime:        at com.android.internal.telephony.GsmCdmaPhone.<init>(GsmCdmaPhone.java:222)
06-12 07:28:00.955   905   905 E AndroidRuntime:        at com.android.internal.telephony.TelephonyComponentFactory.makePhone(TelephonyComponentFactory.java:441)
06-12 07:28:00.955   905   905 E AndroidRuntime:        at com.android.internal.telephony.PhoneFactory.makeDefaultPhone(PhoneFactory.java:198)
06-12 07:28:00.955   905   905 E AndroidRuntime:        at com.android.internal.telephony.PhoneFactory.makeDefaultPhones(PhoneFactory.java:103)
06-12 07:28:00.955   905   905 E AndroidRuntime:        at com.android.phone.PhoneGlobals.onCreate(PhoneGlobals.java:319)
06-12 07:28:00.955   905   905 E AndroidRuntime:        at com.android.phone.PhoneApp.onCreate(PhoneApp.java:39)
06-12 07:28:00.955   905   905 E AndroidRuntime:        at android.app.Instrumentation.callApplicationOnCreate(Instrumentation.java:1189)
06-12 07:28:00.955   905   905 E AndroidRuntime:        at android.app.ActivityThread.handleBindApplication(ActivityThread.java:6460)
06-12 07:28:00.955   905   905 E AndroidRuntime:        ... 8 more
06-12 07:28:00.963   245   245 D Zygote  : Forked child process 1018
06-12 07:28:00.969   683   683 D BluetoothAdapterService: getAdapterService() - returning com.android.bluetooth.btservice.AdapterService@47dad03
06-12 07:28:00.970   491   547 I ActivityManager: Start proc 1018:com.android.launcher3/u0a110 for service {com.android.launcher3/com.android.quickstep.TouchInteractionService}
06-12 07:28:00.985   705   705 I vol.Events: writeEvent collection_started
06-12 07:28:00.986   905   905 I Process : Sending signal. PID: 905 SIG: 9
06-12 07:28:01.011   491   491 E TrustManagerService: EXTRA_USER_HANDLE missing or invalid, value=0
06-12 07:28:01.013   491   546 I DropBoxManagerService: add tag=system_server_wtf isTagEnabled=true flags=0x2
06-12 07:28:01.022   683   755 I bt_stack_manager: event_start_up_stack is bringing up the stack
06-12 07:28:01.022   683   755 I bt_core_module: module_start_up Starting module "btif_config_module"



RADIO LOG


06-12 07:27:41.850   270   270 E use-Rlog/RLOG-RIL-QMI: qmuxd: linux_qmi_read_sysfs_config: couldn't open file /sys/module/f_rmnet/parameters/rmnet_ctl_ch
06-12 07:27:41.850   270   270 E use-Rlog/RLOG-RIL-QMI: qmuxd: linux_qmi_read_sysfs_config: couldn't open /sys/module/rmnet/parameters/rmnet_ctl_ch
06-12 07:27:41.850   270   270 E use-Rlog/RLOG-RIL-QMI: linux_qmi_qmux_if_configure_port_timeout: mode=0, smd_timeout=20, hsic_timeout=60
06-12 07:27:41.850   270   270 E use-Rlog/RLOG-RIL-QMI: linux_qmi_qmux_if_configure_port_timeout: failed to open HSIC timeout config=/sys/devices/virtual/hsicctl/hsicctl0/modem_wait errno [2:No such file or directory]
06-12 07:27:43.267   328   328 D RILD    : **RIL Daemon Started**
06-12 07:27:43.267   328   328 D RILD    : **RILd param count=1**
06-12 07:27:44.895   328   328 W RILD    : RIL_SAP_Init not defined or exported in /vendor/lib/libsec-ril.so: undefined symbol: RIL_SAP_Init
06-12 07:27:44.895   328   328 D RILD    : RIL_Init argc = 3 clientId = 0
06-12 07:27:44.905   328   328 E RILD    : First Ril
06-12 07:27:44.905   328   328 E RILD    : LoadLogLevel: Log level is 3.
06-12 07:27:44.913   328   328 E RILD    : RIL_Init: version(7)
06-12 07:27:44.913   328   328 D RILD    : RIL_Init rilInit completed
06-12 07:27:44.913   328   328 I RILC    : SIM_COUNT: 1
06-12 07:27:44.913   328   328 E RILC    : RIL_register: RIL version 7
06-12 07:27:44.913   328   328 I RILC    : s_registerCalled flag set, 1
06-12 07:27:44.913   328   328 D RILC    : registerService: starting android::hardware::radio::V1_1::IRadio slot1
06-12 07:27:44.917   328   328 I RILC    : RILHIDL called registerService
06-12 07:27:44.917   328   328 D RILD    : RIL_Init RIL_register completed
06-12 07:27:44.917   328   328 D RILD    : RIL_register_socket completed
06-12 07:27:45.012   245   245 D TelephonyManager: /proc/cmdline=androidboot.hardware=qcom androidboot.memcg=true user_debug=22 msm_rtb.filter=0x3F ehci-hcd.park=3 androidboot.bootdevice=msm_sdcc.1 buildvariant=userdebug sec_log=0x80000@0x88400008 sec_dbg=0x40000@0x88490004 sec_debug.reset_reason=0x1a2b3c00 normal_off=1 lcd_attached=1 etb_buf=0x4000@0x8fffb9c0 androidboot.debug_level=0x4f4c sec_debug.enable=0 sec_debug.enable_user=0 msm_rtb.enabled=0 androidboot.cp_debug_level=0x55FF sec_debug.enable_cp_debug=0 cordon=20ba0d050a4fb8d3d696b70d36d880c0 connie=SCH-R890_USC_USA_9fe8be0d6ee15c7e8291d8613d6020de loglevel=4 samsung.hardware=SCH-R890 androidboot.emmc_checksum=3 androidboot.warranty_bit=1 androidboot.bootloader=R890TYUBPD2 androidboot.nvdata_backup=0 androidboot.boot_recovery=0 androidboot.batt_check_recovery=0 level=0x574f4c44 vmalloc=0x1D600000 androidboot.csb_val=1 androidboot.emmc=true androidboot.serialno=954b9a93 androidboot.baseband=msm
06-12 07:27:45.013   328   410 E RILD    : LazyRilInit
06-12 07:27:45.014   328   410 E RILD    : SecRil(): ModelType: 4
06-12 07:27:45.015   328   410 E RILD    : Modem config #0: index[0], iftype[10], ifname[rmnet0], mtype[6], proto[10], protover[10], dbg-ifname[]
06-12 07:27:45.023   328   410 E RILD    : Modem config #1: index[1], iftype[10], ifname[rmnet0], mtype[32], proto[1], protover[1], dbg-ifname[IPCDEBUG_UNIX_SOCKET]
06-12 07:27:45.023   328   410 E RILD    : Modem config #2: index[2], iftype[4], ifname[imsd], mtype[8], proto[1], protover[8], dbg-ifname[]
06-12 07:27:45.023   328   410 E RILD    : Debug channel is not opened for ship build.
06-12 07:27:45.025   328   410 E RILD    : Trying qmi_init(): retryCount(0)
06-12 07:27:45.026   328   410 E use-Rlog/RLOG-RIL-QMI: qmi_client [328]: unable to connect to server, errno=[2:No such file or directory], attempt=1
06-12 07:27:45.031   328   417 E RILD    : Force-exit is required for this thread
06-12 07:27:45.059   328   416 E RILD    : Force-exit is required for this thread
06-12 07:27:46.026   328   410 E use-Rlog/RLOG-RIL-QMI: qmi_client [328]: unable to connect to server, errno=[2:No such file or directory], attempt=2
06-12 07:27:47.037   328   410 E use-Rlog/RLOG-RIL-QMI: qmi_client [328]: unable to connect to server, errno=[2:No such file or directory], attempt=3
06-12 07:27:48.037   328   410 E use-Rlog/RLOG-RIL-QMI: qmi_client [328]: unable to connect to server, errno=[2:No such file or directory], attempt=4
06-12 07:27:49.038   328   410 E use-Rlog/RLOG-RIL-QMI: qmi_client [328]: unable to connect to server, errno=[2:No such file or directory], attempt=5
06-12 07:27:50.038   328   410 E use-Rlog/RLOG-RIL-QMI: qmi_client [328]: unable to connect to server, errno=[2:No such file or directory], attempt=6
06-12 07:27:51.038   328   410 E use-Rlog/RLOG-RIL-QMI: qmi_client [328]: unable to connect to server, errno=[2:No such file or directory], attempt=7
06-12 07:27:52.038   328   410 E use-Rlog/RLOG-RIL-QMI: qmi_client [328]: unable to connect to server, errno=[2:No such file or directory], attempt=8
06-12 07:27:53.039   328   410 E use-Rlog/RLOG-RIL-QMI: qmi_client [328]: unable to connect to server, errno=[2:No such file or directory], attempt=9
06-12 07:27:53.312   270   609 E use-Rlog/RLOG-RIL-RAWDATA: qmi_ctl_rx_msg.c Can't find txn info for txn_id = 1
06-12 07:27:53.833   270   618 E use-Rlog/RLOG-RIL-RAWDATA: qmi_ctl_rx_msg.c Can't find txn info for txn_id = 1
06-12 07:27:53.834   270   619 E use-Rlog/RLOG-RIL-RAWDATA: qmi_ctl_rx_msg.c Can't find txn info for txn_id = 1
06-12 07:27:53.834   270   622 E use-Rlog/RLOG-RIL-RAWDATA: qmi_ctl_rx_msg.c Can't find txn info for txn_id = 1
06-12 07:27:53.835   270   621 E use-Rlog/RLOG-RIL-RAWDATA: qmi_ctl_rx_msg.c Can't find txn info for txn_id = 1
06-12 07:27:53.835   270   620 E use-Rlog/RLOG-RIL-RAWDATA: qmi_ctl_rx_msg.c Can't find txn info for txn_id = 1
06-12 07:27:53.838   270   625 E use-Rlog/RLOG-RIL-RAWDATA: qmi_ctl_rx_msg.c Can't find txn info for txn_id = 1
06-12 07:27:53.838   270   624 E use-Rlog/RLOG-RIL-RAWDATA: qmi_ctl_rx_msg.c Can't find txn info for txn_id = 1
06-12 07:27:53.846   270   270 E use-Rlog/RLOG-RIL-QMI: linux_qmi_qmux_io.c: Unable to open port id /dev/smdcntl11, error [19:No such device]
06-12 07:27:53.846   270   270 E use-Rlog/RLOG-RIL-RAWDATA: qmi_qmux_open_connection: QMI_QMUX_IO_PLATFORM_OPEN_CONN failed -1 
06-12 07:27:53.846   270   270 E use-Rlog/RLOG-RIL-QMI: qmuxd:  Opening connection for RMNET11 failed , [DATA17_CNTL] 
06-12 07:27:53.846   270   270 E use-Rlog/RLOG-RIL-QMI: linux_qmi_qmux_if_configure_port_timeout: mode=1, smd_timeout=0, hsic_timeout=0
06-12 07:27:53.846   270   270 E use-Rlog/RLOG-RIL-QMI: linux_qmi_qmux_if_configure_port_timeout: failed to open HSIC timeout config=/sys/devices/virtual/hsicctl/hsicctl0/modem_wait errno [2:No such file or directory]
06-12 07:27:53.847   270   627 E use-Rlog/RLOG-RIL-RAWDATA: qmi_ctl_rx_msg.c Can't find txn info for txn_id = 1
06-12 07:27:53.847   270   623 E use-Rlog/RLOG-RIL-RAWDATA: qmi_ctl_rx_msg.c Can't find txn info for txn_id = 1
06-12 07:27:54.039   270   270 E use-Rlog/RLOG-RIL-QMI: qmuxd: added new qmux_client_id=0x0, fd=22, max_fd=22
06-12 07:27:54.040   270   270 E use-Rlog/RLOG-RIL-QMI: qmuxd: RX 968 bytes on fd=22 from qmux_client_id=0x0
06-12 07:27:54.040   270   270 E use-Rlog/RLOG-RIL-QMI: qmuxd: TX message on fd=22, to qmux_client_id=0x0, len=968
06-12 07:27:54.069   328   410 E RILD    : QMI system is initialized.
06-12 07:27:54.079   328   410 E RILD    : Failed to close port(rmnet0)
06-12 07:27:54.079   328   410 I chatty  : uid=1001(radio) /vendor/bin/hw/rild identical 14 lines
06-12 07:27:54.079   328   410 E RILD    : Failed to close port(rmnet0)
06-12 07:27:54.606   491   491 E TelephonyManager: IMSI error: Subscriber Info is null
06-12 07:27:58.093   328   410 E RILD    : QMI service objects are created.
06-12 07:27:58.097   270   270 E use-Rlog/RLOG-RIL-QMI: qmuxd: RX 968 bytes on fd=22 from qmux_client_id=0x0
06-12 07:27:58.107   270   609 E use-Rlog/RLOG-RIL-QMI: qmuxd: TX message on fd=22, to qmux_client_id=0x0, len=968
06-12 07:27:58.108   270   270 E use-Rlog/RLOG-RIL-QMI: qmuxd: RX 968 bytes on fd=22 from qmux_client_id=0x0
06-12 07:27:58.128   270   609 E use-Rlog/RLOG-RIL-QMI: qmuxd: TX message on fd=22, to qmux_client_id=0x0, len=968
06-12 07:27:58.128   328   410 E RILD    : QMI service version: ID(0), version(2.1)
06-12 07:27:58.128   270   270 E use-Rlog/RLOG-RIL-QMI: qmuxd: RX 968 bytes on fd=22 from qmux_client_id=0x0
06-12 07:27:58.133   270   609 E use-Rlog/RLOG-RIL-QMI: qmuxd: TX message on fd=22, to qmux_client_id=0x0, len=968
06-12 07:27:58.133   328   410 E RILD    : QMI service version: ID(1), version(1.25)
06-12 07:27:58.134   270   270 E use-Rlog/RLOG-RIL-QMI: qmuxd: RX 968 bytes on fd=22 from qmux_client_id=0x0
06-12 07:27:58.160   270   609 E use-Rlog/RLOG-RIL-QMI: qmuxd: TX message on fd=22, to qmux_client_id=0x0, len=968
06-12 07:27:58.160   328   410 E RILD    : QMI service version: ID(2), version(1.10)
06-12 07:27:58.160   270   270 E use-Rlog/RLOG-RIL-QMI: qmuxd: RX 968 bytes on fd=22 from qmux_client_id=0x0
06-12 07:27:58.186   270   609 E use-Rlog/RLOG-RIL-QMI: qmuxd: TX message on fd=22, to qmux_client_id=0x0, len=968
06-12 07:27:58.186   270   270 E use-Rlog/RLOG-RIL-QMI: qmuxd: RX 968 bytes on fd=22 from qmux_client_id=0x0
06-12 07:27:58.188   270   609 E use-Rlog/RLOG-RIL-RAWDATA: Adding client 2, service 1, conn_id=0...
06-12 07:27:58.188   270   609 E use-Rlog/RLOG-RIL-QMI: qmuxd: TX message on fd=22, to qmux_client_id=0x0, len=968
06-12 07:27:58.189   270   270 E use-Rlog/RLOG-RIL-QMI: qmuxd: RX 968 bytes on fd=22 from qmux_client_id=0x0
06-12 07:27:58.190   270   609 E use-Rlog/RLOG-RIL-RAWDATA: qmi_ctl_handle_set_data_format_rsp, skipping unknown type = 18
06-12 07:27:58.190   270   609 E use-Rlog/RLOG-RIL-QMI: qmuxd: TX message on fd=22, to qmux_client_id=0x0, len=968
06-12 07:27:58.190   328   410 E RILD    : Context initialized for rmnet0(IPv4 hndl(0x10100), IPv6 handle(0x20100))
06-12 07:27:58.190   270   270 E use-Rlog/RLOG-RIL-QMI: qmuxd: RX 968 bytes on fd=22 from qmux_client_id=0x0
06-12 07:27:58.193   270   618 E use-Rlog/RLOG-RIL-QMI: qmuxd: TX message on fd=22, to qmux_client_id=0x0, len=968
06-12 07:27:58.194   270   270 E use-Rlog/RLOG-RIL-QMI: qmuxd: RX 968 bytes on fd=22 from qmux_client_id=0x0
06-12 07:27:58.196   270   618 E use-Rlog/RLOG-RIL-RAWDATA: Adding client 4, service 1, conn_id=1...
06-12 07:27:58.196   270   618 E use-Rlog/RLOG-RIL-QMI: qmuxd: TX message on fd=22, to qmux_client_id=0x0, len=968
06-12 07:27:58.196   270   270 E use-Rlog/RLOG-RIL-QMI: qmuxd: RX 968 bytes on fd=22 from qmux_client_id=0x0
06-12 07:27:58.198   270   618 E use-Rlog/RLOG-RIL-RAWDATA: qmi_ctl_handle_set_data_format_rsp, skipping unknown type = 18
06-12 07:27:58.198   270   618 E use-Rlog/RLOG-RIL-QMI: qmuxd: TX message on fd=22, to qmux_client_id=0x0, len=968
06-12 07:27:58.198   328   410 E RILD    : Context initialized for rmnet1(IPv4 hndl(0x1030100), IPv6 handle(0x1040100))
06-12 07:27:58.198   270   270 E use-Rlog/RLOG-RIL-QMI: qmuxd: RX 968 bytes on fd=22 from qmux_client_id=0x0
06-12 07:27:58.202   270   619 E use-Rlog/RLOG-RIL-QMI: qmuxd: TX message on fd=22, to qmux_client_id=0x0, len=968
06-12 07:27:58.203   270   270 E use-Rlog/RLOG-RIL-QMI: qmuxd: RX 968 bytes on fd=22 from qmux_client_id=0x0
06-12 07:27:58.204   270   619 E use-Rlog/RLOG-RIL-RAWDATA: Adding client 6, service 1, conn_id=2...
06-12 07:27:58.204   270   619 E use-Rlog/RLOG-RIL-QMI: qmuxd: TX message on fd=22, to qmux_client_id=0x0, len=968
06-12 07:27:58.204   270   270 E use-Rlog/RLOG-RIL-QMI: qmuxd: RX 968 bytes on fd=22 from qmux_client_id=0x0
06-12 07:27:58.206   270   619 E use-Rlog/RLOG-RIL-RAWDATA: qmi_ctl_handle_set_data_format_rsp, skipping unknown type = 18
06-12 07:27:58.206   270   619 E use-Rlog/RLOG-RIL-QMI: qmuxd: TX message on fd=22, to qmux_client_id=0x0, len=968
06-12 07:27:58.206   328   410 E RILD    : Context initialized for rmnet2(IPv4 hndl(0x2050100), IPv6 handle(0x2060100))
06-12 07:27:58.206   270   270 E use-Rlog/RLOG-RIL-QMI: qmuxd: RX 968 bytes on fd=22 from qmux_client_id=0x0
06-12 07:27:58.210   270   620 E use-Rlog/RLOG-RIL-QMI: qmuxd: TX message on fd=22, to qmux_client_id=0x0, len=968
06-12 07:27:58.210   270   270 E use-Rlog/RLOG-RIL-QMI: qmuxd: RX 968 bytes on fd=22 from qmux_client_id=0x0
06-12 07:27:58.212   270   620 E use-Rlog/RLOG-RIL-RAWDATA: Adding client 8, service 1, conn_id=3...
06-12 07:27:58.212   270   620 E use-Rlog/RLOG-RIL-QMI: qmuxd: TX message on fd=22, to qmux_client_id=0x0, len=968
06-12 07:27:58.212   270   270 E use-Rlog/RLOG-RIL-QMI: qmuxd: RX 968 bytes on fd=22 from qmux_client_id=0x0
06-12 07:27:58.213   270   620 E use-Rlog/RLOG-RIL-RAWDATA: qmi_ctl_handle_set_data_format_rsp, skipping unknown type = 18
06-12 07:27:58.213   270   620 E use-Rlog/RLOG-RIL-QMI: qmuxd: TX message on fd=22, to qmux_client_id=0x0, len=968
06-12 07:27:58.213   328   410 E RILD    : Context initialized for rmnet3(IPv4 hndl(0x3070100), IPv6 handle(0x3080100))
06-12 07:27:58.213   270   270 E use-Rlog/RLOG-RIL-QMI: qmuxd: RX 968 bytes on fd=22 from qmux_client_id=0x0
06-12 07:27:58.226   270   621 E use-Rlog/RLOG-RIL-QMI: qmuxd: TX message on fd=22, to qmux_client_id=0x0, len=968
06-12 07:27:58.226   270   270 E use-Rlog/RLOG-RIL-QMI: qmuxd: RX 968 bytes on fd=22 from qmux_client_id=0x0
06-12 07:27:58.228   270   621 E use-Rlog/RLOG-RIL-RAWDATA: Adding client 10, service 1, conn_id=4...
06-12 07:27:58.228   270   621 E use-Rlog/RLOG-RIL-QMI: qmuxd: TX message on fd=22, to qmux_client_id=0x0, len=968
06-12 07:27:58.228   270   270 E use-Rlog/RLOG-RIL-QMI: qmuxd: RX 968 bytes on fd=22 from qmux_client_id=0x0
06-12 07:27:58.229   270   621 E use-Rlog/RLOG-RIL-RAWDATA: qmi_ctl_handle_set_data_format_rsp, skipping unknown type = 18
06-12 07:27:58.229   270   621 E use-Rlog/RLOG-RIL-QMI: qmuxd: TX message on fd=22, to qmux_client_id=0x0, len=968
06-12 07:27:58.229   328   410 E RILD    : Context initialized for rmnet4(IPv4 hndl(0x4090100), IPv6 handle(0x40a0100))
06-12 07:27:58.230   270   270 E use-Rlog/RLOG-RIL-QMI: qmuxd: RX 968 bytes on fd=22 from qmux_client_id=0x0
06-12 07:27:58.234   270   622 E use-Rlog/RLOG-RIL-QMI: qmuxd: TX message on fd=22, to qmux_client_id=0x0, len=968
06-12 07:27:58.234   270   270 E use-Rlog/RLOG-RIL-QMI: qmuxd: RX 968 bytes on fd=22 from qmux_client_id=0x0
06-12 07:27:58.239   270   622 E use-Rlog/RLOG-RIL-RAWDATA: Adding client 12, service 1, conn_id=5...
06-12 07:27:58.239   270   622 E use-Rlog/RLOG-RIL-QMI: qmuxd: TX message on fd=22, to qmux_client_id=0x0, len=968
06-12 07:27:58.240   270   270 E use-Rlog/RLOG-RIL-QMI: qmuxd: RX 968 bytes on fd=22 from qmux_client_id=0x0
06-12 07:27:58.241   270   622 E use-Rlog/RLOG-RIL-RAWDATA: qmi_ctl_handle_set_data_format_rsp, skipping unknown type = 18
06-12 07:27:58.241   270   622 E use-Rlog/RLOG-RIL-QMI: qmuxd: TX message on fd=22, to qmux_client_id=0x0, len=968
06-12 07:27:58.241   328   410 E RILD    : Context initialized for rmnet5(IPv4 hndl(0x50b0100), IPv6 handle(0x50c0100))
06-12 07:27:58.241   270   270 E use-Rlog/RLOG-RIL-QMI: qmuxd: RX 968 bytes on fd=22 from qmux_client_id=0x0
06-12 07:27:58.251   270   623 E use-Rlog/RLOG-RIL-QMI: qmuxd: TX message on fd=22, to qmux_client_id=0x0, len=968
06-12 07:27:58.251   270   270 E use-Rlog/RLOG-RIL-QMI: qmuxd: RX 968 bytes on fd=22 from qmux_client_id=0x0
06-12 07:27:58.252   270   623 E use-Rlog/RLOG-RIL-RAWDATA: Adding client 14, service 1, conn_id=6...
06-12 07:27:58.252   270   623 E use-Rlog/RLOG-RIL-QMI: qmuxd: TX message on fd=22, to qmux_client_id=0x0, len=968
06-12 07:27:58.252   270   270 E use-Rlog/RLOG-RIL-QMI: qmuxd: RX 968 bytes on fd=22 from qmux_client_id=0x0
06-12 07:27:58.256   270   623 E use-Rlog/RLOG-RIL-RAWDATA: qmi_ctl_handle_set_data_format_rsp, skipping unknown type = 18
06-12 07:27:58.256   270   623 E use-Rlog/RLOG-RIL-QMI: qmuxd: TX message on fd=22, to qmux_client_id=0x0, len=968
06-12 07:27:58.256   328   410 E RILD    : Context initialized for rmnet6(IPv4 hndl(0x60d0100), IPv6 handle(0x60e0100))
06-12 07:27:58.256   270   270 E use-Rlog/RLOG-RIL-QMI: qmuxd: RX 968 bytes on fd=22 from qmux_client_id=0x0
06-12 07:27:58.262   270   624 E use-Rlog/RLOG-RIL-QMI: qmuxd: TX message on fd=22, to qmux_client_id=0x0, len=968
06-12 07:27:58.262   270   270 E use-Rlog/RLOG-RIL-QMI: qmuxd: RX 968 bytes on fd=22 from qmux_client_id=0x0
06-12 07:27:58.273   270   624 E use-Rlog/RLOG-RIL-RAWDATA: Adding client 16, service 1, conn_id=7...
06-12 07:27:58.273   270   624 E use-Rlog/RLOG-RIL-QMI: qmuxd: TX message on fd=22, to qmux_client_id=0x0, len=968
06-12 07:27:58.273   270   270 E use-Rlog/RLOG-RIL-QMI: qmuxd: RX 968 bytes on fd=22 from qmux_client_id=0x0
06-12 07:27:58.274   270   624 E use-Rlog/RLOG-RIL-RAWDATA: qmi_ctl_handle_set_data_format_rsp, skipping unknown type = 18
06-12 07:27:58.274   270   624 E use-Rlog/RLOG-RIL-QMI: qmuxd: TX message on fd=22, to qmux_client_id=0x0, len=968
06-12 07:27:58.275   328   410 E RILD    : Context initialized for rmnet7(IPv4 hndl(0x70f0100), IPv6 handle(0x7100100))
06-12 07:27:58.275   270   270 E use-Rlog/RLOG-RIL-QMI: qmuxd: RX 968 bytes on fd=22 from qmux_client_id=0x0
06-12 07:27:58.275   270   270 E use-Rlog/RLOG-RIL-RAWDATA: qmi_qmux_open_connection: connection is disabled for conn_id=29
06-12 07:27:58.275   270   270 E use-Rlog/RLOG-RIL-RAWDATA: qmi_qmux_tx_msg: failed to open inactive connd_id=29
06-12 07:27:58.275   270   270 E use-Rlog/RLOG-RIL-RAWDATA: qmi_qmux: TX failed, connection inactive or in reset, conn_id=29, status_flags=4
06-12 07:27:58.275   270   270 E use-Rlog/RLOG-RIL-RAWDATA: qmi_ctl_tx_msg: qmi_qmux_tx_msg failed
06-12 07:27:58.275   270   270 E use-Rlog/RLOG-RIL-RAWDATA: qmi_ctl_handle_request: qmi_ctl_tx_msg call failed
06-12 07:27:58.275   270   270 E use-Rlog/RLOG-RIL-QMI: qmuxd: TX message on fd=22, to qmux_client_id=0x0, len=968
06-12 07:27:58.275   328   410 E RILD    : Failed to initialize WDS client for IPv4(rmnet_usb0)
06-12 07:27:58.275   270   270 E use-Rlog/RLOG-RIL-QMI: qmuxd: RX 968 bytes on fd=22 from qmux_client_id=0x0
06-12 07:27:58.275   270   270 E use-Rlog/RLOG-RIL-RAWDATA: qmi_qmux_open_connection: connection is disabled for conn_id=30
06-12 07:27:58.275   270   270 E use-Rlog/RLOG-RIL-RAWDATA: qmi_qmux_tx_msg: failed to open inactive connd_id=30
06-12 07:27:58.275   270   270 E use-Rlog/RLOG-RIL-RAWDATA: qmi_qmux: TX failed, connection inactive or in reset, conn_id=30, status_flags=4
06-12 07:27:58.275   270   270 E use-Rlog/RLOG-RIL-RAWDATA: qmi_ctl_tx_msg: qmi_qmux_tx_msg failed
06-12 07:27:58.275   270   270 E use-Rlog/RLOG-RIL-RAWDATA: qmi_ctl_handle_request: qmi_ctl_tx_msg call failed
06-12 07:27:58.275   270   270 E use-Rlog/RLOG-RIL-QMI: qmuxd: TX message on fd=22, to qmux_client_id=0x0, len=968
06-12 07:27:58.275   328   410 E RILD    : Failed to initialize WDS client for IPv4(rmnet_usb1)
06-12 07:27:58.276   270   270 E use-Rlog/RLOG-RIL-QMI: qmuxd: RX 968 bytes on fd=22 from qmux_client_id=0x0
06-12 07:27:58.276   270   270 E use-Rlog/RLOG-RIL-RAWDATA: qmi_qmux_open_connection: connection is disabled for conn_id=31
06-12 07:27:58.276   270   270 E use-Rlog/RLOG-RIL-RAWDATA: qmi_qmux_tx_msg: failed to open inactive connd_id=31
06-12 07:27:58.276   270   270 E use-Rlog/RLOG-RIL-RAWDATA: qmi_qmux: TX failed, connection inactive or in reset, conn_id=31, status_flags=4
06-12 07:27:58.276   270   270 E use-Rlog/RLOG-RIL-RAWDATA: qmi_ctl_tx_msg: qmi_qmux_tx_msg failed
06-12 07:27:58.276   270   270 E use-Rlog/RLOG-RIL-RAWDATA: qmi_ctl_handle_request: qmi_ctl_tx_msg call failed
06-12 07:27:58.276   270   270 E use-Rlog/RLOG-RIL-QMI: qmuxd: TX message on fd=22, to qmux_client_id=0x0, len=968
06-12 07:27:58.276   328   410 E RILD    : Failed to initialize WDS client for IPv4(rmnet_usb2)
06-12 07:27:58.276   270   270 E use-Rlog/RLOG-RIL-QMI: qmuxd: RX 968 bytes on fd=22 from qmux_client_id=0x0
06-12 07:27:58.276   270   270 E use-Rlog/RLOG-RIL-RAWDATA: qmi_qmux_open_connection: connection is disabled for conn_id=32
06-12 07:27:58.276   270   270 E use-Rlog/RLOG-RIL-RAWDATA: qmi_qmux_tx_msg: failed to open inactive connd_id=32
06-12 07:27:58.276   270   270 E use-Rlog/RLOG-RIL-RAWDATA: qmi_qmux: TX failed, connection inactive or in reset, conn_id=32, status_flags=4
06-12 07:27:58.276   270   270 E use-Rlog/RLOG-RIL-RAWDATA: qmi_ctl_tx_msg: qmi_qmux_tx_msg failed
06-12 07:27:58.276   270   270 E use-Rlog/RLOG-RIL-RAWDATA: qmi_ctl_handle_request: qmi_ctl_tx_msg call failed
06-12 07:27:58.276   270   270 E use-Rlog/RLOG-RIL-QMI: qmuxd: TX message on fd=22, to qmux_client_id=0x0, len=968
06-12 07:27:58.276   328   410 E RILD    : Failed to initialize WDS client for IPv4(rmnet_usb3)
06-12 07:27:58.276   270   270 E use-Rlog/RLOG-RIL-QMI: qmuxd: RX 968 bytes on fd=22 from qmux_client_id=0x0
06-12 07:27:58.276   270   270 E use-Rlog/RLOG-RIL-RAWDATA: qmi_qmux_open_connection: connection is disabled for conn_id=33
06-12 07:27:58.276   270   270 E use-Rlog/RLOG-RIL-RAWDATA: qmi_qmux_tx_msg: failed to open inactive connd_id=33
06-12 07:27:58.277   270   270 E use-Rlog/RLOG-RIL-RAWDATA: qmi_qmux: TX failed, connection inactive or in reset, conn_id=33, status_flags=4
06-12 07:27:58.277   270   270 E use-Rlog/RLOG-RIL-RAWDATA: qmi_ctl_tx_msg: qmi_qmux_tx_msg failed
06-12 07:27:58.277   270   270 E use-Rlog/RLOG-RIL-RAWDATA: qmi_ctl_handle_request: qmi_ctl_tx_msg call failed
06-12 07:27:58.277   270   270 E use-Rlog/RLOG-RIL-QMI: qmuxd: TX message on fd=22, to qmux_client_id=0x0, len=968
06-12 07:27:58.277   328   410 E RILD    : Failed to initialize WDS client for IPv4(rmnet_usb4)
06-12 07:27:58.277   270   270 E use-Rlog/RLOG-RIL-QMI: qmuxd: RX 968 bytes on fd=22 from qmux_client_id=0x0
06-12 07:27:58.277   270   270 E use-Rlog/RLOG-RIL-RAWDATA: qmi_qmux_open_connection: connection is disabled for conn_id=34
06-12 07:27:58.277   270   270 E use-Rlog/RLOG-RIL-RAWDATA: qmi_qmux_tx_msg: failed to open inactive connd_id=34
06-12 07:27:58.277   270   270 E use-Rlog/RLOG-RIL-RAWDATA: qmi_qmux: TX failed, connection inactive or in reset, conn_id=34, status_flags=4
06-12 07:27:58.277   270   270 E use-Rlog/RLOG-RIL-RAWDATA: qmi_ctl_tx_msg: qmi_qmux_tx_msg failed
06-12 07:27:58.277   270   270 E use-Rlog/RLOG-RIL-RAWDATA: qmi_ctl_handle_request: qmi_ctl_tx_msg call failed
06-12 07:27:58.277   270   270 E use-Rlog/RLOG-RIL-QMI: qmuxd: TX message on fd=22, to qmux_client_id=0x0, len=968
06-12 07:27:58.277   328   410 E RILD    : Failed to initialize WDS client for IPv4(rmnet_usb5)
06-12 07:27:58.277   270   270 E use-Rlog/RLOG-RIL-QMI: qmuxd: RX 968 bytes on fd=22 from qmux_client_id=0x0
06-12 07:27:58.277   270   270 E use-Rlog/RLOG-RIL-RAWDATA: qmi_qmux_open_connection: connection is disabled for conn_id=35
06-12 07:27:58.277   270   270 E use-Rlog/RLOG-RIL-RAWDATA: qmi_qmux_tx_msg: failed to open inactive connd_id=35
06-12 07:27:58.277   270   270 E use-Rlog/RLOG-RIL-RAWDATA: qmi_qmux: TX failed, connection inactive or in reset, conn_id=35, status_flags=4
06-12 07:27:58.277   270   270 E use-Rlog/RLOG-RIL-RAWDATA: qmi_ctl_tx_msg: qmi_qmux_tx_msg failed
06-12 07:27:58.277   270   270 E use-Rlog/RLOG-RIL-RAWDATA: qmi_ctl_handle_request: qmi_ctl_tx_msg call failed
06-12 07:27:58.277   270   270 E use-Rlog/RLOG-RIL-QMI: qmuxd: TX message on fd=22, to qmux_client_id=0x0, len=968
06-12 07:27:58.277   328   410 E RILD    : Failed to initialize WDS client for IPv4(rmnet_usb6)
06-12 07:27:58.277   270   270 E use-Rlog/RLOG-RIL-QMI: qmuxd: RX 968 bytes on fd=22 from qmux_client_id=0x0
06-12 07:27:58.277   270   270 E use-Rlog/RLOG-RIL-RAWDATA: qmi_qmux_open_connection: connection is disabled for conn_id=36
06-12 07:27:58.278   270   270 E use-Rlog/RLOG-RIL-RAWDATA: qmi_qmux_tx_msg: failed to open inactive connd_id=36
06-12 07:27:58.278   270   270 E use-Rlog/RLOG-RIL-RAWDATA: qmi_qmux: TX failed, connection inactive or in reset, conn_id=36, status_flags=4
06-12 07:27:58.278   270   270 E use-Rlog/RLOG-RIL-RAWDATA: qmi_ctl_tx_msg: qmi_qmux_tx_msg failed
06-12 07:27:58.278   270   270 E use-Rlog/RLOG-RIL-RAWDATA: qmi_ctl_handle_request: qmi_ctl_tx_msg call failed
06-12 07:27:58.278   270   270 E use-Rlog/RLOG-RIL-QMI: qmuxd: TX message on fd=22, to qmux_client_id=0x0, len=968
06-12 07:27:58.278   328   410 E RILD    : Failed to initialize WDS client for IPv4(rmnet_usb7)
06-12 07:27:58.278   270   270 E use-Rlog/RLOG-RIL-QMI: qmuxd: RX 968 bytes on fd=22 from qmux_client_id=0x0
06-12 07:27:58.280   270   609 E use-Rlog/RLOG-RIL-RAWDATA: Adding client 17, service 1, conn_id=0...
06-12 07:27:58.280   270   609 E use-Rlog/RLOG-RIL-QMI: qmuxd: TX message on fd=22, to qmux_client_id=0x0, len=968
06-12 07:27:58.280   328   410 E RILD    : QMI service version: ID(3), version(1.36)
06-12 07:27:58.280   328   410 E RILD    : QMI WDS service init successful
06-12 07:27:58.280   270   270 E use-Rlog/RLOG-RIL-QMI: qmuxd: RX 968 bytes on fd=22 from qmux_client_id=0x0
06-12 07:27:58.284   270   609 E use-Rlog/RLOG-RIL-QMI: qmuxd: TX message on fd=22, to qmux_client_id=0x0, len=968
06-12 07:27:58.285   328   410 E RILD    : QMI service version: ID(4), version(1.14)
06-12 07:27:58.285   270   270 E use-Rlog/RLOG-RIL-QMI: qmuxd: RX 968 bytes on fd=22 from qmux_client_id=0x0
06-12 07:27:58.286   270   609 E use-Rlog/RLOG-RIL-QMI: qmuxd: TX message on fd=22, to qmux_client_id=0x0, len=968
06-12 07:27:58.287   328   410 E RILD    : QMI service version: ID(5), version(1.25)
06-12 07:27:58.287   270   270 E use-Rlog/RLOG-RIL-QMI: qmuxd: RX 968 bytes on fd=22 from qmux_client_id=0x0
06-12 07:27:58.291   270   609 E use-Rlog/RLOG-RIL-QMI: qmuxd: TX message on fd=22, to qmux_client_id=0x0, len=968
06-12 07:27:58.291   328   410 E RILD    : QMI service version: ID(6), version(1.4)
06-12 07:27:58.291   270   270 E use-Rlog/RLOG-RIL-QMI: qmuxd: RX 968 bytes on fd=22 from qmux_client_id=0x0
06-12 07:27:58.292   270   609 E use-Rlog/RLOG-RIL-QMI: qmuxd: TX message on fd=22, to qmux_client_id=0x0, len=968
06-12 07:27:58.292   328   410 E RILD    : QMI service version: ID(7), version(1.0)
06-12 07:27:58.292   270   270 E use-Rlog/RLOG-RIL-QMI: qmuxd: RX 968 bytes on fd=22 from qmux_client_id=0x0
06-12 07:27:58.293   270   609 E use-Rlog/RLOG-RIL-QMI: qmuxd: TX message on fd=22, to qmux_client_id=0x0, len=968
06-12 07:27:58.293   328   410 E RILD    : QMI service version: ID(8), version(0.0)
06-12 07:27:58.293   270   270 E use-Rlog/RLOG-RIL-QMI: qmuxd: RX 968 bytes on fd=22 from qmux_client_id=0x0
06-12 07:27:58.294   270   609 E use-Rlog/RLOG-RIL-RAWDATA: Adding client 2, service 9, conn_id=0...
06-12 07:27:58.294   270   609 E use-Rlog/RLOG-RIL-QMI: qmuxd: TX message on fd=22, to qmux_client_id=0x0, len=968
06-12 07:27:58.294   328   410 E RILD    : QMI service version: ID(9), version(2.1)
06-12 07:27:58.294   270   270 E use-Rlog/RLOG-RIL-QMI: qmuxd: RX 968 bytes on fd=22 from qmux_client_id=0x0
06-12 07:27:58.295   270   609 E use-Rlog/RLOG-RIL-QMI: qmuxd: TX message on fd=22, to qmux_client_id=0x0, len=968
06-12 07:27:58.295   328   410 E RILD    : QMI service version: ID(10), version(2.16)
06-12 07:27:58.295   328   410 E RILD    : QMI service objects are initialized.
06-12 07:27:58.295   328   410 E RILD    : QmiModem SupportDevIoCtlIoChannel() - false
06-12 07:27:58.295   328   410 E RILD    : QmiModem InitDevIoCtlIoChannel() - success
06-12 07:27:58.296   328   410 E RILD    : Debug channel is not opened for ship build.
06-12 07:27:58.297   328   410 E RILD    : SockUnixIoChannel:
06-12 07:27:58.297   328   410 E RILD    : Debug channel is not opened for ship build.
06-12 07:27:58.301   328   410 E RILD    : fail to remove MSISDN_FILE_PATH
06-12 07:27:58.301   328   410 E RILD    : fail to remove IMSI_FILE_PATH
06-12 07:27:58.301   328   410 E RILD    : fail to remove IMEI_FILE_PATH
06-12 07:27:58.301   328   410 E RILD    : fail to remove ICCID_FILE
06-12 07:27:58.301   328   410 E RILD    : fail to remove IMSIM_FILE
06-12 07:27:58.301   328   410 E RILD    : fail to remove IMSIG_FILE
06-12 07:27:58.301   328   410 E RILD    : fail to remove MDN_FILE
06-12 07:27:58.307   328   776 E RILD    : Force-exit is required for this thread
06-12 07:27:58.311   328   410 E RILD    : SetSimOperator: invalid operator
06-12 07:27:58.311   328   410 E RILD    : Failed to set IMSI from [gsm.sim.operator.numeric]
06-12 07:27:58.311   328   410 E RILD    : [NIF] Clearing IPv4 address.
06-12 07:27:58.312   328   410 E RILD    : [NIF] Address is set for rmnet0
06-12 07:27:58.312   328   410 E RILD    : [NIF] Clearing all the IPv6 global addresses.
06-12 07:27:58.312   328   410 E RILD    : [NIF] Deleting IPv6 default routes.
06-12 07:27:58.312   328   410 E RILD    : [NIF] Deleting IPv6 host routes.
06-12 07:27:58.312   328   410 E RILD    : [NIF] Interface(rmnet0) is down.
06-12 07:27:58.313   328   410 E RILD    : [NIF] Clearing IPv4 address.
06-12 07:27:58.313   328   410 E RILD    : [NIF] Address is set for rmnet1
06-12 07:27:58.313   328   410 E RILD    : [NIF] Clearing all the IPv6 global addresses.
06-12 07:27:58.313   328   410 E RILD    : [NIF] Deleting IPv6 default routes.
06-12 07:27:58.313   328   410 E RILD    : [NIF] Deleting IPv6 host routes.
06-12 07:27:58.313   328   410 E RILD    : [NIF] Interface(rmnet1) is down.
06-12 07:27:58.313   328   410 E RILD    : [NIF] Clearing IPv4 address.
06-12 07:27:58.314   328   410 E RILD    : [NIF] Address is set for rmnet2
06-12 07:27:58.314   328   410 E RILD    : [NIF] Clearing all the IPv6 global addresses.
06-12 07:27:58.316   328   410 E RILD    : [NIF] Deleting IPv6 default routes.
06-12 07:27:58.317   328   410 E RILD    : [NIF] Deleting IPv6 host routes.
06-12 07:27:58.318   328   410 E RILD    : [NIF] Interface(rmnet2) is down.
06-12 07:27:58.318   328   410 E RILD    : [NIF] Clearing IPv4 address.
06-12 07:27:58.318   328   410 E RILD    : [NIF] Address is set for rmnet3
06-12 07:27:58.318   328   410 E RILD    : [NIF] Clearing all the IPv6 global addresses.
06-12 07:27:58.318   328   410 E RILD    : [NIF] Deleting IPv6 default routes.
06-12 07:27:58.322   328   410 E RILD    : [NIF] Deleting IPv6 host routes.
06-12 07:27:58.322   328   410 E RILD    : [NIF] Interface(rmnet3) is down.
06-12 07:27:58.322   328   410 E RILD    : [NIF] Clearing IPv4 address.
06-12 07:27:58.322   328   410 E RILD    : [NIF] Address is set for rmnet4
06-12 07:27:58.322   328   410 E RILD    : [NIF] Clearing all the IPv6 global addresses.
06-12 07:27:58.322   328   410 E RILD    : [NIF] Deleting IPv6 default routes.
06-12 07:27:58.326   328   410 E RILD    : [NIF] Deleting IPv6 host routes.
06-12 07:27:58.327   328   777 E RILD    : Force-exit is required for this thread
06-12 07:27:58.327   328   410 E RILD    : [NIF] Interface(rmnet4) is down.
06-12 07:27:58.335   328   410 E RILD    : [NIF] Clearing IPv4 address.
06-12 07:27:58.336   328   410 E RILD    : [NIF] Address is set for rmnet0
06-12 07:27:58.336   328   410 E RILD    : [NIF] Clearing all the IPv6 global addresses.
06-12 07:27:58.336   328   410 E RILD    : [NIF] Deleting IPv6 default routes.
06-12 07:27:58.336   328   410 E RILD    : [NIF] Deleting IPv6 host routes.
06-12 07:27:58.336   328   410 E RILD    : [NIF] Interface(rmnet0) is down.
06-12 07:27:58.336   328   410 E RILD    : [NIF] Clearing IPv4 address.
06-12 07:27:58.336   328   410 E RILD    : [NIF] Address is set for rmnet1
06-12 07:27:58.337   328   410 E RILD    : [NIF] Clearing all the IPv6 global addresses.
06-12 07:27:58.337   328   410 E RILD    : [NIF] Deleting IPv6 default routes.
06-12 07:27:58.337   328   410 E RILD    : [NIF] Deleting IPv6 host routes.
06-12 07:27:58.339   328   410 E RILD    : [NIF] Interface(rmnet1) is down.
06-12 07:27:58.339   328   410 E RILD    : [NIF] Clearing IPv4 address.
06-12 07:27:58.339   328   410 E RILD    : [NIF] Address is set for rmnet2
06-12 07:27:58.339   328   410 E RILD    : [NIF] Clearing all the IPv6 global addresses.
06-12 07:27:58.342   328   410 E RILD    : [NIF] Deleting IPv6 default routes.
06-12 07:27:58.342   328   410 E RILD    : [NIF] Deleting IPv6 host routes.
06-12 07:27:58.343   328   410 E RILD    : [NIF] Interface(rmnet2) is down.
06-12 07:27:58.343   328   410 E RILD    : [NIF] Clearing IPv4 address.
06-12 07:27:58.343   328   410 E RILD    : [NIF] Address is set for rmnet3
06-12 07:27:58.343   328   410 E RILD    : [NIF] Clearing all the IPv6 global addresses.
06-12 07:27:58.343   328   410 E RILD    : [NIF] Deleting IPv6 default routes.
06-12 07:27:58.343   328   410 E RILD    : [NIF] Deleting IPv6 host routes.
06-12 07:27:58.344   328   410 E RILD    : [NIF] Interface(rmnet3) is down.
06-12 07:27:58.344   328   410 E RILD    : [NIF] Clearing IPv4 address.
06-12 07:27:58.344   328   410 E RILD    : [NIF] Address is set for rmnet4
06-12 07:27:58.344   328   410 E RILD    : [NIF] Clearing all the IPv6 global addresses.
06-12 07:27:58.344   328   410 E RILD    : [NIF] Deleting IPv6 default routes.
06-12 07:27:58.344   328   410 E RILD    : [NIF] Deleting IPv6 host routes.
06-12 07:27:58.345   328   410 E RILD    : [NIF] Interface(rmnet4) is down.
06-12 07:27:58.345   328   410 E RILD    : Handlers registered
06-12 07:27:58.402   328   410 E RILD    : LoadOpnameDb(): plmn(311580) full(U.S.Cellular) short(U.S.Cellular)
06-12 07:27:58.402   328   410 E RILD    : LoadOpnameDb(): plmn(310410) full(AT&T) short(AT&T)
06-12 07:27:58.402   328   410 E RILD    : LoadOpnameDb(): plmn(311480) full(Verizon Wireless) short(VZW)
06-12 07:27:58.407   328   410 E RILD    : RegisterForImsSupportStateChange start
06-12 07:27:58.407   328   410 E RILD    : RegisterForOnLteCaStatusNoti start
06-12 07:27:58.407   328   410 E RILD    : RegisterForImsRetryNetwork start
06-12 07:27:58.407   328   410 E RILD    : Reg Local Snapshot enable(1), timeout(22000)
06-12 07:27:58.409   328   410 E RILD    : SetSimOperator: invalid operator
06-12 07:27:58.410   328   410 E RILD    : Failed to get IMSI value.
06-12 07:27:58.410   328   410 E RILD    : Start, NetlinkUtils thread Started
06-12 07:27:58.410   328   410 E RILD    : DefRoute for rmnet0 is disabled
06-12 07:27:58.410   328   410 E RILD    : DefRoute for rmnet1 is disabled
06-12 07:27:58.410   328   410 E RILD    : DefRoute for rmnet2 is disabled
06-12 07:27:58.410   328   410 E RILD    : DefRoute for rmnet3 is disabled
06-12 07:27:58.410   328   410 E RILD    : DefRoute for rmnet4 is disabled
06-12 07:27:58.415   328   785 E RILD    : Force-exit is required for this thread
06-12 07:27:58.416   328   410 E RILD    : autoconf for rmnet0 is disabled.
06-12 07:27:58.416   328   410 E RILD    : autoconf for rmnet1 is disabled.
06-12 07:27:58.416   328   410 E RILD    : autoconf for rmnet2 is disabled.
06-12 07:27:58.419   328   410 E RILD    : autoconf for rmnet3 is disabled.
06-12 07:27:58.419   328   410 E RILD    : autoconf for rmnet4 is disabled.
06-12 07:27:58.419   328   410 E RILD    : AcceptRa is set to 1 for rmnet0.
06-12 07:27:58.419   328   410 E RILD    : AcceptRa is set to 1 for rmnet1.
06-12 07:27:58.419   328   410 E RILD    : AcceptRa is set to 1 for rmnet2.
06-12 07:27:58.420   328   410 E RILD    : AcceptRa is set to 1 for rmnet3.
06-12 07:27:58.420   328   410 E RILD    : AcceptRa is set to 1 for rmnet4.
06-12 07:27:58.420   328   410 E RILD    : RegisterForRetryApnChange start
06-12 07:27:58.420   328   410 E RILD    : AddHandler: Handler already exit.
06-12 07:27:58.420   328   410 E RILD    : RegisterForImsRetryOver start
06-12 07:27:58.432   328   410 E RILD    : DoModemBoot()
06-12 07:27:58.432   328   786 E RILD    : Force-exit is required for this thread
06-12 07:27:58.434   328   410 E RILD    : SendMessage: svc(VOICE), msg(0x3:QMI_VOICE_INDICATION_REGISTER), sync(1), internal(1), size(42)
06-12 07:27:58.434   270   270 E use-Rlog/RLOG-RIL-QMI: qmuxd: RX 55 bytes on fd=22 from qmux_client_id=0x0
06-12 07:27:58.435   328   786 E RILD    : IMS-MGR: evt(202)
06-12 07:27:58.435   328   786 E RILD    : IMS-MGR: EVENT_DATA_CALL_STATE_CHANGED
06-12 07:27:58.436   328   786 E RILD    : LDC-MGR: evt(10001)
06-12 07:27:58.447   328   787 E RILD    : Force-exit is required for this thread
06-12 07:27:58.450   270   609 E use-Rlog/RLOG-RIL-QMI: qmuxd: TX message on fd=22, to qmux_client_id=0x0, len=54
06-12 07:27:58.451   328   410 E RILD    : ReceiveMessage: svc(VOICE), msg(0x3:QMI_VOICE_INDICATION_REGISTER), indi(0), size(8), err(0)
06-12 07:27:58.451   328   410 E RILD    : rssi threshole : -74,-75,-76,-84,-85,-86,-89,-90,-94,-95,-96,-99,-100,-101,-102,-105
06-12 07:27:58.451   328   410 E RILD    : SendMessage: svc(NAS), msg(0x50:QMI_NAS_CONFIG_SIG_INFO), sync(1), internal(1), size(372)
06-12 07:27:58.451   270   270 E use-Rlog/RLOG-RIL-QMI: qmuxd: RX 198 bytes on fd=22 from qmux_client_id=0x0
06-12 07:27:58.461   270   609 E use-Rlog/RLOG-RIL-QMI: qmuxd: TX message on fd=22, to qmux_client_id=0x0, len=54
06-12 07:27:58.461   328   410 E RILD    : ReceiveMessage: svc(NAS), msg(0x50:QMI_NAS_CONFIG_SIG_INFO), indi(0), size(8), err(0)
06-12 07:27:58.462   328   410 E RILD    : Result(0), Error(0)
06-12 07:27:58.462   328   410 E RILD    : SendMessage: svc(NAS), msg(0x2:QMI_NAS_SET_EVENT_REPORT), sync(1), internal(1), size(104)
06-12 07:27:58.462   270   270 E use-Rlog/RLOG-RIL-QMI: qmuxd: RX 51 bytes on fd=22 from qmux_client_id=0x0
06-12 07:27:58.468   270   609 E use-Rlog/RLOG-RIL-QMI: qmuxd: TX message on fd=22, to qmux_client_id=0x0, len=54
06-12 07:27:58.468   328   410 E RILD    : ReceiveMessage: svc(NAS), msg(0x2:QMI_NAS_SET_EVENT_REPORT), indi(0), size(8), err(0)
06-12 07:27:58.468   328   410 E RILD    : RxSetEventReport: Receive set event report response
06-12 07:27:58.468   328   410 E RILD    : Result(0), Error(0)
06-12 07:27:58.468   328   410 E RILD    : SendMessage: svc(NAS), msg(0x4D:QMI_NAS_GET_SYS_INFO), sync(1), internal(1), size(0)
06-12 07:27:58.468   270   270 E use-Rlog/RLOG-RIL-QMI: qmuxd: RX 47 bytes on fd=22 from qmux_client_id=0x0
06-12 07:27:58.487   270   609 E use-Rlog/RLOG-RIL-QMI: qmuxd: TX message on fd=22, to qmux_client_id=0x0, len=84
06-12 07:27:58.487   328   410 E RILD    : ReceiveMessage: svc(NAS), msg(0x4D:QMI_NAS_GET_SYS_INFO), indi(0), size(1072), err(0)
06-12 07:27:58.487   328   410 E RILD    : Result(0), Error(0)
06-12 07:27:58.487   328   410 E RILD    : [VoLTE] VoPS [0], EbSupport [0], EmergencyAccessBarred [0]
06-12 07:27:58.487   328   410 E RILD    : UpdateVoiceRte: [CS] 1x reg [2], gsm reg [0], wcdma reg [0], lte reg [2], hdr reg [2], Td reg [0]
06-12 07:27:58.487   328   410 E RILD    : UpdateVoiceRte: mVoiceRte(0), Confidence(4), mReportedLteSmsStatus(0)
06-12 07:27:58.487   328   410 E RILD    : UpdateDataRte: [PS] 1x reg [2], gsm reg [0], wcdma reg [0], lte reg [2], hdr reg [2], Td reg [0], pref_data_tech(0), radio_tech_flag(0)
06-12 07:27:58.487   328   410 E RILD    : UpdateDataRte: [FINAL-PS] 1x reg [0], gsm reg [0], wcdma reg [0], lte reg [0], hdr reg [0], Td reg[0]
06-12 07:27:58.487   328   410 E RILD    : UpdateDataRte: mDataRte(0), Confidence(4)
06-12 07:27:58.487   328   410 E RILD    : UpdateImsRte: mImsRte(0), Confidence(4)
06-12 07:27:58.487   328   410 E RILD    : UpdateVoiceTech() - RteType: 2, VoiceRadioTech: 0 -> 0
06-12 07:27:58.487   328   410 E RILD    : GetVoiceSysInfo: regState(2), voiceRte(0), isRte3gpp(1)
06-12 07:27:58.487   328   410 E RILD    :  ... cid invalid, set cid to previous value 0, 0
06-12 07:27:58.487   328   410 E RILD    : cdmaCcsSupported: 0, SimulVoiceAndDataCapability Valid: 0, Value: 0
06-12 07:27:58.487   328   410 E RILD    : mReportedDataTechnology Valid: 0, Value: 0
06-12 07:27:58.488   328   410 E RILD    : .. VoPS: 0, EbSupport: 0, EmergencyBarring: 0
06-12 07:27:58.488   328   410 E RILD    : BuildVoiceRegState : rData->mTac : 0
06-12 07:27:58.488   328   410 E RILD    : SendMessage: svc(NAS), msg(0x3:QMI_NAS_INDICATION_REGISTER), sync(1), internal(1), size(57)
06-12 07:27:58.488   270   270 E use-Rlog/RLOG-RIL-QMI: qmuxd: RX 103 bytes on fd=22 from qmux_client_id=0x0
06-12 07:27:58.490   270   609 E use-Rlog/RLOG-RIL-QMI: qmuxd: TX message on fd=22, to qmux_client_id=0x0, len=54
06-12 07:27:58.490   328   410 E RILD    : ReceiveMessage: svc(NAS), msg(0x3:QMI_NAS_INDICATION_REGISTER), indi(0), size(8), err(0)
06-12 07:27:58.490   328   410 E RILD    : RxSetIndicationRegister: Receive indication reg response
06-12 07:27:58.490   328   410 E RILD    : IsConsideredRegistered: cs 1x(2), gsm(0), wcdma(0), lte(2), hdr(2), Td(0)
06-12 07:27:58.490   328   410 E RILD    : IsConsideredRegistered: ps 1x(2), gsm(0), wcdma(0), lte(2), hdr(2), Td(0)
06-12 07:27:58.490   328   410 E RILD    : Result(0), Error(0)
06-12 07:27:58.490   328   410 E RILD    : SendMessage: svc(NAS), msg(0x34:QMI_NAS_GET_SYSTEM_SELECTION_PREFERENCE), sync(1), internal(1), size(0)
06-12 07:27:58.490   328   786 E RILD    : CLNET-MGR: evt(201)
06-12 07:27:58.490   328   786 E RILD    : CLNET-MGR: EVENT_NETWORK_SIGNAL_STRENGTH
06-12 07:27:58.491   270   270 E use-Rlog/RLOG-RIL-QMI: qmuxd: RX 47 bytes on fd=22 from qmux_client_id=0x0
06-12 07:27:58.491   328   786 E RILD    : OnUnsolicitedResponse: unsolId: 1009
06-12 07:27:58.491   328   786 E RILC    : currentSignalStrengthInd: radioService[0]->mRadioIndication == NULL
06-12 07:27:58.491   328   786 E RILD    : OnUnsolicitedResponse: mOemClientReceiver is yet initialized.
06-12 07:27:58.495   270   609 E use-Rlog/RLOG-RIL-QMI: qmuxd: TX message on fd=22, to qmux_client_id=0x0, len=141
06-12 07:27:58.496   328   410 E RILD    : ReceiveMessage: svc(NAS), msg(0x34:QMI_NAS_GET_SYSTEM_SELECTION_PREFERENCE), indi(0), size(208), err(0)
06-12 07:27:58.496   328   410 E RILD    : RxGetSystemSelectionPref: param(3), result(1), mode_pref_valid(0), net_sel_pref_valid(0)
06-12 07:27:58.496   328   410 E RILD    : Result(0), Error(0)
06-12 07:27:58.496   328   410 E RILD    : RxGetSystemSelectionPref: mode pref 19 is converted to 8
06-12 07:27:58.496   328   410 E RILD    : SendMessage: svc(NAS), msg(0x6B:QMI_NAS_GET_CENTRALIZED_EONS_SUPPORT_STATUS), sync(1), internal(1), size(0)
06-12 07:27:58.496   270   270 E use-Rlog/RLOG-RIL-QMI: qmuxd: RX 47 bytes on fd=22 from qmux_client_id=0x0
06-12 07:27:58.501   270   609 E use-Rlog/RLOG-RIL-QMI: qmuxd: TX message on fd=22, to qmux_client_id=0x0, len=58
06-12 07:27:58.501   328   410 E RILD    : ReceiveMessage: svc(NAS), msg(0x6B:QMI_NAS_GET_CENTRALIZED_EONS_SUPPORT_STATUS), indi(0), size(12), err(0)
06-12 07:27:58.501   328   410 E RILD    : Result(0), Error(0)
06-12 07:27:58.501   328   410 E RILD    : SendMessage: svc(NAS), msg(0x4D:QMI_NAS_GET_SYS_INFO), sync(1), internal(1), size(0)
06-12 07:27:58.502   270   270 E use-Rlog/RLOG-RIL-QMI: qmuxd: RX 47 bytes on fd=22 from qmux_client_id=0x0
06-12 07:27:58.507   270   609 E use-Rlog/RLOG-RIL-QMI: qmuxd: TX message on fd=22, to qmux_client_id=0x0, len=84
06-12 07:27:58.507   328   410 E RILD    : ReceiveMessage: svc(NAS), msg(0x4D:QMI_NAS_GET_SYS_INFO), indi(0), size(1072), err(0)
06-12 07:27:58.507   328   410 E RILD    : Result(0), Error(0)
06-12 07:27:58.508   328   410 E RILD    : [VoLTE] VoPS [0], EbSupport [0], EmergencyAccessBarred [0]
06-12 07:27:58.508   328   410 E RILD    : UpdateVoiceRte: [CS] 1x reg [2], gsm reg [0], wcdma reg [0], lte reg [2], hdr reg [2], Td reg [0]
06-12 07:27:58.508   328   410 E RILD    : UpdateVoiceRte: mVoiceRte(0), Confidence(4), mReportedLteSmsStatus(0)
06-12 07:27:58.508   328   410 E RILD    : UpdateDataRte: [PS] 1x reg [2], gsm reg [0], wcdma reg [0], lte reg [2], hdr reg [2], Td reg [0], pref_data_tech(0), radio_tech_flag(0)
06-12 07:27:58.508   328   410 E RILD    : UpdateDataRte: [FINAL-PS] 1x reg [0], gsm reg [0], wcdma reg [0], lte reg [0], hdr reg [0], Td reg[0]
06-12 07:27:58.508   328   410 E RILD    : UpdateDataRte: mDataRte(0), Confidence(4)
06-12 07:27:58.508   328   410 E RILD    : UpdateImsRte: mImsRte(0), Confidence(4)
06-12 07:27:58.508   328   410 E RILD    : UpdateVoiceTech() - RteType: 2, VoiceRadioTech: 0 -> 0
06-12 07:27:58.508   328   410 E RILD    : GetVoiceSysInfo: regState(2), voiceRte(0), isRte3gpp(1)
06-12 07:27:58.508   328   410 E RILD    :  ... cid invalid, set cid to previous value 0, 0
06-12 07:27:58.508   328   410 E RILD    : cdmaCcsSupported: 0, SimulVoiceAndDataCapability Valid: 0, Value: 0
06-12 07:27:58.508   328   410 E RILD    : mReportedDataTechnology Valid: 0, Value: 0
06-12 07:27:58.508   328   410 E RILD    : .. VoPS: 0, EbSupport: 0, EmergencyBarring: 0
06-12 07:27:58.508   328   410 E RILD    : BuildVoiceRegState : rData->mTac : 0
06-12 07:27:58.508   328   410 E RILD    : SendMessage: svc(WMS), msg(0x45:QMI_WMS_SET_PRIMARY_CLIENT), sync(1), internal(1), size(1)
06-12 07:27:58.508   270   270 E use-Rlog/RLOG-RIL-QMI: qmuxd: RX 51 bytes on fd=22 from qmux_client_id=0x0
06-12 07:27:58.511   270   609 E use-Rlog/RLOG-RIL-QMI: qmuxd: TX message on fd=22, to qmux_client_id=0x0, len=54
