06-12 09:19:11.781  1102  1158 D RilRequest: [0043]< SIM_IO error: com.android.internal.telephony.CommandException: GENERIC_FAILURE ret=IccIoResult sw1:0x0 sw2:0x0 Payload: ******* Error: unknown
06-12 09:19:11.785  1102  1102 D RILJ    : [0061]> iccIO: SIM_IO [SUB0]
06-12 09:19:11.785   312   312 E RILD    : IsRegisteredNetworkType(): netType[1]  feature[00] state[0] 
06-12 09:19:11.785   312   608 E RILD    : DoRouteIn - FW reqId : 28
06-12 09:19:11.791  1102  1102 D RILJ    : [0062]> iccIO: SIM_IO [SUB0]
06-12 09:19:11.795   312   312 E RILD    : IsRegisteredNetworkType(): netType[1]  feature[00] state[0] 
06-12 09:19:11.796   312   608 E RILD    : DoRouteIn - FW reqId : 28
06-12 09:19:11.800   269   585 E use-Rlog/RLOG-RIL-QMI: qmuxd: TX message on fd=22, to qmux_client_id=0x0, len=117
06-12 09:19:11.801   312   603 E RILD    : QmiSolicitedCallback: msgId(36), err(0)
06-12 09:19:11.801   312   421 E RILD    : ReceiveMessage: svc(UIM), msg(0x24:QMI_UIM_GET_FILE_ATTRIBUTES), indi(0), size(1108), err(0)
06-12 09:19:11.801   312   421 E RILD    : Result(0), Error(0)
06-12 09:19:11.801   312   421 E RILD    : RxSimIoGetResponse: fileSize: 17 fileId: 0x6f46 fileType: 0 recordSize: 0 recordCount: 0
06-12 09:19:11.801   312   607 E RILD    : CLSIM-MGR: evt(201)
06-12 09:19:11.801   312   608 E RILD    : DoRouteOut - FW reqId : 28
06-12 09:19:11.801   269   585 E use-Rlog/RLOG-RIL-QMI: qmuxd: TX message on fd=22, to qmux_client_id=0x0, len=118
06-12 09:19:11.801  1102  1158 D RILJ    : [0044]< SIM_IO IccIoResult sw1:0x90 sw2:0x0 Payload: ******* [SUB0]
06-12 09:19:11.801   312   603 E RILD    : QmiSolicitedCallback: msgId(36), err(0)
06-12 09:19:11.801   312   421 E RILD    : ReceiveMessage: svc(UIM), msg(0x24:QMI_UIM_GET_FILE_ATTRIBUTES), indi(0), size(1108), err(0)
06-12 09:19:11.802   312   421 E RILD    : Result(0), Error(0)
06-12 09:19:11.802   312   421 E RILD    : RxSimIoGetResponse: fileSize: 46 fileId: 0x6fcd fileType: 0 recordSize: 0 recordCount: 0
06-12 09:19:11.802   312   607 E RILD    : CLSIM-MGR: evt(101)
06-12 09:19:11.802   312   607 E RILD    : TxSimIo: cmd:0xc0, fileId:0x6f62, path:?, p1:0, p2:0, p3:15 convPath: 3f007fff convAid: a0000000871002f310ffff89080000ff
06-12 09:19:11.802   312   607 E RILD    : TxSimIoGetResponse: for fileId: 0x6f62 session type: 0 firstLevelDfPath: 0x7fff
06-12 09:19:11.802   312   607 E RILD    : SendMessage: svc(UIM), msg(0x24:QMI_UIM_GET_FILE_ATTRIBUTES), sync(0), internal(0), size(72)
06-12 09:19:11.802   312   607 E RILD    : CLSIM-MGR: evt(201)
06-12 09:19:11.802   269   269 E use-Rlog/RLOG-RIL-QMI: qmuxd: RX 62 bytes on fd=22 from qmux_client_id=0x0
06-12 09:19:11.802   312   608 E RILD    : DoRouteOut - FW reqId : 28
06-12 09:19:11.802  1102  1158 D RILJ    : [0045]< SIM_IO IccIoResult sw1:0x90 sw2:0x0 Payload: ******* [SUB0]
06-12 09:19:11.803   269   585 E use-Rlog/RLOG-RIL-QMI: qmuxd: TX message on fd=22, to qmux_client_id=0x0, len=121
06-12 09:19:11.803   312   603 E RILD    : QmiSolicitedCallback: msgId(36), err(0)
06-12 09:19:11.803   312   421 E RILD    : ReceiveMessage: svc(UIM), msg(0x24:QMI_UIM_GET_FILE_ATTRIBUTES), indi(0), size(1108), err(0)
06-12 09:19:11.803   312   421 E RILD    : Result(0), Error(0)
06-12 09:19:11.803   312   421 E RILD    : RxSimIoGetResponse: fileSize: 100 fileId: 0x6fc5 fileType: 2 recordSize: 20 recordCount: 5
06-12 09:19:11.804   269   585 E use-Rlog/RLOG-RIL-QMI: qmuxd: TX message on fd=22, to qmux_client_id=0x0, len=118
06-12 09:19:11.804   312   603 E RILD    : QmiSolicitedCallback: msgId(36), err(0)
06-12 09:19:11.804   312   421 E RILD    : ReceiveMessage: svc(UIM), msg(0x24:QMI_UIM_GET_FILE_ATTRIBUTES), indi(0), size(1108), err(0)
06-12 09:19:11.804   312   421 E RILD    : Result(0), Error(0)
06-12 09:19:11.804   312   421 E RILD    : RxSimIoGetResponse: fileSize: 11 fileId: 0x6f38 fileType: 0 recordSize: 0 recordCount: 0
06-12 09:19:11.805   312   607 E RILD    : CLSIM-MGR: evt(101)
06-12 09:19:11.805   312   607 E RILD    : TxSimIo: cmd:0xc0, fileId:0x6fd9, path:?, p1:0, p2:0, p3:15 convPath: 3f007fff convAid: a0000000871002f310ffff89080000ff
06-12 09:19:11.805   312   607 E RILD    : TxSimIoGetResponse: for fileId: 0x6fd9 session type: 0 firstLevelDfPath: 0x7fff
06-12 09:19:11.805   312   607 E RILD    : SendMessage: svc(UIM), msg(0x24:QMI_UIM_GET_FILE_ATTRIBUTES), sync(0), internal(0), size(72)
06-12 09:19:11.805   312   607 E RILD    : CLSIM-MGR: evt(201)
06-12 09:19:11.805  1102  1102 D RILJ    : [0063]> iccIO: SIM_IO [SUB0]
06-12 09:19:11.805   312   607 E RILD    : CLSIM-MGR: evt(201)
06-12 09:19:11.805   312   607 E RILD    : SetServiceTableInfo: SstLoaded
06-12 09:19:11.805   269   269 E use-Rlog/RLOG-RIL-QMI: qmuxd: RX 62 bytes on fd=22 from qmux_client_id=0x0
06-12 09:19:11.805  1102  1158 D RILJ    : [0046]< SIM_IO IccIoResult sw1:0x90 sw2:0x0 Payload: ******* [SUB0]
06-12 09:19:11.805   312   608 E RILD    : DoRouteOut - FW reqId : 28
06-12 09:19:11.805   312   608 E RILD    : DoRouteOut - FW reqId : 28
06-12 09:19:11.805   312   607 E RILD    : CLSIM-MGR: evt(101)
06-12 09:19:11.805   312   607 E RILD    : TxSimIo: cmd:0xc0, fileId:0x6f7b, path:?, p1:0, p2:0, p3:15 convPath: 3f007fff convAid: a0000000871002f310ffff89080000ff
06-12 09:19:11.806  1102  1158 D RILJ    : [0047]< SIM_IO IccIoResult sw1:0x90 sw2:0x0 Payload: ******* [SUB0]
06-12 09:19:11.806   312   607 E RILD    : TxSimIoGetResponse: for fileId: 0x6f7b session type: 0 firstLevelDfPath: 0x7fff
06-12 09:19:11.806   312   607 E RILD    : SendMessage: svc(UIM), msg(0x24:QMI_UIM_GET_FILE_ATTRIBUTES), sync(0), internal(0), size(72)
06-12 09:19:11.806   312   607 E RILD    : CLSIM-MGR: evt(101)
06-12 09:19:11.806   312   607 E RILD    : TxSimIo: cmd:0xc0, fileId:0x6f05, path:?, p1:0, p2:0, p3:15 convPath: 3f007fff convAid: a0000000871002f310ffff89080000ff
06-12 09:19:11.806   312   607 E RILD    : TxSimIoGetResponse: for fileId: 0x6f05 session type: 0 firstLevelDfPath: 0x7fff
06-12 09:19:11.806   312   607 E RILD    : SendMessage: svc(UIM), msg(0x24:QMI_UIM_GET_FILE_ATTRIBUTES), sync(0), internal(0), size(72)
06-12 09:19:11.806   269   269 E use-Rlog/RLOG-RIL-QMI: qmuxd: RX 62 bytes on fd=22 from qmux_client_id=0x0
06-12 09:19:11.806   312   312 E RILD    : IsRegisteredNetworkType(): netType[1]  feature[00] state[0] 
06-12 09:19:11.806   269   269 E use-Rlog/RLOG-RIL-QMI: qmuxd: RX 62 bytes on fd=22 from qmux_client_id=0x0
06-12 09:19:11.806   312   608 E RILD    : DoRouteIn - FW reqId : 28
06-12 09:19:11.930  1102  1102 D UiccProfile: setExternalState: !override and newstate unchanged from READY
06-12 09:19:11.931   269   585 E use-Rlog/RLOG-RIL-QMI: qmuxd: TX message on fd=22, to qmux_client_id=0x0, len=54
06-12 09:19:11.931   312   603 E RILD    : QmiSolicitedCallback: msgId(36), err(0)
06-12 09:19:11.931   312   421 E RILD    : ReceiveMessage: svc(UIM), msg(0x24:QMI_UIM_GET_FILE_ATTRIBUTES), indi(0), size(1108), err(0)
06-12 09:19:11.932   312   421 E RILD    : Result(1), Error(3)
06-12 09:19:11.934  1102  1102 D SubscriptionManager: putPhoneIdAndSubIdExtra: no valid subs
06-12 09:19:11.967  1102  1102 D PhoneSwitcher: notifyPreferredDataSubIdChanged to -1
06-12 09:19:11.974  1102  1194 D Dcc-C   : DccDefaultState: msg.what=EVENT_RIL_CONNECTED mRilVersion=15
06-12 09:19:11.982   269   585 E use-Rlog/RLOG-RIL-QMI: qmuxd: TX message on fd=22, to qmux_client_id=0x0, len=118
06-12 09:19:11.982   312   603 E RILD    : QmiSolicitedCallback: msgId(36), err(0)
06-12 09:19:11.982   312   421 E RILD    : ReceiveMessage: svc(UIM), msg(0x24:QMI_UIM_GET_FILE_ATTRIBUTES), indi(0), size(1108), err(0)
06-12 09:19:11.982   312   421 E RILD    : Result(0), Error(0)
06-12 09:19:11.982   312   421 E RILD    : RxSimIoGetResponse: fileSize: 500 fileId: 0x6f62 fileType: 0 recordSize: 0 recordCount: 0
06-12 09:19:12.045  1102  1280 D SubscriptionController: [getActiveSubscriptionInfo]- subId=1 subList=[] subInfo=null
06-12 09:19:12.075   269   585 E use-Rlog/RLOG-RIL-QMI: qmuxd: TX message on fd=22, to qmux_client_id=0x0, len=118
06-12 09:19:12.075   312   603 E RILD    : QmiSolicitedCallback: msgId(36), err(0)
06-12 09:19:12.075   312   421 E RILD    : ReceiveMessage: svc(UIM), msg(0x24:QMI_UIM_GET_FILE_ATTRIBUTES), indi(0), size(1108), err(0)
06-12 09:19:12.075   312   421 E RILD    : Result(0), Error(0)
06-12 09:19:12.075   312   421 E RILD    : RxSimIoGetResponse: fileSize: 6 fileId: 0x6f05 fileType: 0 recordSize: 0 recordCount: 0
06-12 09:19:12.111   269   585 E use-Rlog/RLOG-RIL-QMI: qmuxd: TX message on fd=22, to qmux_client_id=0x0, len=118
06-12 09:19:12.111   312   603 E RILD    : QmiSolicitedCallback: msgId(36), err(0)
06-12 09:19:12.111   312   421 E RILD    : ReceiveMessage: svc(UIM), msg(0x24:QMI_UIM_GET_FILE_ATTRIBUTES), indi(0), size(1108), err(0)
06-12 09:19:12.111   312   421 E RILD    : Result(0), Error(0)
06-12 09:19:12.112   312   421 E RILD    : RxSimIoGetResponse: fileSize: 6 fileId: 0x2f05 fileType: 0 recordSize: 0 recordCount: 0
06-12 09:19:12.122  1102  1102 D UiccCardApplication: Query facility FDN : FDN service available: true enabled: false
06-12 09:19:12.123  1102  1102 D UiccCardApplication: Query facility lock : 0
06-12 09:19:12.123  1102  1102 D SST     : [0] SubscriptionListener.onSubscriptionInfoChanged
06-12 09:19:12.123  1102  1102 D UiccCardApplication: Query facility FDN : FDN service available: true enabled: false
06-12 09:19:12.123  1102  1102 D UiccCardApplication: Query facility lock : 0
06-12 09:19:12.123  1102  1102 D EmergencyNumberTracker: ACTION_NETWORK_COUNTRY_CHANGED: PhoneId: 0 CountryIso: us
06-12 09:19:12.138  1102  1102 D SIMRecords: [SIMRecords] IMSI: mMncLength=-1
06-12 09:19:12.138  1102  1102 D SIMRecords: [SIMRecords] IMSI: 311580[****]
06-12 09:19:12.140  1102  1102 D SIMRecords: [SIMRecords] onRecordLoaded 23 requested: true
06-12 09:19:12.141  1102  1102 D RILJ    : [0077]> iccIO: SIM_IO [SUB0]
06-12 09:19:12.141   312   312 E RILD    : IsRegisteredNetworkType(): netType[1]  feature[00] state[0] 
06-12 09:19:12.141   312   608 E RILD    : DoRouteIn - FW reqId : 28
06-12 09:19:12.162   312   312 E RILD    : IsRegisteredNetworkType(): netType[1]  feature[00] state[0] 
06-12 09:19:12.162   312   608 E RILD    : DoRouteIn - FW reqId : 28
06-12 09:19:12.171  1102  1102 D RILJ    : [0083]> iccIO: SIM_IO [SUB0]
06-12 09:19:12.172   312   312 E RILD    : IsRegisteredNetworkType(): netType[1]  feature[00] state[0] 
06-12 09:19:12.172   312   608 E RILD    : DoRouteIn - FW reqId : 28
06-12 09:19:12.177   269   585 E use-Rlog/RLOG-RIL-QMI: qmuxd: TX message on fd=22, to qmux_client_id=0x0, len=121
06-12 09:19:12.177   312   603 E RILD    : QmiSolicitedCallback: msgId(36), err(0)
06-12 09:19:12.177   312   421 E RILD    : ReceiveMessage: svc(UIM), msg(0x24:QMI_UIM_GET_FILE_ATTRIBUTES), indi(0), size(1108), err(0)
06-12 09:19:12.177   312   421 E RILD    : Result(0), Error(0)
06-12 09:19:12.177   312   421 E RILD    : RxSimIoGetResponse: fileSize: 1000 fileId: 0x6f04 fileType: 2 recordSize: 100 recordCount: 10
06-12 09:19:12.178  1102  1102 D RILJ    : [0084]> iccIO: SIM_IO [SUB0]
06-12 09:19:12.178   312   312 E RILD    : IsRegisteredNetworkType(): netType[1]  feature[00] state[0] 
06-12 09:19:12.178   312   608 E RILD    : DoRouteIn - FW reqId : 28
06-12 09:19:12.179  1102  1102 D RILJ    : [0085]> iccIO: SIM_IO [SUB0]
06-12 09:19:12.179   312   312 E RILD    : IsRegisteredNetworkType(): netType[1]  feature[00] state[0] 
06-12 09:19:12.180   312   608 E RILD    : DoRouteIn - FW reqId : 28
06-12 09:19:12.181  1102  1102 D RILJ    : [0086]> iccIO: SIM_IO [SUB0]
06-12 09:19:12.181   312   312 E RILD    : IsRegisteredNetworkType(): netType[1]  feature[00] state[0] 
06-12 09:19:12.181   312   608 E RILD    : DoRouteIn - FW reqId : 28
06-12 09:19:12.186  1102  1102 D RILJ    : [0087]> iccIO: SIM_IO [SUB0]
06-12 09:19:12.187   312   312 E RILD    : IsRegisteredNetworkType(): netType[1]  feature[00] state[0] 
06-12 09:19:12.187   312   608 E RILD    : DoRouteIn - FW reqId : 28
06-12 09:19:12.197  1102  1102 D RILJ    : [0088]> iccIO: SIM_IO [SUB0]
06-12 09:19:12.197   312   312 E RILD    : IsRegisteredNetworkType(): netType[1]  feature[00] state[0] 
06-12 09:19:12.198  1102  1102 D TelephonyManager: getLteOnCdmaMode=1 curVal=1 product_type='' lteOnCdmaProductType=''
06-12 09:19:12.199  1102  1102 D SST     : [0] Receive EVENT_RUIM_READY
06-12 09:19:12.199  1102  1102 D SST     : [0] pollState: modemTriggered=false
06-12 09:19:12.200  1102  1102 D RILJ    : [0089]> OPERATOR [SUB0]
06-12 09:19:12.202  1102  1233 D RILJ    : [0090]> DATA_REGISTRATION_STATE [SUB0]
06-12 09:19:12.203  1102  1102 D RILJ    : [0091]> QUERY_NETWORK_SELECTION_MODE [SUB0]
06-12 09:19:12.204  1102  1233 D RILJ    : [0092]> VOICE_REGISTRATION_STATE [SUB0]
06-12 09:19:12.212   269   585 E use-Rlog/RLOG-RIL-QMI: qmuxd: TX message on fd=22, to qmux_client_id=0x0, len=118
06-12 09:19:12.268  1102  1102 D SubscriptionController: [getSlotIndex]- subId invalid
06-12 09:19:12.268  1102  1102 D SubscriptionController: [getSlotIndex]- subId invalid
06-12 09:19:12.272  1102  1102 D EmergencyNumberTracker: notifyEmergencyNumberList(): notified
06-12 09:19:12.331  1102  1205 E GsmCdmaPhone: [0] getLine1AlphaTag: not possible in CDMA
06-12 09:19:12.387  1102  1158 D RILJ    : [0075]< RIL_REQUEST_CDMA_SUBSCRIPTION {4145872668, 4112,0,0,0,0,0,0,0,0,0,0,0,0,0,0,0,0,0,0,0, 65535,0,0,0,0,0,0,0,0,0,0,0,0,0,0,0,0,0,0,0, 4145872668, 0} [SUB0]
06-12 09:19:12.387   312   607 E RILD    : CLNET-MGR: evt(102)
06-12 09:19:12.387   269   269 E use-Rlog/RLOG-RIL-QMI: qmuxd: RX 78 bytes on fd=22 from qmux_client_id=0x0
06-12 09:19:12.387   312   607 E RILD    : CLNET-MGR: EVENT_DATA_NET_REG_STATE
06-12 09:19:12.387   312   607 E RILD    : DoDataNetRegState():
06-12 09:19:12.387   312   607 E RILD    : SendMessage: svc(NAS), msg(0x4D:QMI_NAS_GET_SYS_INFO), sync(1), internal(0), size(0)
06-12 09:19:12.449   312   607 E RILD    : ReceiveMessage: svc(NAS), msg(0x4D:QMI_NAS_GET_SYS_INFO), indi(0), size(1072), err(0)
06-12 09:19:12.449   312   607 E RILD    : Result(0), Error(0)
06-12 09:19:12.449   312   607 E RILD    : [VoLTE] VoPS [0], EbSupport [0], EmergencyAccessBarred [0]
06-12 09:19:12.449   312   607 E RILD    : UpdateVoiceRte: [CS] 1x reg [0], gsm reg [0], wcdma reg [0], lte reg [0], hdr reg [2], Td reg [0]
06-12 09:19:12.449   312   607 E RILD    : UpdateVoiceRte: mVoiceRte(0), Confidence(4), mReportedLteSmsStatus(0)
06-12 09:19:12.449   312   607 E RILD    : UpdateDataRte: [PS] 1x reg [0], gsm reg [0], wcdma reg [0], lte reg [0], hdr reg [2], Td reg [0], pref_data_tech(0), radio_tech_flag(1)
06-12 09:19:12.449   312   607 E RILD    : UpdateDataRte: [FINAL-PS] 1x reg [0], gsm reg [0], wcdma reg [0], lte reg [0], hdr reg [0], Td reg[0]
06-12 09:19:12.449   312   607 E RILD    : UpdateDataRte: mDataRte(0), Confidence(4)
06-12 09:19:12.449   312   607 E RILD    : UpdateImsRte: mImsRte(0), Confidence(4)
06-12 09:19:12.449   312   607 E RILD    : UpdateVoiceTech() - RteType: 2, VoiceRadioTech: 0 -> 0
06-12 09:19:12.449   312   607 E RILD    : GetVoiceSysInfo: regState(2), voiceRte(0), isRte3gpp(1)
06-12 09:19:12.449   312   607 E RILD    :  ... cid invalid, set cid to previous value 0, 4
06-12 09:19:12.449   312   607 E RILD    : cdmaCcsSupported: 0, SimulVoiceAndDataCapability Valid: 1, Value: 1
06-12 09:19:12.449   312   607 E RILD    : mReportedDataTechnology Valid: 0, Value: 0
06-12 09:19:12.449   312   607 E RILD    : .. VoPS: 0, EbSupport: 0, EmergencyBarring: 0
06-12 09:19:12.449   312   607 E RILD    : BuildVoiceRegState : rData->mTac : 0
06-12 09:19:12.449   312   607 E RILD    : CLSIM-MGR: evt(101)
06-12 09:19:12.449   312   607 E RILD    : TxSimIo: cmd:0xc0, fileId:0x6f41, path:?, p1:0, p2:0, p3:15 convPath: 3f007fff convAid: a0000003431002f310ffff89020000ff
06-12 09:19:12.449   312   607 E RILD    : TxSimIoGetResponse: for fileId: 0x6f41 session type: 1 firstLevelDfPath: 0x7fff
06-12 09:19:12.449   312   607 E RILD    : SendMessage: svc(UIM), msg(0x24:QMI_UIM_GET_FILE_ATTRIBUTES), sync(0), internal(0), size(72)
06-12 09:19:12.449   269   269 E use-Rlog/RLOG-RIL-QMI: qmuxd: RX 62 bytes on fd=22 from qmux_client_id=0x0
06-12 09:19:12.450   312   607 E RILD    : CLNET-MGR: evt(101)
06-12 09:19:12.450   312   607 E RILD    : CLNET-MGR: EVENT_VOICE_NET_REG_STATE_DONE
06-12 09:19:12.451  1102  1158 D RILJ    : [0092]< VOICE_REGISTRATION_STATE {.regState = NOT_REG_MT_SEARCHING_OP, .rat = 0, .cssSupported = false, .roamingIndicator = 1, .systemIsInPrl = 0, .defaultRoamingIndicator = 0, .reasonForDenial = 0, .cellIdentity = {.cellInfoType = NONE, .cellIdentityGsm = [], .cellIdentityWcdma = [], .cellIdentityCdma = [], .cellIdentityLte = [], .cellIdentityTdscdma = []}} [SUB0]
06-12 09:19:12.452  1102  1241 D NRM-C   : onRequestNetworkRegistrationInfoComplete result: 0, info: NetworkRegistrationInfo{ domain=CS transportType=WWAN registrationState=NOT_REG_SEARCHING roamingType=NOT_ROAMING accessNetworkTechnology=UNKNOWN rejectCause=0 emergencyEnabled=false availableServices=[] cellIdentity=null voiceSpecificInfo=VoiceSpecificRegistrationInfo { mCssSupported=false mRoamingIndicator=1 mSystemIsInPrl=0 mDefaultRoamingIndicator=0} dataSpecificInfo=null nrState=NONE}
06-12 09:19:12.452   312   608 E RILD    : DoRouteOut - FW reqId : 45
06-12 09:19:12.452   312   607 E RILD    : CLSIM-MGR: evt(101)
06-12 09:19:12.452   312   607 E RILD    : TxSimIo: cmd:0xc0, fileId:0x6f44, path:?, p1:0, p2:0, p3:15 convPath: 3f007fff convAid: a0000003431002f310ffff89020000ff
06-12 09:19:12.452   312   607 E RILD    : TxSimIoGetResponse: for fileId: 0x6f44 session type: 1 firstLevelDfPath: 0x7fff
06-12 09:19:12.452   312   607 E RILD    : SendMessage: svc(UIM), msg(0x24:QMI_UIM_GET_FILE_ATTRIBUTES), sync(0), internal(0), size(72)
06-12 09:19:12.452   269   269 E use-Rlog/RLOG-RIL-QMI: qmuxd: RX 62 bytes on fd=22 from qmux_client_id=0x0
06-12 09:19:12.452   312   607 E RILD    : CLNET-MGR: evt(118)
06-12 09:19:12.452   312   607 E RILD    : DoGetNetSelectionMode():
06-12 09:19:12.452   312   607 E RILD    : SendMessage: svc(NAS), msg(0x34:QMI_NAS_GET_SYSTEM_SELECTION_PREFERENCE), sync(1), internal(0), size(0)
06-12 09:19:12.453   269   269 E use-Rlog/RLOG-RIL-QMI: qmuxd: RX 47 bytes on fd=22 from qmux_client_id=0x0
06-12 09:19:12.457   269   585 E use-Rlog/RLOG-RIL-QMI: qmuxd: TX message on fd=22, to qmux_client_id=0x0, len=118
06-12 09:19:12.457   312   603 E RILD    : QmiSolicitedCallback: msgId(36), err(0)
06-12 09:19:12.457   312   421 E RILD    : ReceiveMessage: svc(UIM), msg(0x24:QMI_UIM_GET_FILE_ATTRIBUTES), indi(0), size(1108), err(0)
06-12 09:19:12.457   312   421 E RILD    : Result(0), Error(0)
06-12 09:19:12.458   312   421 E RILD    : RxSimIoGetResponse: fileSize: 1 fileId: 0x6f07 fileType: 0 recordSize: 0 recordCount: 0
06-12 09:19:12.517   269   585 E use-Rlog/RLOG-RIL-QMI: qmuxd: TX message on fd=22, to qmux_client_id=0x0, len=55
06-12 09:19:12.518   312   603 E RILD    : QmiUnsolicitedCallback: msgId(1)
06-12 09:19:12.555   269   585 E use-Rlog/RLOG-RIL-QMI: qmuxd: TX message on fd=22, to qmux_client_id=0x0, len=120
06-12 09:19:12.555   312   603 E RILD    : QmiSolicitedCallback: msgId(36), err(0)
06-12 09:19:12.555   312   421 E RILD    : ReceiveMessage: svc(UIM), msg(0x24:QMI_UIM_GET_FILE_ATTRIBUTES), indi(0), size(1108), err(0)
06-12 09:19:12.555   312   421 E RILD    : Result(0), Error(0)
06-12 09:19:12.555   312   421 E RILD    : RxSimIoGetResponse: fileSize: 100 fileId: 0x6f09 fileType: 2 recordSize: 100 recordCount: 1
06-12 09:19:12.571   269   585 E use-Rlog/RLOG-RIL-QMI: qmuxd: TX message on fd=22, to qmux_client_id=0x0, len=74
06-12 09:19:12.571   312   603 E RILD    : QmiSolicitedCallback: msgId(32), err(0)
06-12 09:19:12.571   312   421 E RILD    : ReceiveMessage: svc(UIM), msg(0x20:QMI_UIM_READ_TRANSPARENT), indi(0), size(4132), err(0)
06-12 09:19:12.571   312   421 E RILD    : Result(0), Error(0)
06-12 09:19:12.606   269   585 E use-Rlog/RLOG-RIL-QMI: qmuxd: TX message on fd=22, to qmux_client_id=0x0, len=118
06-12 09:19:12.606   312   603 E RILD    : QmiSolicitedCallback: msgId(36), err(0)
06-12 09:19:12.606   312   421 E RILD    : ReceiveMessage: svc(UIM), msg(0x24:QMI_UIM_GET_FILE_ATTRIBUTES), indi(0), size(1108), err(0)
06-12 09:19:12.606   312   421 E RILD    : Result(0), Error(0)
06-12 09:19:12.606   312   421 E RILD    : RxSimIoGetResponse: fileSize: 10 fileId: 0x2fe2 fileType: 0 recordSize: 0 recordCount: 0
06-12 09:19:12.644   269   585 E use-Rlog/RLOG-RIL-QMI: qmuxd: TX message on fd=22, to qmux_client_id=0x0, len=118
06-12 09:19:12.646   312   603 E RILD    : QmiSolicitedCallback: msgId(36), err(0)
06-12 09:19:12.646   312   421 E RILD    : ReceiveMessage: svc(UIM), msg(0x24:QMI_UIM_GET_FILE_ATTRIBUTES), indi(0), size(1108), err(0)
06-12 09:19:12.646   312   421 E RILD    : Result(0), Error(0)
06-12 09:19:12.646   312   421 E RILD    : RxSimIoGetResponse: fileSize: 6 fileId: 0x2f05 fileType: 0 recordSize: 0 recordCount: 0
06-12 09:19:12.694   269   585 E use-Rlog/RLOG-RIL-QMI: qmuxd: TX message on fd=22, to qmux_client_id=0x0, len=118
06-12 09:19:12.694   312   603 E RILD    : QmiSolicitedCallback: msgId(36), err(0)
06-12 09:19:12.695   312   421 E RILD    : ReceiveMessage: svc(UIM), msg(0x24:QMI_UIM_GET_FILE_ATTRIBUTES), indi(0), size(1108), err(0)
06-12 09:19:12.695   312   421 E RILD    : Result(0), Error(0)
06-12 09:19:12.695   312   421 E RILD    : RxSimIoGetResponse: fileSize: 2 fileId: 0x6f3a fileType: 0 recordSize: 0 recordCount: 0
06-12 09:19:12.695   312   421 E RILD    : raw_value[11]: 3
06-12 09:19:12.747  1102  1181 D GsmCellBroadcastHandler: Idle: release wakelock
06-12 09:19:12.754   269   585 E use-Rlog/RLOG-RIL-QMI: qmuxd: TX message on fd=22, to qmux_client_id=0x0, len=118
06-12 09:19:12.755   312   603 E RILD    : QmiSolicitedCallback: msgId(36), err(0)
06-12 09:19:12.755   312   421 E RILD    : ReceiveMessage: svc(UIM), msg(0x24:QMI_UIM_GET_FILE_ATTRIBUTES), indi(0), size(1108), err(0)
06-12 09:19:12.755   312   421 E RILD    : Result(0), Error(0)
06-12 09:19:12.755   312   421 E RILD    : RxSimIoGetResponse: fileSize: 35 fileId: 0x6f41 fileType: 0 recordSize: 0 recordCount: 0
06-12 09:19:12.770  1102  1183 D CellBroadcastHandler: Idle: release wakelock
06-12 09:19:12.792   269   585 E use-Rlog/RLOG-RIL-QMI: qmuxd: TX message on fd=22, to qmux_client_id=0x0, len=120
06-12 09:19:12.792   312   603 E RILD    : QmiSolicitedCallback: msgId(36), err(0)
06-12 09:19:12.792   312   421 E RILD    : ReceiveMessage: svc(UIM), msg(0x24:QMI_UIM_GET_FILE_ATTRIBUTES), indi(0), size(1108), err(0)
06-12 09:19:12.792   312   421 E RILD    : Result(0), Error(0)
06-12 09:19:12.792   312   421 E RILD    : RxSimIoGetResponse: fileSize: 11 fileId: 0x6f44 fileType: 2 recordSize: 11 recordCount: 1
06-12 09:19:12.799  1102  1186 D CdmaServiceCategoryProgramHandler: Idle: release wakelock
06-12 09:19:12.908   269   585 E use-Rlog/RLOG-RIL-QMI: qmuxd: TX message on fd=22, to qmux_client_id=0x0, len=141
06-12 09:19:12.909   312   607 E RILD    : ReceiveMessage: svc(NAS), msg(0x34:QMI_NAS_GET_SYSTEM_SELECTION_PREFERENCE), indi(0), size(208), err(0)
06-12 09:19:12.909   312   607 E RILD    : RxGetSystemSelectionPref: param(3), result(2), mode_pref_valid(0), net_sel_pref_valid(0)
06-12 09:19:12.909   312   607 E RILD    : Result(0), Error(0)
06-12 09:19:12.909   312   607 E RILD    : STK-MGR: evt(203)
06-12 09:19:12.909   312   607 E RILD    : OnUnsolicitedResponse: unsolId: 1012
06-12 09:19:12.910   312   607 E RILD    : CLSIM-MGR: evt(101)
06-12 09:19:12.910   312   607 E RILD    : TxSimIo: cmd:0xc0, fileId:0x6f22, path:?, p1:0, p2:0, p3:15 convPath: 3f007fff convAid: a0000003431002f310ffff89020000ff
06-12 09:19:12.910  1102  1158 D RILJ    : [UNSL]< UNSOL_STK_SESSION_END [SUB0]
06-12 09:19:12.910   312   607 E RILD    : TxSimIoGetResponse: for fileId: 0x6f22 session type: 1 firstLevelDfPath: 0x7fff
06-12 09:19:12.910   312   607 E RILD    : SendMessage: svc(UIM), msg(0x24:QMI_UIM_GET_FILE_ATTRIBUTES), sync(0), internal(0), size(72)
06-12 09:19:12.910   312   607 E RILD    : CLNET-MGR: evt(119)
06-12 09:19:12.910   312   607 E RILD    : NET-MGR: EVENT_GET_NETWORK_SELECTION_MODE_DONE
06-12 09:19:12.911   312   607 E RILD    : CLSIM-MGR: evt(101)
06-12 09:19:12.911   312   607 E RILD    : TxSimIo: cmd:0xc0, fileId:0x6f28, path:?, p1:0, p2:0, p3:15 convPath: 3f007fff convAid: a0000003431002f310ffff89020000ff
06-12 09:19:12.911   269   269 E use-Rlog/RLOG-RIL-QMI: qmuxd: RX 62 bytes on fd=22 from qmux_client_id=0x0
06-12 09:19:12.911   312   607 E RILD    : TxSimIoGetResponse: for fileId: 0x6f28 session type: 1 firstLevelDfPath: 0x7fff
06-12 09:19:12.911   312   607 E RILD    : SendMessage: svc(UIM), msg(0x24:QMI_UIM_GET_FILE_ATTRIBUTES), sync(0), internal(0), size(72)
06-12 09:19:12.911   312   607 E RILD    : CLSIM-MGR: evt(201)
06-12 09:19:12.911   269   269 E use-Rlog/RLOG-RIL-QMI: qmuxd: RX 62 bytes on fd=22 from qmux_client_id=0x0
06-12 09:19:12.911   312   607 E RILD    : CLSIM-MGR: evt(201)
06-12 09:19:12.911  1102  1102 D CAT     : CatService: handleMessage[1]
06-12 09:19:12.911  1102  1102 D CAT     : CatService: ril message arrived,slotid:0
06-12 09:19:12.911   312   607 E RILD    : CLSIM-MGR: evt(208)
06-12 09:19:12.911   312   607 E RILD    : IMSI is empty, do not save it
06-12 09:19:12.911   312   607 E RILD    : CLSIM-MGR: evt(201)
06-12 09:19:12.911  1102  1102 D CAT     : CatService: handleMessage[10]
06-12 09:19:12.911  1102  1102 D CAT     : CatService: SESSION END on 0
06-12 09:19:12.911   312   607 E RILD    : CLSIM-MGR: evt(201)
06-12 09:19:12.911   312   607 I chatty  : uid=1001(radio) /vendor/bin/hw/rild identical 2 lines
06-12 09:19:12.912   312   607 E RILD    : CLSIM-MGR: evt(201)
06-12 09:19:12.912   312   608 E RILD    : DoRouteOut - FW reqId : 28
06-12 09:19:12.912   312   608 I chatty  : uid=1001(radio) /vendor/bin/hw/rild identical 2 lines
06-12 09:19:12.912   312   608 E RILD    : DoRouteOut - FW reqId : 28
06-12 09:19:12.913  1102  1158 D RILJ    : [0091]< QUERY_NETWORK_SELECTION_MODE {0} [SUB0]
06-12 09:19:12.913  1102  1158 D RILJ    : [0063]< SIM_IO IccIoResult sw1:0x90 sw2:0x0 Payload: ******* [SUB0]
06-12 09:19:12.914  1102  1102 D SST     : [0] EVENT_POLL_STATE_NETWORK_SELECTION_MODE
06-12 09:19:12.915   312   608 E RILD    : DoRouteOut - FW reqId : 28
06-12 09:19:12.915   312   608 E RILD    : DoRouteOut - FW reqId : 28
06-12 09:19:12.915  1102  1102 D RILJ    : [0107]> iccIO: SIM_IO [SUB0]
06-12 09:19:12.915   312   608 E RILD    : DoRouteOut - FW reqId : 28
06-12 09:19:12.915   312   608 E RILD    : DoRouteOut - FW reqId : 28
06-12 09:19:12.915   312   608 E RILD    : DoRouteOut - FW reqId : 22
06-12 09:19:12.915   312   312 E RILD    : IsRegisteredNetworkType(): netType[1]  feature[00] state[0] 
06-12 09:19:12.915   312   608 E RILD    : DoRouteIn - FW reqId : 28
06-12 09:19:12.915   312   607 E RILD    : CLSIM-MGR: evt(101)
06-12 09:19:12.916   312   607 E RILD    : TxSimIo: cmd:0xb0, fileId:0x6f5a, path:?, p1:0, p2:0, p3:4 convPath: 3f007fff convAid: a0000003431002f310ffff89020000ff
06-12 09:19:12.916  1102  1158 D RILJ    : [0064]< SIM_IO IccIoResult sw1:0x90 sw2:0x0 Payload: ******* [SUB0]
06-12 09:19:12.916   312   607 E RILD    : TxSimIoReadBinary: for fileId: 0x6f5a session type: 1 firstLevelDfPath: 0x7fff
06-12 09:19:12.916   312   607 E RILD    : SendMessage: svc(UIM), msg(0x20:QMI_UIM_READ_TRANSPARENT), sync(0), internal(0), size(76)
06-12 09:19:12.916   269   269 E use-Rlog/RLOG-RIL-QMI: qmuxd: RX 69 bytes on fd=22 from qmux_client_id=0x0
06-12 09:19:12.916  1102  1158 D RILJ    : [0065]< GET_IMSI  [SUB0]
06-12 09:19:12.916   312   607 E RILD    : CLNET-MGR: evt(108)
06-12 09:19:12.916   312   607 E RILD    : CLNET-MGR: EVENT_OPERATOR
06-12 09:19:12.916   312   607 E RILD    : DoOperator():
06-12 09:19:12.916   312   607 E RILD    : IsConsideredRegistered: cs 1x(0), gsm(0), wcdma(0), lte(0), hdr(2), Td(0)
06-12 09:19:12.916   312   607 E RILD    : IsConsideredRegistered: ps 1x(0), gsm(0), wcdma(0), lte(0), hdr(2), Td(0)
06-12 09:19:12.916   312   607 E RILD    : TxGetOperatorName: Not registered.
06-12 09:19:12.916   312   607 E RILD    : CLSIM-MGR: evt(101)
06-12 09:19:12.916  1102  1158 D RILJ    : [0066]< SIM_IO IccIoResult sw1:0x90 sw2:0x0 Payload: ******* [SUB0]
06-12 09:19:12.916   312   607 E RILD    : TxSimIo: cmd:0xc0, fileId:0x6f4d, path:?, p1:0, p2:0, p3:15 convPath: 3f007fff convAid: a0000003431002f310ffff89020000ff
06-12 09:19:12.916   312   607 E RILD    : TxSimIoGetResponse: for fileId: 0x6f4d session type: 1 firstLevelDfPath: 0x7fff
06-12 09:19:12.916   312   607 E RILD    : SendMessage: svc(UIM), msg(0x24:QMI_UIM_GET_FILE_ATTRIBUTES), sync(0), internal(0), size(72)
06-12 09:19:12.916   269   269 E use-Rlog/RLOG-RIL-QMI: qmuxd: RX 62 bytes on fd=22 from qmux_client_id=0x0
06-12 09:19:12.917   312   607 E RILD    : CLNET-MGR: evt(109)
06-12 09:19:12.917   312   607 E RILD    : CLNET-MGR: EVENT_OPERATOR_DONE
06-12 09:19:12.917   312   607 E RILD    : OnOperatorDone() - mPlmn: , mState: 2
06-12 09:19:12.917  1102  1158 D RILJ    : [0067]< SIM_IO IccIoResult sw1:0x90 sw2:0x0 Payload: ******* [SUB0]
06-12 09:19:12.917   312   608 E RILD    : DoRouteOut - FW reqId : 21
06-12 09:19:12.917   312   607 E RILD    : CLSIM-MGR: evt(101)
06-12 09:19:12.917  1102  1158 D RILJ    : [0068]< SIM_IO IccIoResult sw1:0x90 sw2:0x0 Payload: ******* [SUB0]
06-12 09:19:12.917   312   607 E RILD    : TxSimIo: cmd:0xb0, fileId:0x2fe2, path:?, p1:0, p2:0, p3:10 convPath: 3f00 convAid: a0000000871002f310ffff89080000ff
06-12 09:19:12.917   312   607 E RILD    : TxSimIoReadBinary: for fileId: 0x2fe2 session type: 6 firstLevelDfPath: 0x0
06-12 09:19:12.917   312   607 E RILD    : SendMessage: svc(UIM), msg(0x20:QMI_UIM_READ_TRANSPARENT), sync(0), internal(0), size(76)
06-12 09:19:12.917   269   269 E use-Rlog/RLOG-RIL-QMI: qmuxd: RX 67 bytes on fd=22 from qmux_client_id=0x0
06-12 09:19:12.917   312   607 E RILD    : CLNET-MGR: evt(102)
06-12 09:19:12.917   312   607 E RILD    : CLNET-MGR: EVENT_DATA_NET_REG_STATE
06-12 09:19:12.917   312   607 E RILD    : DoDataNetRegState():
06-12 09:19:12.917  1102  1158 D RILJ    : [0069]< SIM_IO IccIoResult sw1:0x90 sw2:0x0 Payload: ******* [SUB0]
06-12 09:19:12.917   312   607 E RILD    : SendMessage: svc(NAS), msg(0x4D:QMI_NAS_GET_SYS_INFO), sync(1), internal(0), size(0)
06-12 09:19:12.917   269   269 E use-Rlog/RLOG-RIL-QMI: qmuxd: RX 47 bytes on fd=22 from qmux_client_id=0x0
06-12 09:19:12.918  1102  1158 D RILJ    : [0070]< SIM_IO IccIoResult sw1:0x90 sw2:0x0 Payload: ******* [SUB0]
06-12 09:19:12.918  1102  1158 D RILJ    : [0104]< OPERATOR {, , } [SUB0]
06-12 09:19:12.920  1102  1102 D RILJ    : [0108]> iccIO: SIM_IO [SUB0]
06-12 09:19:12.920   312   312 E RILD    : IsRegisteredNetworkType(): netType[1]  feature[00] state[0] 
06-12 09:19:12.921   312   608 E RILD    : DoRouteIn - FW reqId : 28
06-12 09:19:12.921  1102  1102 E RuimRecords: [RuimRecords] invalid IMSI 
06-12 09:19:12.921  1102  1102 D RuimRecords: [RuimRecords] NO update mccmnc=null
06-12 09:19:12.921  1102  1102 D RuimRecords: [RuimRecords] onRecordLoaded 9 requested: true
06-12 09:19:12.922  1102  1102 D RILJ    : [0109]> iccIO: SIM_IO [SUB0]
06-12 09:19:12.922   312   312 E RILD    : IsRegisteredNetworkType(): netType[1]  feature[00] state[0] 
06-12 09:19:12.923   312   608 E RILD    : DoRouteIn - FW reqId : 28
06-12 09:19:12.924  1102  1102 D RILJ    : [0110]> iccIO: SIM_IO [SUB0]
06-12 09:19:12.924   312   312 E RILD    : IsRegisteredNetworkType(): netType[1]  feature[00] state[0] 
06-12 09:19:12.924   312   608 E RILD    : DoRouteIn - FW reqId : 28
06-12 09:19:12.926  1102  1102 D RILJ    : [0111]> iccIO: SIM_IO [SUB0]
06-12 09:19:12.927   312   312 E RILD    : IsRegisteredNetworkType(): netType[1]  feature[00] state[0] 
06-12 09:19:12.927   312   608 E RILD    : DoRouteIn - FW reqId : 28
06-12 09:19:12.928  1102  1102 D RILJ    : [0112]> iccIO: SIM_IO [SUB0]
06-12 09:19:12.928   312   312 E RILD    : IsRegisteredNetworkType(): netType[1]  feature[00] state[0] 
06-12 09:19:12.928   312   608 E RILD    : DoRouteIn - FW reqId : 28
06-12 09:19:12.930  1102  1102 D RILJ    : [0113]> iccIO: SIM_IO [SUB0]
06-12 09:19:12.931   269   585 E use-Rlog/RLOG-RIL-QMI: qmuxd: TX message on fd=22, to qmux_client_id=0x0, len=92
06-12 09:19:12.931   312   607 E RILD    : ReceiveMessage: svc(NAS), msg(0x4D:QMI_NAS_GET_SYS_INFO), indi(0), size(1072), err(0)
06-12 09:19:12.931   312   607 E RILD    : Result(0), Error(0)
06-12 09:19:12.931   312   607 E RILD    : [VoLTE] VoPS [0], EbSupport [0], EmergencyAccessBarred [0]
06-12 09:19:12.931   312   607 E RILD    : UpdateVoiceRte: [CS] 1x reg [0], gsm reg [0], wcdma reg [0], lte reg [0], hdr reg [2], Td reg [0]
06-12 09:19:12.931   312   607 E RILD    : UpdateVoiceRte: mVoiceRte(0), Confidence(4), mReportedLteSmsStatus(0)
06-12 09:19:12.931   312   607 E RILD    : UpdateDataRte: [PS] 1x reg [0], gsm reg [0], wcdma reg [0], lte reg [0], hdr reg [2], Td reg [0], pref_data_tech(0), radio_tech_flag(1)
06-12 09:19:12.931   312   607 E RILD    : UpdateDataRte: [FINAL-PS] 1x reg [0], gsm reg [0], wcdma reg [0], lte reg [0], hdr reg [0], Td reg[0]
06-12 09:19:12.931   312   607 E RILD    : UpdateDataRte: mDataRte(0), Confidence(4)
06-12 09:19:12.931   312   607 E RILD    : UpdateImsRte: mImsRte(0), Confidence(4)
06-12 09:19:12.931   312   607 E RILD    : UpdateVoiceTech() - RteType: 2, VoiceRadioTech: 0 -> 0
06-12 09:19:12.931   312   607 E RILD    : GetDataRegs: group( CDMA), reg(0)
06-12 09:19:12.931   312   607 E RILD    : GetDataRegs: group( EVDO), reg(2)
06-12 09:19:12.931   312   607 E RILD    : GetDataRegs: group(  GSM), reg(0)
06-12 09:19:12.931   312   607 E RILD    : GetDataRegs: group( UMTS), reg(0)
06-12 09:19:12.931   312   607 E RILD    : GetDataRegs: group(EHRPD), reg(2)
06-12 09:19:12.931   312   607 E RILD    : GetDataRegs: group(TDSCDMA), reg(0)
06-12 09:19:12.931   312   607 E RILD    : BuildDataRegState: prefData(0) flag(1) networktype(0) radiotech(0) from WDS
06-12 09:19:12.931   312   607 E RILD    : BuildDataRegState: not registered..
06-12 09:19:12.931   312   607 E RILD    : BuildDataRegState: vrte(5), state(0), dataTechToReport(6)
06-12 09:19:12.931   312   607 E RILD    : BuildDataRegState: isRegistered : 0, dataTechToReport : 6
06-12 09:19:12.931   312   607 E RILD    : BuildDataRegState: pref data tech reg 0
06-12 09:19:12.931   312   607 E RILD    : BuildDataRegState() - VoPS: 0, EbSupport: 0, EmergencyBarring: 0
06-12 09:19:12.931   312   607 E RILD    : mConsideredDataTechnology Valid: 1, Value: 0
06-12 09:19:12.932   312   607 E RILD    : CLSIM-MGR: evt(101)
06-12 09:19:12.932   312   607 E RILD    : TxSimIo: cmd:0xb2, fileId:0x6f40, path:?, p1:1, p2:4, p3:39 convPath: 3f007fff convAid: a0000000871002f310ffff89080000ff
06-12 09:19:12.932   312   607 E RILD    : TxSimIoReadRecord: for fileId: 0x6f40 session type: 0 firstLevelDfPath: 0x7fff
06-12 09:19:12.932   312   607 E RILD    : SendMessage: svc(UIM), msg(0x21:QMI_UIM_READ_RECORD), sync(0), internal(0), size(76)
06-12 09:19:12.932   312   607 E RILD    : CLNET-MGR: evt(103)
06-12 09:19:12.932   312   607 E RILD    : CLNET-MGR: EVENT_DATA_NET_REG_STATE_DONE
06-12 09:19:12.932   269   269 E use-Rlog/RLOG-RIL-QMI: qmuxd: RX 69 bytes on fd=22 from qmux_client_id=0x0
06-12 09:19:12.932   312   607 E RILD    : it was rat 0 but it will be unknown owing to no service
06-12 09:19:12.933   312   607 E RILD    : UpdateLteVoiceSupportProperty(): ltevoicesupport property set to 0 , ecsupport set to 0
06-12 09:19:12.933   312   607 E RILD    : CLSIM-MGR: evt(101)
06-12 09:19:12.933   312   607 E RILD    : TxSimIo: cmd:0xb2, fileId:0x6fc9, path:?, p1:1, p2:4, p3:5 convPath: 3f007fff convAid: a0000000871002f310ffff89080000ff
06-12 09:19:12.933   312   607 E RILD    : TxSimIoReadRecord: for fileId: 0x6fc9 session type: 0 firstLevelDfPath: 0x7fff
06-12 09:19:12.933   312   607 E RILD    : SendMessage: svc(UIM), msg(0x21:QMI_UIM_READ_RECORD), sync(0), internal(0), size(76)
06-12 09:19:12.933   312   607 E RILD    : CLSIM-MGR: evt(101)
06-12 09:19:12.933   269   269 E use-Rlog/RLOG-RIL-QMI: qmuxd: RX 69 bytes on fd=22 from qmux_client_id=0x0
06-12 09:19:12.933   312   607 E RILD    : TxSimIo: cmd:0xb0, fileId:0x6fad, path:?, p1:0, p2:0, p3:4 convPath: 3f007fff convAid: a0000000871002f310ffff89080000ff
06-12 09:19:12.933   312   607 E RILD    : TxSimIoReadBinary: for fileId: 0x6fad session type: 0 firstLevelDfPath: 0x7fff
06-12 09:19:12.933   312   608 E RILD    : DoRouteOut - FW reqId : 20
06-12 09:19:12.933   312   607 E RILD    : SendMessage: svc(UIM), msg(0x20:QMI_UIM_READ_TRANSPARENT), sync(0), internal(0), size(76)
06-12 09:19:12.934   312   607 E RILD    : CLNET-MGR: evt(100)
06-12 09:19:12.934   312   607 E RILD    : DoVoiceNetRegState():
06-12 09:19:12.934   312   607 E RILD    : IsRegisteredNetworkType(): netType[1]  feature[00] state[0] 
06-12 09:19:12.934   312   607 E RILD    : SendMessage: svc(NAS), msg(0x4D:QMI_NAS_GET_SYS_INFO), sync(1), internal(0), size(0)
06-12 09:19:12.934   269   269 E use-Rlog/RLOG-RIL-QMI: qmuxd: RX 69 bytes on fd=22 from qmux_client_id=0x0
06-12 09:19:12.934   269   269 E use-Rlog/RLOG-RIL-QMI: qmuxd: RX 47 bytes on fd=22 from qmux_client_id=0x0
06-12 09:19:12.935  1102  1241 D NRM-C   : onRequestNetworkRegistrationInfoComplete result: 0, info: NetworkRegistrationInfo{ domain=PS transportType=WWAN registrationState=NOT_REG_OR_SEARCHING roamingType=NOT_ROAMING accessNetworkTechnology=UNKNOWN rejectCause=-1 emergencyEnabled=false availableServices=[] cellIdentity=null voiceSpecificInfo=null dataSpecificInfo=android.telephony.DataSpecificRegistrationInfo :{ maxDataCalls = 4 isDcNrRestricted = false isNrAvailable = false isEnDcAvailable = false LteVopsSupportInfo :  mVopsSupport = 1 mEmcBearerSupport = 1 mIsUsingCarrierAggregation = false } nrState=NONE}
06-12 09:19:12.935  1102  1158 D RILJ    : [0105]< DATA_REGISTRATION_STATE {.regState = NOT_REG_MT_NOT_SEARCHING_OP, .rat = 0, .reasonDataDenied = -1, .maxDataCalls = 4, .cellIdentity = {.cellInfoType = NONE, .cellIdentityGsm = [], .cellIdentityWcdma = [], .cellIdentityCdma = [], .cellIdentityLte = [], .cellIdentityTdscdma = []}} [SUB0]
06-12 09:19:12.936   312   312 E RILD    : IsRegisteredNetworkType(): netType[1]  feature[00] state[0] 
06-12 09:19:12.936   312   608 E RILD    : DoRouteIn - FW reqId : 28
06-12 09:19:12.937  1102  1102 D SST     : [0] RIL_REQUEST_OPERATOR.response[2], the numeric,  is bad. Using SystemProperties 'ro.cdma.home.operator.numeric'= 311580
06-12 09:19:12.938  1102  1102 D SST     : [0] handlePollStateResultMessage: PS cellular. NetworkRegistrationInfo{ domain=PS transportType=WWAN registrationState=NOT_REG_OR_SEARCHING roamingType=NOT_ROAMING accessNetworkTechnology=UNKNOWN rejectCause=-1 emergencyEnabled=false availableServices=[] cellIdentity=null voiceSpecificInfo=null dataSpecificInfo=android.telephony.DataSpecificRegistrationInfo :{ maxDataCalls = 4 isDcNrRestricted = false isNrAvailable = false isEnDcAvailable = false LteVopsSupportInfo :  mVopsSupport = 1 mEmcBearerSupport = 1 mIsUsingCarrierAggregation = false } nrState=NONE}
06-12 09:19:12.938  1102  1102 D SST     : [0] Could not set ServiceState channel number. CellIdentity null
06-12 09:19:13.364  1102  1205 D SubscriptionController: [getPhoneId] asked for default subId=-1
06-12 09:19:13.776   269   585 E use-Rlog/RLOG-RIL-QMI: qmuxd: TX message on fd=22, to qmux_client_id=0x0, len=92
06-12 09:19:13.776   269   585 E use-Rlog/RLOG-RIL-QMI: qmuxd: TX message on fd=22, to qmux_client_id=0x0, len=51
06-12 09:19:13.776   312   603 E RILD    : QmiUnsolicitedCallback: msgId(1)
06-12 09:19:13.776   312   421 E RILD    : ReceiveMessage: svc(DMS), msg(0x1:QMI_DMS_SET_EVENT_REPORT), indi(1), size(2000), err(0)
06-12 09:19:13.776   312   421 E RILD    : DMS Event Report Ind received (Operating Mode Valid: 0)
06-12 09:19:13.776   312   421 E RILD    : SendMessage: svc(DMS), msg(0x53:QMI_DMS_GET_PRL_VERSION), sync(1), internal(1), size(0)
06-12 09:19:13.776   312   607 E RILD    : ReceiveMessage: svc(NAS), msg(0x4D:QMI_NAS_GET_SYS_INFO), indi(0), size(1072), err(0)
06-12 09:19:13.776   312   607 E RILD    : Result(0), Error(0)
06-12 09:19:13.776   312   607 E RILD    : [VoLTE] VoPS [0], EbSupport [0], EmergencyAccessBarred [0]
06-12 09:19:13.776   312   607 E RILD    : UpdateVoiceRte: [CS] 1x reg [0], gsm reg [0], wcdma reg [0], lte reg [0], hdr reg [2], Td reg [0]
06-12 09:19:13.776   312   607 E RILD    : UpdateVoiceRte: mVoiceRte(0), Confidence(4), mReportedLteSmsStatus(0)
06-12 09:19:13.776   312   607 E RILD    : UpdateDataRte: [PS] 1x reg [0], gsm reg [0], wcdma reg [0], lte reg [0], hdr reg [2], Td reg [0], pref_data_tech(0), radio_tech_flag(1)
06-12 09:19:13.776   269   269 E use-Rlog/RLOG-RIL-QMI: qmuxd: RX 47 bytes on fd=22 from qmux_client_id=0x0
06-12 09:19:13.776   312   607 E RILD    : UpdateDataRte: [FINAL-PS] 1x reg [0], gsm reg [0], wcdma reg [0], lte reg [0], hdr reg [0], Td reg[0]
06-12 09:19:13.776   312   607 E RILD    : UpdateDataRte: mDataRte(0), Confidence(4)
06-12 09:19:13.776   312   607 E RILD    : UpdateImsRte: mImsRte(0), Confidence(4)
06-12 09:19:13.776   312   607 E RILD    : UpdateVoiceTech() - RteType: 2, VoiceRadioTech: 0 -> 0
06-12 09:19:13.776   312   607 E RILD    : GetVoiceSysInfo: regState(2), voiceRte(0), isRte3gpp(1)
06-12 09:19:13.776   312   607 E RILD    :  ... cid invalid, set cid to previous value 0, 4
06-12 09:19:13.776   312   607 E RILD    : cdmaCcsSupported: 0, SimulVoiceAndDataCapability Valid: 1, Value: 1
06-12 09:19:13.776   312   607 E RILD    : mReportedDataTechnology Valid: 0, Value: 0
06-12 09:19:13.776   312   607 E RILD    : .. VoPS: 0, EbSupport: 0, EmergencyBarring: 0
06-12 09:19:13.776   312   607 E RILD    : BuildVoiceRegState : rData->mTac : 0
06-12 09:19:13.776   312   607 E RILD    : CLSIM-MGR: evt(101)
06-12 09:19:13.776   312   607 E RILD    : TxSimIo: cmd:0xb2, fileId:0x6fca, path:?, p1:1, p2:4, p3:6 convPath: 3f007fff convAid: a0000000871002f310ffff89080000ff
06-12 09:19:13.777   312   607 E RILD    : TxSimIoReadRecord: for fileId: 0x6fca session type: 0 firstLevelDfPath: 0x7fff
06-12 09:19:13.777   312   607 E RILD    : SendMessage: svc(UIM), msg(0x21:QMI_UIM_READ_RECORD), sync(0), internal(0), size(76)
06-12 09:19:13.777   312   607 E RILD    : CLNET-MGR: evt(101)
06-12 09:19:13.777   312   607 E RILD    : CLNET-MGR: EVENT_VOICE_NET_REG_STATE_DONE
06-12 09:19:13.777   269   585 E use-Rlog/RLOG-RIL-QMI: qmuxd: TX message on fd=22, to qmux_client_id=0x0, len=63
06-12 09:19:13.777   269   269 E use-Rlog/RLOG-RIL-QMI: qmuxd: RX 69 bytes on fd=22 from qmux_client_id=0x0
06-12 09:19:13.777   312   421 E RILD    : ReceiveMessage: svc(DMS), msg(0x53:QMI_DMS_GET_PRL_VERSION), indi(0), size(16), err(0)
06-12 09:19:13.777   312   421 E RILD    : Result(0), Error(0)
06-12 09:19:13.778   312   607 E RILD    : CLMISC-MGR: evt(141)
06-12 09:19:13.778   312   607 E RILD    : BuildCdmaPrlVersion: PrlVersion :(15163)
06-12 09:19:13.778   312   607 E RILD    : OnUnsolicitedResponse: unsolId: 1032
06-12 09:19:13.778   312   607 E RILD    : CLSIM-MGR: evt(101)
06-12 09:19:13.778   312   607 E RILD    : TxSimIo: cmd:0xb2, fileId:0x6fcb, path:?, p1:1, p2:4, p3:16 convPath: 3f007fff convAid: a0000000871002f310ffff89080000ff
06-12 09:19:13.779   312   607 E RILD    : TxSimIoReadRecord: for fileId: 0x6fcb session type: 0 firstLevelDfPath: 0x7fff
06-12 09:19:13.778  1102  1158 D RILJ    : [0106]< VOICE_REGISTRATION_STATE {.regState = NOT_REG_MT_SEARCHING_OP, .rat = 0, .cssSupported = false, .roamingIndicator = 1, .systemIsInPrl = 0, .defaultRoamingIndicator = 0, .reasonForDenial = 0, .cellIdentity = {.cellInfoType = NONE, .cellIdentityGsm = [], .cellIdentityWcdma = [], .cellIdentityCdma = [], .cellIdentityLte = [], .cellIdentityTdscdma = []}} [SUB0]
06-12 09:19:13.779   312   607 E RILD    : SendMessage: svc(UIM), msg(0x21:QMI_UIM_READ_RECORD), sync(0), internal(0), size(76)
06-12 09:19:13.779  1102  1158 D RILJ    : [UNSL]< UNSOL_CDMA_PRL_CHANGED {15163} [SUB0]
06-12 09:19:13.779   269   269 E use-Rlog/RLOG-RIL-QMI: qmuxd: RX 69 bytes on fd=22 from qmux_client_id=0x0
06-12 09:19:13.780  1102  1241 D NRM-C   : onRequestNetworkRegistrationInfoComplete result: 0, info: NetworkRegistrationInfo{ domain=CS transportType=WWAN registrationState=NOT_REG_SEARCHING roamingType=NOT_ROAMING accessNetworkTechnology=UNKNOWN rejectCause=0 emergencyEnabled=false availableServices=[] cellIdentity=null voiceSpecificInfo=VoiceSpecificRegistrationInfo { mCssSupported=false mRoamingIndicator=1 mSystemIsInPrl=0 mDefaultRoamingIndicator=0} dataSpecificInfo=null nrState=NONE}
06-12 09:19:13.783  1102  1102 D SST     : [0] Could not set ServiceState channel number. CellIdentity null
06-12 09:19:13.783  1102  1102 D SST     : [0] handlePollStateResultMessage: CS cellular. NetworkRegistrationInfo{ domain=CS transportType=WWAN registrationState=NOT_REG_SEARCHING roamingType=NOT_ROAMING accessNetworkTechnology=UNKNOWN rejectCause=0 emergencyEnabled=false availableServices=[] cellIdentity=null voiceSpecificInfo=VoiceSpecificRegistrationInfo { mCssSupported=false mRoamingIndicator=1 mSystemIsInPrl=0 mDefaultRoamingIndicator=0} dataSpecificInfo=null nrState=NONE}
06-12 09:19:13.784  1102  1102 D SST     : [0] combinePsRegistrationStates: {mVoiceRegState=1(OUT_OF_SERVICE), mDataRegState=1(OUT_OF_SERVICE), mChannelNumber=-1, duplexMode()=0, mCellBandwidths=[], mVoiceOperatorAlphaLong=, mVoiceOperatorAlphaShort=, mDataOperatorAlphaLong=, mDataOperatorAlphaShort=, isManualNetworkSelection=false(automatic), getRilVoiceRadioTechnology=0(Unknown), getRilDataRadioTechnology=0(Unknown), mCssIndicator=unsupported, mNetworkId=0, mSystemId=0, mCdmaRoamingIndicator=-1, mCdmaDefaultRoamingIndicator=-1, mIsEmergencyOnly=false, isUsingCarrierAggregation=false, mLteEarfcnRsrpBoost=0, mNetworkRegistrationInfos=[NetworkRegistrationInfo{ domain=PS transportType=WWAN registrationState=NOT_REG_OR_SEARCHING roamingType=NOT_ROAMING accessNetworkTechnology=UNKNOWN rejectCause=-1 emergencyEnabled=false availableServices=[] cellIdentity=null voiceSpecificInfo=null dataSpecificInfo=android.telephony.DataSpecificRegistrationInfo :{ maxDataCalls = 4 isDcNrRestricted = false isNrAvailable = false isEnDcAvailable = false LteVopsSupportInfo :  mVopsSupport = 1 mEmcBearerSupport = 1 mIsUsingCarrierAggregation = false } nrState=NONE}, NetworkRegistrationInfo{ domain=CS transportType=WWAN registrationState=NOT_REG_SEARCHING roamingType=NOT_ROAMING accessNetworkTechnology=UNKNOWN rejectCause=0 emergencyEnabled=false availableServices=[] cellIdentity=null voiceSpecificInfo=VoiceSpecificRegistrationInfo { mCssSupported=false mRoamingIndicator=1 mSystemIsInPrl=0 mDefaultRoamingIndicator=0} dataSpecificInfo=null nrState=NONE}], mNrFrequencyRange=-1, mOperatorAlphaLongRaw=null, mOperatorAlphaShortRaw=null, mIsIwlanPreferred=false}
06-12 09:19:13.784  1102  1102 D SST     : [0] Turn off roaming indicator if !isPrlLoaded or voice RAT is unknown
06-12 09:19:13.784  1102  1102 D SST     : [0] Set CDMA Roaming Indicator to: 1. voiceRoaming = false. dataRoaming = false, isPrlLoaded = true. namMatch = false , mIsInPrl = false, mRoamingIndicator = 1, mDefaultRoamingIndicator= 0
06-12 09:19:13.787   269   585 E use-Rlog/RLOG-RIL-QMI: qmuxd: TX message on fd=22, to qmux_client_id=0x0, len=118
06-12 09:19:13.787   312   603 E RILD    : QmiSolicitedCallback: msgId(36), err(0)
06-12 09:19:13.787   312   421 E RILD    : ReceiveMessage: svc(UIM), msg(0x24:QMI_UIM_GET_FILE_ATTRIBUTES), indi(0), size(1108), err(0)
06-12 09:19:13.787   312   421 E RILD    : Result(0), Error(0)
06-12 09:19:13.787   312   421 E RILD    : RxSimIoGetResponse: fileSize: 10 fileId: 0x6f22 fileType: 0 recordSize: 0 recordCount: 0
06-12 09:19:13.788   312   607 E RILD    : CLSIM-MGR: evt(201)
