06-12 09:19:14.496   312   607 E RILD    : TxSimIo: cmd:0xb2, fileId:0x6f04, path:?, p1:7, p2:4, p3:100 convPath: 3f007fff convAid: a0000000871004f310ffff89080000ff
06-12 09:19:14.496   312   607 E RILD    : TxSimIoReadRecord: for fileId: 0x6f04 session type: 4 firstLevelDfPath: 0x7fff
06-12 09:19:14.496   312   607 E RILD    : SendMessage: svc(UIM), msg(0x21:QMI_UIM_READ_RECORD), sync(0), internal(0), size(76)
06-12 09:19:14.496   269   269 E use-Rlog/RLOG-RIL-QMI: qmuxd: RX 85 bytes on fd=22 from qmux_client_id=0x0
06-12 09:19:14.498   269   585 E use-Rlog/RLOG-RIL-QMI: qmuxd: TX message on fd=22, to qmux_client_id=0x0, len=69
06-12 09:19:14.498   312   603 E RILD    : QmiSolicitedCallback: msgId(33), err(0)
06-12 09:19:14.498   312   421 E RILD    : ReceiveMessage: svc(UIM), msg(0x21:QMI_UIM_READ_RECORD), indi(0), size(4384), err(0)
06-12 09:19:14.498   312   421 E RILD    : Result(0), Error(0)
06-12 09:19:14.498   312   607 E RILD    : CLSIM-MGR: evt(201)
06-12 09:19:14.498  1102  1158 D RILJ    : [0135]< SIM_IO IccIoResult sw1:0x90 sw2:0x0 Payload: ******* [SUB0]
06-12 09:19:14.499  1102  1102 D RILJ    : [0137]> iccIO: SIM_IO [SUB0]
06-12 09:19:14.500   312   312 E RILD    : IsRegisteredNetworkType(): netType[1]  feature[00] state[0] 
06-12 09:19:14.500   312   608 E RILD    : DoRouteIn - FW reqId : 28
06-12 09:19:14.500   312   608 E RILD    : DoRouteOut - FW reqId : 28
06-12 09:19:14.500   312   607 E RILD    : CLSIM-MGR: evt(101)
06-12 09:19:14.500   312   607 E RILD    : TxSimIo: cmd:0xb2, fileId:0x6f28, path:?, p1:7, p2:4, p3:5 convPath: 3f007fff convAid: a0000003431002f310ffff89020000ff
06-12 09:19:14.500   312   607 E RILD    : TxSimIoReadRecord: for fileId: 0x6f28 session type: 1 firstLevelDfPath: 0x7fff
06-12 09:19:14.500   312   607 E RILD    : SendMessage: svc(UIM), msg(0x21:QMI_UIM_READ_RECORD), sync(0), internal(0), size(76)
06-12 09:19:14.500   269   269 E use-Rlog/RLOG-RIL-QMI: qmuxd: RX 69 bytes on fd=22 from qmux_client_id=0x0
06-12 09:19:14.508   269   585 E use-Rlog/RLOG-RIL-QMI: qmuxd: TX message on fd=22, to qmux_client_id=0x0, len=164
06-12 09:19:14.508   312   603 E RILD    : QmiSolicitedCallback: msgId(33), err(0)
06-12 09:19:14.508   312   421 E RILD    : ReceiveMessage: svc(UIM), msg(0x21:QMI_UIM_READ_RECORD), indi(0), size(4384), err(0)
06-12 09:19:14.508   312   421 E RILD    : Result(0), Error(0)
06-12 09:19:14.508   312   607 E RILD    : CLSIM-MGR: evt(201)
06-12 09:19:14.509  1102  1158 D RILJ    : [0136]< SIM_IO IccIoResult sw1:0x90 sw2:0x0 Payload: ******* [SUB0]
06-12 09:19:14.510  1102  1102 D RILJ    : [0138]> iccIO: SIM_IO [SUB0]
06-12 09:19:14.510   312   312 E RILD    : IsRegisteredNetworkType(): netType[1]  feature[00] state[0] 
06-12 09:19:14.510   312   608 E RILD    : DoRouteIn - FW reqId : 28
06-12 09:19:14.510   312   608 E RILD    : DoRouteOut - FW reqId : 28
06-12 09:19:14.511   312   607 E RILD    : CLSIM-MGR: evt(101)
06-12 09:19:14.511   312   607 E RILD    : TxSimIo: cmd:0xb2, fileId:0x6f04, path:?, p1:8, p2:4, p3:100 convPath: 3f007fff convAid: a0000000871004f310ffff89080000ff
06-12 09:19:14.511   312   607 E RILD    : TxSimIoReadRecord: for fileId: 0x6f04 session type: 4 firstLevelDfPath: 0x7fff
06-12 09:19:14.511   312   607 E RILD    : SendMessage: svc(UIM), msg(0x21:QMI_UIM_READ_RECORD), sync(0), internal(0), size(76)
06-12 09:19:14.511   269   269 E use-Rlog/RLOG-RIL-QMI: qmuxd: RX 85 bytes on fd=22 from qmux_client_id=0x0
06-12 09:19:14.513   269   585 E use-Rlog/RLOG-RIL-QMI: qmuxd: TX message on fd=22, to qmux_client_id=0x0, len=69
06-12 09:19:14.513   312   603 E RILD    : QmiSolicitedCallback: msgId(33), err(0)
06-12 09:19:14.513   312   421 E RILD    : ReceiveMessage: svc(UIM), msg(0x21:QMI_UIM_READ_RECORD), indi(0), size(4384), err(0)
06-12 09:19:14.513   312   421 E RILD    : Result(0), Error(0)
06-12 09:19:14.513   312   607 E RILD    : CLSIM-MGR: evt(201)
06-12 09:19:14.513  1102  1158 D RILJ    : [0137]< SIM_IO IccIoResult sw1:0x90 sw2:0x0 Payload: ******* [SUB0]
06-12 09:19:14.515  1102  1102 D RILJ    : [0139]> iccIO: SIM_IO [SUB0]
06-12 09:19:14.515   312   312 E RILD    : IsRegisteredNetworkType(): netType[1]  feature[00] state[0] 
06-12 09:19:14.515   312   608 E RILD    : DoRouteIn - FW reqId : 28
06-12 09:19:14.515   312   608 E RILD    : DoRouteOut - FW reqId : 28
06-12 09:19:14.515   312   607 E RILD    : CLSIM-MGR: evt(101)
06-12 09:19:14.515   312   607 E RILD    : TxSimIo: cmd:0xb2, fileId:0x6f28, path:?, p1:8, p2:4, p3:5 convPath: 3f007fff convAid: a0000003431002f310ffff89020000ff
06-12 09:19:14.515   312   607 E RILD    : TxSimIoReadRecord: for fileId: 0x6f28 session type: 1 firstLevelDfPath: 0x7fff
06-12 09:19:14.515   312   607 E RILD    : SendMessage: svc(UIM), msg(0x21:QMI_UIM_READ_RECORD), sync(0), internal(0), size(76)
06-12 09:19:14.515   269   269 E use-Rlog/RLOG-RIL-QMI: qmuxd: RX 69 bytes on fd=22 from qmux_client_id=0x0
06-12 09:19:14.523   269   585 E use-Rlog/RLOG-RIL-QMI: qmuxd: TX message on fd=22, to qmux_client_id=0x0, len=164
06-12 09:19:14.524   312   603 E RILD    : QmiSolicitedCallback: msgId(33), err(0)
06-12 09:19:14.524   312   421 E RILD    : ReceiveMessage: svc(UIM), msg(0x21:QMI_UIM_READ_RECORD), indi(0), size(4384), err(0)
06-12 09:19:14.524   312   421 E RILD    : Result(0), Error(0)
06-12 09:19:14.525   312   607 E RILD    : CLSIM-MGR: evt(201)
06-12 09:19:14.525  1102  1158 D RILJ    : [0138]< SIM_IO IccIoResult sw1:0x90 sw2:0x0 Payload: ******* [SUB0]
06-12 09:19:14.526  1102  1102 D RILJ    : [0140]> iccIO: SIM_IO [SUB0]
06-12 09:19:14.527   312   312 E RILD    : IsRegisteredNetworkType(): netType[1]  feature[00] state[0] 
06-12 09:19:14.527   312   608 E RILD    : DoRouteIn - FW reqId : 28
06-12 09:19:14.527   312   608 E RILD    : DoRouteOut - FW reqId : 28
06-12 09:19:14.527   312   607 E RILD    : CLSIM-MGR: evt(101)
06-12 09:19:14.527   312   607 E RILD    : TxSimIo: cmd:0xb2, fileId:0x6f04, path:?, p1:9, p2:4, p3:100 convPath: 3f007fff convAid: a0000000871004f310ffff89080000ff
06-12 09:19:14.527   312   607 E RILD    : TxSimIoReadRecord: for fileId: 0x6f04 session type: 4 firstLevelDfPath: 0x7fff
06-12 09:19:14.527   312   607 E RILD    : SendMessage: svc(UIM), msg(0x21:QMI_UIM_READ_RECORD), sync(0), internal(0), size(76)
06-12 09:19:14.528   269   269 E use-Rlog/RLOG-RIL-QMI: qmuxd: RX 85 bytes on fd=22 from qmux_client_id=0x0
06-12 09:19:14.528   269   585 E use-Rlog/RLOG-RIL-QMI: qmuxd: TX message on fd=22, to qmux_client_id=0x0, len=69
06-12 09:19:14.528   312   603 E RILD    : QmiSolicitedCallback: msgId(33), err(0)
06-12 09:19:14.528   312   421 E RILD    : ReceiveMessage: svc(UIM), msg(0x21:QMI_UIM_READ_RECORD), indi(0), size(4384), err(0)
06-12 09:19:14.528   312   421 E RILD    : Result(0), Error(0)
06-12 09:19:14.528   312   607 E RILD    : CLSIM-MGR: evt(201)
06-12 09:19:14.529  1102  1158 D RILJ    : [0139]< SIM_IO IccIoResult sw1:0x90 sw2:0x0 Payload: ******* [SUB0]
06-12 09:19:14.530  1102  1102 D RILJ    : [0141]> iccIO: SIM_IO [SUB0]
06-12 09:19:14.530   312   312 E RILD    : IsRegisteredNetworkType(): netType[1]  feature[00] state[0] 
06-12 09:19:14.530   312   608 E RILD    : DoRouteIn - FW reqId : 28
06-12 09:19:14.530   312   608 E RILD    : DoRouteOut - FW reqId : 28
06-12 09:19:14.531   312   607 E RILD    : CLSIM-MGR: evt(101)
06-12 09:19:14.531   312   607 E RILD    : TxSimIo: cmd:0xb2, fileId:0x6f28, path:?, p1:9, p2:4, p3:5 convPath: 3f007fff convAid: a0000003431002f310ffff89020000ff
06-12 09:19:14.531   312   607 E RILD    : TxSimIoReadRecord: for fileId: 0x6f28 session type: 1 firstLevelDfPath: 0x7fff
06-12 09:19:14.531   312   607 E RILD    : SendMessage: svc(UIM), msg(0x21:QMI_UIM_READ_RECORD), sync(0), internal(0), size(76)
06-12 09:19:14.531   269   269 E use-Rlog/RLOG-RIL-QMI: qmuxd: RX 69 bytes on fd=22 from qmux_client_id=0x0
06-12 09:19:14.539   269   585 E use-Rlog/RLOG-RIL-QMI: qmuxd: TX message on fd=22, to qmux_client_id=0x0, len=164
06-12 09:19:14.539   312   603 E RILD    : QmiSolicitedCallback: msgId(33), err(0)
06-12 09:19:14.539   312   421 E RILD    : ReceiveMessage: svc(UIM), msg(0x21:QMI_UIM_READ_RECORD), indi(0), size(4384), err(0)
06-12 09:19:14.539   312   421 E RILD    : Result(0), Error(0)
06-12 09:19:14.539   312   607 E RILD    : CLSIM-MGR: evt(201)
06-12 09:19:14.540  1102  1158 D RILJ    : [0140]< SIM_IO IccIoResult sw1:0x90 sw2:0x0 Payload: ******* [SUB0]
06-12 09:19:14.541  1102  1102 D RILJ    : [0142]> iccIO: SIM_IO [SUB0]
06-12 09:19:14.541   312   312 E RILD    : IsRegisteredNetworkType(): netType[1]  feature[00] state[0] 
06-12 09:19:14.541   312   608 E RILD    : DoRouteIn - FW reqId : 28
06-12 09:19:14.541   312   608 E RILD    : DoRouteOut - FW reqId : 28
06-12 09:19:14.542   312   607 E RILD    : CLSIM-MGR: evt(101)
06-12 09:19:14.542   312   607 E RILD    : TxSimIo: cmd:0xb2, fileId:0x6f04, path:?, p1:10, p2:4, p3:100 convPath: 3f007fff convAid: a0000000871004f310ffff89080000ff
06-12 09:19:14.542   312   607 E RILD    : TxSimIoReadRecord: for fileId: 0x6f04 session type: 4 firstLevelDfPath: 0x7fff
06-12 09:19:14.542   312   607 E RILD    : SendMessage: svc(UIM), msg(0x21:QMI_UIM_READ_RECORD), sync(0), internal(0), size(76)
06-12 09:19:14.542   269   269 E use-Rlog/RLOG-RIL-QMI: qmuxd: RX 85 bytes on fd=22 from qmux_client_id=0x0
06-12 09:19:14.543   269   585 E use-Rlog/RLOG-RIL-QMI: qmuxd: TX message on fd=22, to qmux_client_id=0x0, len=69
06-12 09:19:14.543   312   603 E RILD    : QmiSolicitedCallback: msgId(33), err(0)
06-12 09:19:14.543   312   421 E RILD    : ReceiveMessage: svc(UIM), msg(0x21:QMI_UIM_READ_RECORD), indi(0), size(4384), err(0)
06-12 09:19:14.543   312   421 E RILD    : Result(0), Error(0)
06-12 09:19:14.543   312   607 E RILD    : CLSIM-MGR: evt(201)
06-12 09:19:14.544  1102  1158 D RILJ    : [0141]< SIM_IO IccIoResult sw1:0x90 sw2:0x0 Payload: ******* [SUB0]
06-12 09:19:14.545  1102  1102 D RILJ    : [0143]> iccIO: SIM_IO [SUB0]
06-12 09:19:14.545   312   312 E RILD    : IsRegisteredNetworkType(): netType[1]  feature[00] state[0] 
06-12 09:19:14.546   312   608 E RILD    : DoRouteIn - FW reqId : 28
06-12 09:19:14.546   312   608 E RILD    : DoRouteOut - FW reqId : 28
06-12 09:19:14.546   312   607 E RILD    : CLSIM-MGR: evt(101)
06-12 09:19:14.546   312   607 E RILD    : TxSimIo: cmd:0xb2, fileId:0x6f28, path:?, p1:10, p2:4, p3:5 convPath: 3f007fff convAid: a0000003431002f310ffff89020000ff
06-12 09:19:14.546   312   607 E RILD    : TxSimIoReadRecord: for fileId: 0x6f28 session type: 1 firstLevelDfPath: 0x7fff
06-12 09:19:14.546   312   607 E RILD    : SendMessage: svc(UIM), msg(0x21:QMI_UIM_READ_RECORD), sync(0), internal(0), size(76)
06-12 09:19:14.546   269   269 E use-Rlog/RLOG-RIL-QMI: qmuxd: RX 69 bytes on fd=22 from qmux_client_id=0x0
06-12 09:19:14.554   269   585 E use-Rlog/RLOG-RIL-QMI: qmuxd: TX message on fd=22, to qmux_client_id=0x0, len=164
06-12 09:19:14.554   312   603 E RILD    : QmiSolicitedCallback: msgId(33), err(0)
06-12 09:19:14.554   312   421 E RILD    : ReceiveMessage: svc(UIM), msg(0x21:QMI_UIM_READ_RECORD), indi(0), size(4384), err(0)
06-12 09:19:14.554   312   421 E RILD    : Result(0), Error(0)
06-12 09:19:14.554   312   607 E RILD    : CLSIM-MGR: evt(201)
06-12 09:19:14.554   312   607 E RILD    : [I] TX: (M)IIL_CMD (S)IPC_IIL_ISIM_LOADED (T)EVENT l:8 m:01 a:00 [ 00 ]
06-12 09:19:14.554   312   607 E RILD    : IO channel write error.
06-12 09:19:14.554   312   607 E RILD    : SendIsimLoaded error
06-12 09:19:14.555  1102  1158 D RILJ    : [0142]< SIM_IO IccIoResult sw1:0x90 sw2:0x0 Payload: ******* [SUB0]
06-12 09:19:14.555  1102  1102 E IsimUiccRecords: [ISIM] IsimUiccRecords: handleMessage { when=0 what=100 obj=android.os.AsyncResult@a00d63f target=com.android.internal.telephony.uicc.IsimUiccRecords }[100] 
06-12 09:19:14.555  1102  1102 D IsimUiccRecords: [ISIM] EF_ISIM_IMPU LOADED
06-12 09:19:14.555  1102  1102 D IsimUiccRecords: [ISIM] EF_IMPU record count: 10
06-12 09:19:14.555  1102  1102 D IsimUiccRecords: [ISIM] onRecordLoaded 0 requested: true
06-12 09:19:14.555  1102  1102 D IsimUiccRecords: [ISIM] record load complete
06-12 09:19:14.557   269   585 E use-Rlog/RLOG-RIL-QMI: qmuxd: TX message on fd=22, to qmux_client_id=0x0, len=69
06-12 09:19:14.557  1102  1102 D UiccProfile: setExternalState: !override and newstate unchanged from READY
06-12 09:19:14.557   312   603 E RILD    : QmiSolicitedCallback: msgId(33), err(0)
06-12 09:19:14.558   312   421 E RILD    : ReceiveMessage: svc(UIM), msg(0x21:QMI_UIM_READ_RECORD), indi(0), size(4384), err(0)
06-12 09:19:14.558   312   421 E RILD    : Result(0), Error(0)
06-12 09:19:14.558   312   607 E RILD    : CLSIM-MGR: evt(201)
06-12 09:19:14.558  1102  1158 D RILJ    : [0143]< SIM_IO IccIoResult sw1:0x90 sw2:0x0 Payload: ******* [SUB0]
06-12 09:19:14.565  1102  1102 D RILJ    : [0144]> iccIO: SIM_IO [SUB0]
06-12 09:19:14.566   312   312 E RILD    : IsRegisteredNetworkType(): netType[1]  feature[00] state[0] 
06-12 09:19:14.566   312   608 E RILD    : DoRouteIn - FW reqId : 28
06-12 09:19:14.566   312   608 E RILD    : DoRouteOut - FW reqId : 28
06-12 09:19:14.566   312   607 E RILD    : CLSIM-MGR: evt(101)
06-12 09:19:14.566   312   607 E RILD    : TxSimIo: cmd:0xb2, fileId:0x6f28, path:?, p1:11, p2:4, p3:5 convPath: 3f007fff convAid: a0000003431002f310ffff89020000ff
06-12 09:19:14.566   312   607 E RILD    : TxSimIoReadRecord: for fileId: 0x6f28 session type: 1 firstLevelDfPath: 0x7fff
06-12 09:19:14.566   312   607 E RILD    : SendMessage: svc(UIM), msg(0x21:QMI_UIM_READ_RECORD), sync(0), internal(0), size(76)
06-12 09:19:14.567   269   269 E use-Rlog/RLOG-RIL-QMI: qmuxd: RX 69 bytes on fd=22 from qmux_client_id=0x0
06-12 09:19:14.572   269   585 E use-Rlog/RLOG-RIL-QMI: qmuxd: TX message on fd=22, to qmux_client_id=0x0, len=69
06-12 09:19:14.572   312   603 E RILD    : QmiSolicitedCallback: msgId(33), err(0)
06-12 09:19:14.572   312   421 E RILD    : ReceiveMessage: svc(UIM), msg(0x21:QMI_UIM_READ_RECORD), indi(0), size(4384), err(0)
06-12 09:19:14.572   312   421 E RILD    : Result(0), Error(0)
06-12 09:19:14.572   312   607 E RILD    : CLSIM-MGR: evt(201)
06-12 09:19:14.573  1102  1158 D RILJ    : [0144]< SIM_IO IccIoResult sw1:0x90 sw2:0x0 Payload: ******* [SUB0]
06-12 09:19:14.578  1102  1102 D RILJ    : [0145]> iccIO: SIM_IO [SUB0]
06-12 09:19:14.579   312   312 E RILD    : IsRegisteredNetworkType(): netType[1]  feature[00] state[0] 
06-12 09:19:14.579   312   608 E RILD    : DoRouteIn - FW reqId : 28
06-12 09:19:14.579   312   608 E RILD    : DoRouteOut - FW reqId : 28
06-12 09:19:14.579   312   607 E RILD    : CLSIM-MGR: evt(101)
06-12 09:19:14.579   312   607 E RILD    : TxSimIo: cmd:0xb2, fileId:0x6f28, path:?, p1:12, p2:4, p3:5 convPath: 3f007fff convAid: a0000003431002f310ffff89020000ff
06-12 09:19:14.579   312   607 E RILD    : TxSimIoReadRecord: for fileId: 0x6f28 session type: 1 firstLevelDfPath: 0x7fff
06-12 09:19:14.579   312   607 E RILD    : SendMessage: svc(UIM), msg(0x21:QMI_UIM_READ_RECORD), sync(0), internal(0), size(76)
06-12 09:19:14.580   269   269 E use-Rlog/RLOG-RIL-QMI: qmuxd: RX 69 bytes on fd=22 from qmux_client_id=0x0
06-12 09:19:14.815   269   585 E use-Rlog/RLOG-RIL-QMI: qmuxd: TX message on fd=22, to qmux_client_id=0x0, len=73
06-12 09:19:14.816   269   585 E use-Rlog/RLOG-RIL-QMI: qmuxd: TX message on fd=22, to qmux_client_id=0x0, len=57
06-12 09:19:14.816   269   585 E use-Rlog/RLOG-RIL-QMI: qmuxd: TX message on fd=22, to qmux_client_id=0x0, len=198
06-12 09:19:14.816   269   585 E use-Rlog/RLOG-RIL-QMI: qmuxd: TX message on fd=22, to qmux_client_id=0x0, len=70
06-12 09:19:14.816   269   585 E use-Rlog/RLOG-RIL-QMI: qmuxd: TX message on fd=22, to qmux_client_id=0x0, len=198
06-12 09:19:14.816   269   585 E use-Rlog/RLOG-RIL-QMI: qmuxd: TX message on fd=22, to qmux_client_id=0x0, len=53
06-12 09:19:14.816   269   585 E use-Rlog/RLOG-RIL-QMI: qmuxd: TX message on fd=22, to qmux_client_id=0x0, len=198
06-12 09:19:14.816   269   585 E use-Rlog/RLOG-RIL-QMI: qmuxd: TX message on fd=22, to qmux_client_id=0x0, len=198
06-12 09:19:14.817   269   585 E use-Rlog/RLOG-RIL-QMI: qmuxd: TX message on fd=22, to qmux_client_id=0x0, len=67
06-12 09:19:14.817   269   585 E use-Rlog/RLOG-RIL-QMI: qmuxd: TX message on fd=22, to qmux_client_id=0x0, len=70
06-12 09:19:14.817   269   585 E use-Rlog/RLOG-RIL-QMI: qmuxd: TX message on fd=22, to qmux_client_id=0x0, len=198
06-12 09:19:14.817   269   585 I chatty  : uid=1001(radio) /vendor/bin/qmuxd identical 1 line
06-12 09:19:14.817   269   585 E use-Rlog/RLOG-RIL-QMI: qmuxd: TX message on fd=22, to qmux_client_id=0x0, len=198
06-12 09:19:14.818   312   603 E RILD    : QmiUnsolicitedCallback: msgId(81)
06-12 09:19:14.818   312   603 E RILD    : QmiUnsolicitedCallback: msgId(83)
06-12 09:19:14.818   312   603 E RILD    : QmiUnsolicitedCallback: msgId(78)
06-12 09:19:14.818   312   603 E RILD    : QmiUnsolicitedCallback: msgId(76)
06-12 09:19:14.818   312   603 E RILD    : QmiUnsolicitedCallback: msgId(78)
06-12 09:19:14.818   312   603 E RILD    : QmiUnsolicitedCallback: msgId(2)
06-12 09:19:14.818   312   603 E RILD    : QmiUnsolicitedCallback: msgId(78)
06-12 09:19:14.818   312   603 E RILD    : QmiUnsolicitedCallback: msgId(78)
06-12 09:19:14.818   312   603 E RILD    : QmiUnsolicitedCallback: msgId(58)
06-12 09:19:14.818   312   603 E RILD    : QmiUnsolicitedCallback: msgId(76)
06-12 09:19:14.819   312   603 E RILD    : QmiUnsolicitedCallback: msgId(78)
06-12 09:19:14.819   312   603 I chatty  : uid=1001(radio) /vendor/bin/hw/rild identical 1 line
06-12 09:19:14.819   312   603 E RILD    : QmiUnsolicitedCallback: msgId(78)
06-12 09:19:14.819   312   421 E RILD    : ReceiveMessage: svc(NAS), msg(0x51:QMI_NAS_SIG_INFO_IND), indi(1), size(56), err(0)
06-12 09:19:14.819   312   421 E RILD    : IsConsideredRegistered: cs 1x(0), gsm(0), wcdma(0), lte(0), hdr(2), Td(0)
06-12 09:19:14.819   312   421 E RILD    : IsConsideredRegistered: ps 1x(0), gsm(0), wcdma(0), lte(12), hdr(2), Td(0)
06-12 09:19:14.819   312   421 E RILD    : RSSI level = 0x0000 - LTE: 0, EVDO: 0, CDMA: 0, GSM: 0
06-12 09:19:14.819   312   421 E RILD    : Signal Strength: [0, 99, -1, -1, -1, -1, -1, -1, -1, -1, -1, 2147483647, -1, 2147483647]
06-12 09:19:14.819   312   421 E RILD    : ReceiveMessage: svc(NAS), msg(0x53:QMI_NAS_ERR_RATE_IND), indi(1), size(14), err(0)
06-12 09:19:14.819   312   421 E RILD    : IsConsideredRegistered: Cache hit 0
06-12 09:19:14.819   312   421 E RILD    : ReceiveMessage: svc(NAS), msg(0x4E:QMI_NAS_SYS_INFO_IND), indi(1), size(1064), err(0)
06-12 09:19:14.819   312   421 E RILD    : GetDataRegs: group( CDMA), reg(0)
06-12 09:19:14.819   312   421 E RILD    : GetDataRegs: group( EVDO), reg(2)
06-12 09:19:14.819   312   421 E RILD    : GetDataRegs: group(  GSM), reg(0)
06-12 09:19:14.819   312   421 E RILD    : GetDataRegs: group( UMTS), reg(0)
06-12 09:19:14.819   312   421 E RILD    : GetDataRegs: group(EHRPD), reg(2)
06-12 09:19:14.819   312   421 E RILD    : GetDataRegs: group(  LTE), reg(12)
06-12 09:19:14.819   312   421 E RILD    : GetDataRegs: group(TDSCDMA), reg(0)
06-12 09:19:14.819   312   421 E RILD    : [VoLTE] VoPS [0], EbSupport [2], EmergencyAccessBarred [0]
06-12 09:19:14.819   312   421 E RILD    : UpdateVoiceRte: [CS] 1x reg [1], gsm reg [0], wcdma reg [0], lte reg [0], hdr reg [2], Td reg [0]
06-12 09:19:14.819   312   421 E RILD    : UpdateVoiceRte: mVoiceRte(1), Confidence(1), mReportedLteSmsStatus(0)
06-12 09:19:14.820   312   421 E RILD    : UpdateDataRte: [PS] 1x reg [1], gsm reg [0], wcdma reg [0], lte reg [12], hdr reg [2], Td reg [0], pref_data_tech(0), radio_tech_flag(1)
06-12 09:19:14.820   312   421 E RILD    : UpdateDataRte: [FINAL-PS] 1x reg [0], gsm reg [0], wcdma reg [0], lte reg [0], hdr reg [0], Td reg[0]
06-12 09:19:14.820   312   421 E RILD    : UpdateDataRte: mDataRte(0), Confidence(4)
06-12 09:19:14.820   312   421 E RILD    : UpdateImsRte: mImsRte(0), Confidence(4)
06-12 09:19:14.820   312   421 E RILD    : UpdateVoiceTech() - RteType: 1, VoiceRadioTech: 0 -> 2
06-12 09:19:14.820   312   421 E RILD    : IsAnyRteChanged: rte changed, old and new rte snapshot:
06-12 09:19:14.820   312   421 E RILD    : rte voice(0), data(0), ims(0), voiceConf(4), dataConf(4), imsConf(4)
06-12 09:19:14.820   312   421 E RILD    : rte voice(1), data(0), ims(0), voiceConf(1), dataConf(4), imsConf(4)
06-12 09:19:14.820   312   421 E RILD    : [VoLTE] VoPS [0], EbSupport [2], EmergencyAccessBarred [0]
06-12 09:19:14.820   312   421 E RILD    : UpdateVoiceRte: [CS] 1x reg [1], gsm reg [0], wcdma reg [0], lte reg [0], hdr reg [2], Td reg [0]
06-12 09:19:14.820   312   421 E RILD    : UpdateVoiceRte: mVoiceRte(1), Confidence(1), mReportedLteSmsStatus(0)
06-12 09:19:14.820   312   421 E RILD    : UpdateDataRte: [PS] 1x reg [1], gsm reg [0], wcdma reg [0], lte reg [12], hdr reg [2], Td reg [0], pref_data_tech(0), radio_tech_flag(1)
06-12 09:19:14.820   312   421 E RILD    : UpdateDataRte: [FINAL-PS] 1x reg [0], gsm reg [0], wcdma reg [0], lte reg [0], hdr reg [0], Td reg[0]
06-12 09:19:14.820   312   421 E RILD    : UpdateDataRte: mDataRte(0), Confidence(4)
06-12 09:19:14.820   312   421 E RILD    : UpdateImsRte: mImsRte(0), Confidence(4)
06-12 09:19:14.820   312   421 E RILD    : UpdateVoiceTech() - RteType: 1, VoiceRadioTech: 2 -> 2
06-12 09:19:14.820   312   421 E RILD    : GetDataRegs: group( CDMA), reg(1)
06-12 09:19:14.820   312   421 E RILD    : GetDataRegs: group( EVDO), reg(2)
06-12 09:19:14.820   312   421 E RILD    : GetDataRegs: group(  GSM), reg(0)
06-12 09:19:14.820   312   421 E RILD    : GetDataRegs: group( UMTS), reg(0)
06-12 09:19:14.820   312   421 E RILD    : GetDataRegs: group(EHRPD), reg(2)
06-12 09:19:14.820   312   421 E RILD    : GetDataRegs: group(  LTE), reg(12)
06-12 09:19:14.820   312   421 E RILD    : GetDataRegs: group(TDSCDMA), reg(0)
06-12 09:19:14.820   312   607 E RILD    : CLNET-MGR: evt(201)
06-12 09:19:14.820   312   607 E RILD    : CLNET-MGR: EVENT_NETWORK_SIGNAL_STRENGTH
06-12 09:19:14.820   312   607 E RILD    : OnUnsolicitedResponse: unsolId: 1009
06-12 09:19:14.821   312   607 E RILD    : CLNET-MGR: evt(201)
06-12 09:19:14.821   312   607 E RILD    : CLNET-MGR: EVENT_NETWORK_SIGNAL_STRENGTH
06-12 09:19:14.821   312   607 E RILD    : OnUnsolicitedResponse: unsolId: 1009
06-12 09:19:14.821   312   421 E RILD    : BuildDataRegState: prefData(0) flag(1) networktype(0) radiotech(0) from WDS
06-12 09:19:14.821   312   421 E RILD    : BuildDataRegState: not registered..
06-12 09:19:14.821   312   421 E RILD    : BuildDataRegState: isRegistered : 0, dataTechToReport : 0
06-12 09:19:14.821   312   421 E RILD    : BuildDataRegState: pref data tech reg 0
06-12 09:19:14.821   312   421 E RILD    : BuildDataRegState() - VoPS: 0, EbSupport: 0, EmergencyBarring: 0
06-12 09:19:14.821   312   421 E RILD    : mConsideredDataTechnology Valid: 1, Value: 0
06-12 09:19:14.822   312   421 E RILD    : RxSysInfoInd: VOICE_NETWORK_STATE_CHANGED: data
06-12 09:19:14.822   312   421 E RILD    : GetVoiceSysInfo: regState(1), voiceRte(4), isRte3gpp(0)
06-12 09:19:14.822   312   421 E RILD    :  ... cid invalid, set cid to previous value 140910338, 2
06-12 09:19:14.822   312   421 E RILD    : cdmaCcsSupported: 0, SimulVoiceAndDataCapability Valid: 1, Value: 1
06-12 09:19:14.822   312   421 E RILD    : mReportedDataTechnology Valid: 0, Value: 0
06-12 09:19:14.822   312   421 E RILD    : .. VoPS: 0, EbSupport: 0, EmergencyBarring: 0
06-12 09:19:14.822   312   421 E RILD    : BuildVoiceRegState : rData->mTac : 0
06-12 09:19:14.822   312   421 E RILD    : RxSysInfoInd: VOICE_NETWORK_STATE_CHANGED: voice
06-12 09:19:14.822   312   421 E RILD    : IsConsideredRegistered: cs 1x(1), gsm(0), wcdma(0), lte(0), hdr(2), Td(0)
06-12 09:19:14.822   312   421 E RILD    : IsConsideredRegistered: Cache hit 1
06-12 09:19:14.822   312   421 E RILD    : need sig info-1, need err rate-0
06-12 09:19:14.822   312   421 E RILD    : Request for Signal Info
06-12 09:19:14.822   312   421 E RILD    : SendMessage: svc(NAS), msg(0x4F:QMI_NAS_GET_SIG_INFO), sync(1), internal(1), size(0)
06-12 09:19:14.822   269   269 E use-Rlog/RLOG-RIL-QMI: qmuxd: RX 47 bytes on fd=22 from qmux_client_id=0x0
06-12 09:19:14.822   269   585 E use-Rlog/RLOG-RIL-QMI: qmuxd: TX message on fd=22, to qmux_client_id=0x0, len=70
06-12 09:19:14.823   269   585 E use-Rlog/RLOG-RIL-QMI: qmuxd: TX message on fd=22, to qmux_client_id=0x0, len=70
06-12 09:19:14.823   269   585 E use-Rlog/RLOG-RIL-QMI: qmuxd: TX message on fd=22, to qmux_client_id=0x0, len=122
06-12 09:19:14.823   269   585 E use-Rlog/RLOG-RIL-QMI: qmuxd: TX message on fd=22, to qmux_client_id=0x0, len=85
06-12 09:19:14.823   312   603 E RILD    : QmiWdsGlobalIndCallback: hndl(0x110100), ind ID(0x2)
06-12 09:19:14.823   312   603 E RILD    : QmiWdsGlobalIndCallback: hndl(0x110100), ind ID(0x2)
06-12 09:19:14.824   312   603 E RILD    : QmiUnsolicitedCallback: msgId(12)
06-12 09:19:14.824   312   421 E RILD    : ReceiveMessage: svc(NAS), msg(0x4F:QMI_NAS_GET_SIG_INFO), indi(0), size(68), err(0)
06-12 09:19:14.824   312   421 E RILD    : Result(0), Error(0)
06-12 09:19:14.824   312   421 E RILD    : RSSI level = 0x0050 - LTE: 1, EVDO: 1, CDMA: 5, GSM: 1
06-12 09:19:14.824   312   421 E RILD    : RSSI level = 0x0050 - LTE: 1, EVDO: 1, CDMA: 5, GSM: 1
06-12 09:19:14.824   312   421 E RILD    : Call Count : 0
06-12 09:19:14.824   312   421 E RILD    : GetVoiceRadioTech: modePref(19), radioTech(2), logic(0), imsRte(0), voiceRte(1), dataRte(0)
06-12 09:19:14.824   312   421 E RILD    : GetVoiceRadioTech: rat from rte (4)
06-12 09:19:14.824   312   421 E RILD    : GetVoiceRadioTech: voice radio tech(4)
06-12 09:19:14.824   312   421 E RILD    : mCurrentRestricedState = 0
06-12 09:19:14.824   312   421 E RILD    : UpdateRestrictedDetails nRestrictedStateDetail 0
06-12 09:19:14.824   312   421 E RILD    : ReceiveMessage: svc(NAS), msg(0x4C:QMI_NAS_NETWORK_TIME_IND), indi(1), size(32), err(0)
06-12 09:19:14.824   312   421 E RILD    : ReceiveMessage: svc(NAS), msg(0x4E:QMI_NAS_SYS_INFO_IND), indi(1), size(1064), err(0)
06-12 09:19:14.824   312   421 E RILD    : GetDataRegs: group( CDMA), reg(1)
06-12 09:19:14.824   312   421 E RILD    : GetDataRegs: group( EVDO), reg(2)
06-12 09:19:14.824   312   421 E RILD    : GetDataRegs: group(  GSM), reg(0)
06-12 09:19:14.824   312   421 E RILD    : GetDataRegs: group( UMTS), reg(0)
06-12 09:19:14.824   312   421 E RILD    : GetDataRegs: group(EHRPD), reg(2)
06-12 09:19:14.824   312   421 E RILD    : GetDataRegs: group(  LTE), reg(12)
06-12 09:19:14.824   312   421 E RILD    : GetDataRegs: group(TDSCDMA), reg(0)
06-12 09:19:14.824   312   421 E RILD    : [VoLTE] VoPS [0], EbSupport [2], EmergencyAccessBarred [0]
06-12 09:19:14.824   312   421 E RILD    : UpdateVoiceRte: [CS] 1x reg [1], gsm reg [0], wcdma reg [0], lte reg [0], hdr reg [2], Td reg [0]
06-12 09:19:14.825   312   421 E RILD    : UpdateVoiceRte: mVoiceRte(1), Confidence(1), mReportedLteSmsStatus(0)
06-12 09:19:14.825   312   421 E RILD    : UpdateDataRte: [PS] 1x reg [1], gsm reg [0], wcdma reg [0], lte reg [12], hdr reg [2], Td reg [0], pref_data_tech(0), radio_tech_flag(1)
06-12 09:19:14.825   312   421 E RILD    : UpdateDataRte: [FINAL-PS] 1x reg [0], gsm reg [0], wcdma reg [0], lte reg [0], hdr reg [0], Td reg[0]
06-12 09:19:14.825   312   421 E RILD    : UpdateDataRte: mDataRte(0), Confidence(4)
06-12 09:19:14.825   312   421 E RILD    : UpdateImsRte: mImsRte(0), Confidence(4)
06-12 09:19:14.825   312   421 E RILD    : UpdateVoiceTech() - RteType: 1, VoiceRadioTech: 2 -> 2
06-12 09:19:14.825   312   421 E RILD    : GetVoiceSysInfo: regState(1), voiceRte(4), isRte3gpp(0)
06-12 09:19:14.825   312   421 E RILD    :  ... cid invalid, set cid to previous value 140910338, 2
06-12 09:19:14.825   312   421 E RILD    : cdmaCcsSupported: 0, SimulVoiceAndDataCapability Valid: 1, Value: 1
06-12 09:19:14.825   312   421 E RILD    : mReportedDataTechnology Valid: 0, Value: 0
06-12 09:19:14.825   312   421 E RILD    : .. VoPS: 0, EbSupport: 0, EmergencyBarring: 0
06-12 09:19:14.825   312   421 E RILD    : BuildVoiceRegState : rData->mTac : 0
06-12 09:19:14.825   312   421 E RILD    : RxSysInfoInd: sys info updated
06-12 09:19:14.825   312   421 E RILD    : IsConsideredRegistered: cs 1x(1), gsm(0), wcdma(0), lte(0), hdr(2), Td(0)
06-12 09:19:14.825   312   607 E RILD    : CLNET-MGR: evt(201)
06-12 09:19:14.825   312   607 E RILD    : CLNET-MGR: EVENT_NETWORK_SIGNAL_STRENGTH
06-12 09:19:14.825   312   607 E RILD    : OnUnsolicitedResponse: unsolId: 1009
06-12 09:19:14.825   312   607 E RILD    : CLNET-MGR: evt(207)
06-12 09:19:14.825   312   607 E RILD    : NET-MGR: EVENT_VOICE_RADIO_TECH_CHANGED
06-12 09:19:14.825   312   607 E RILD    : CLNET-MGR: evt(200)
06-12 09:19:14.825   312   607 E RILD    : CLNET-MGR: EVENT_NETWORK_STATE_CHANGED
06-12 09:19:14.825   312   607 E RILD    : NET-MGR: EVENT_NETWORK_STATE_CHANGED
06-12 09:19:14.825   312   607 E RILD    : OnUnsolicitedResponse: unsolId: 1002
06-12 09:19:14.826   312   607 E RILD    : CLNET-MGR: evt(200)
06-12 09:19:14.826   312   607 E RILD    : CLNET-MGR: EVENT_NETWORK_STATE_CHANGED
06-12 09:19:14.826   312   607 E RILD    : NET-MGR: EVENT_NETWORK_STATE_CHANGED
06-12 09:19:14.826   312   607 E RILD    : OnNetworkStateChanged(): Don't send UNSOL_RESPONSE_VOICE_NETWORK_STATE_CHANGED (1)
06-12 09:19:14.827   312   607 E RILD    : CLNET-MGR: evt(203)
06-12 09:19:14.827   312   607 E RILD    : NET-MGR: EVENT_NITZ_TIME_RECEIVED
06-12 09:19:14.827   312   607 E RILD    : targetMcc: 
06-12 09:19:14.827   312   607 E RILD    : OnUnsolicitedResponse: unsolId: 1008
06-12 09:19:14.827  1102  1158 D RILJ    : [UNSL]< UNSOL_RESPONSE_NETWORK_STATE_CHANGED [SUB0]
06-12 09:19:14.827  1102  1158 D RILJ    : [UNSL]< UNSOL_NITZ_TIME_RECEIVED 20/06/12,14:19:50-20,01 [SUB0]
06-12 09:19:14.827  1102  1233 D NRM-C   : onNetworkStateChanged
06-12 09:19:14.827   312   421 E RILD    : IsConsideredRegistered: Cache hit 1
06-12 09:19:14.827   312   421 E RILD    : need sig info-0, need err rate-0
06-12 09:19:14.827   312   421 E RILD    : RSSI level = 0x0050 - LTE: 1, EVDO: 1, CDMA: 5, GSM: 1
06-12 09:19:14.827   312   421 E RILD    : RSSI level = 0x0050 - LTE: 1, EVDO: 1, CDMA: 5, GSM: 1
06-12 09:19:14.827   312   421 E RILD    : mCurrentRestricedState = 0
06-12 09:19:14.827   312   421 E RILD    : UpdateRestrictedDetails nRestrictedStateDetail 0
06-12 09:19:14.828   312   421 E RILD    : ReceiveMessage: svc(NAS), msg(0x2:QMI_NAS_SET_EVENT_REPORT), indi(1), size(3156), err(0)
06-12 09:19:14.828   312   421 E RILD    : RxSetEventReport: Receive event report indication
06-12 09:19:14.828   312   421 E RILD    : UpdateEventReport: reject_cause(0)
06-12 09:19:14.828   312   421 E RILD    : ReceiveMessage: svc(NAS), msg(0x4E:QMI_NAS_SYS_INFO_IND), indi(1), size(1064), err(0)
06-12 09:19:14.828   312   421 E RILD    : GetDataRegs: group( CDMA), reg(1)
06-12 09:19:14.828   312   421 E RILD    : GetDataRegs: group( EVDO), reg(2)
06-12 09:19:14.828   312   421 E RILD    : GetDataRegs: group(  GSM), reg(0)
06-12 09:19:14.828   312   421 E RILD    : GetDataRegs: group( UMTS), reg(0)
06-12 09:19:14.828   312   421 E RILD    : GetDataRegs: group(EHRPD), reg(2)
06-12 09:19:14.828   312   421 E RILD    : GetDataRegs: group(  LTE), reg(12)
06-12 09:19:14.828   312   421 E RILD    : GetDataRegs: group(TDSCDMA), reg(0)
06-12 09:19:14.828   312   421 E RILD    : [VoLTE] VoPS [0], EbSupport [2], EmergencyAccessBarred [0]
06-12 09:19:14.828   312   421 E RILD    : UpdateVoiceRte: [CS] 1x reg [1], gsm reg [0], wcdma reg [0], lte reg [0], hdr reg [2], Td reg [0]
06-12 09:19:14.828   312   421 E RILD    : UpdateVoiceRte: mVoiceRte(1), Confidence(1), mReportedLteSmsStatus(0)
06-12 09:19:14.828   312   421 E RILD    : UpdateDataRte: [PS] 1x reg [1], gsm reg [0], wcdma reg [0], lte reg [12], hdr reg [2], Td reg [0], pref_data_tech(0), radio_tech_flag(1)
06-12 09:19:14.828   312   421 E RILD    : UpdateDataRte: [FINAL-PS] 1x reg [0], gsm reg [0], wcdma reg [0], lte reg [0], hdr reg [0], Td reg[0]
06-12 09:19:14.828   312   421 E RILD    : UpdateDataRte: mDataRte(0), Confidence(4)
06-12 09:19:14.828   312   421 E RILD    : UpdateImsRte: mImsRte(0), Confidence(4)
06-12 09:19:14.828   312   421 E RILD    : UpdateVoiceTech() - RteType: 1, VoiceRadioTech: 2 -> 2
06-12 09:19:14.828   312   421 E RILD    : GetVoiceSysInfo: regState(1), voiceRte(4), isRte3gpp(0)
06-12 09:19:14.828   312   421 E RILD    :  ... cid invalid, set cid to previous value 140910338, 2
06-12 09:19:14.828   312   421 E RILD    : cdmaCcsSupported: 0, SimulVoiceAndDataCapability Valid: 1, Value: 1
06-12 09:19:14.828   312   421 E RILD    : mReportedDataTechnology Valid: 0, Value: 0
06-12 09:19:14.828   312   421 E RILD    : .. VoPS: 0, EbSupport: 0, EmergencyBarring: 0
06-12 09:19:14.828   312   421 E RILD    : BuildVoiceRegState : rData->mTac : 0
06-12 09:19:14.828   312   421 E RILD    : RxSysInfoInd: sys info updated
06-12 09:19:14.828   312   421 E RILD    : IsConsideredRegistered: cs 1x(1), gsm(0), wcdma(0), lte(0), hdr(2), Td(0)
06-12 09:19:14.828   312   607 E RILD    : CLNET-MGR: evt(201)
06-12 09:19:14.828   312   607 E RILD    : CLNET-MGR: EVENT_NETWORK_SIGNAL_STRENGTH
06-12 09:19:14.828   312   607 E RILD    : OnUnsolicitedResponse: unsolId: 1009
06-12 09:19:14.828   312   607 E RILD    : CLNET-MGR: evt(200)
06-12 09:19:14.828   312   607 E RILD    : CLNET-MGR: EVENT_NETWORK_STATE_CHANGED
06-12 09:19:14.828   312   607 E RILD    : NET-MGR: EVENT_NETWORK_STATE_CHANGED
06-12 09:19:14.828  1102  1102 D SST     : NITZ: 20/06/12,14:19:50-20,01,173229 start=173231 delay=2
06-12 09:19:14.828   312   607 E RILD    : OnNetworkStateChanged(): Don't send UNSOL_RESPONSE_VOICE_NETWORK_STATE_CHANGED (2)
06-12 09:19:14.829   312   421 E RILD    : IsConsideredRegistered: Cache hit 1
06-12 09:19:14.829   312   421 E RILD    : need sig info-0, need err rate-0
06-12 09:19:14.829   312   421 E RILD    : RSSI level = 0x0050 - LTE: 1, EVDO: 1, CDMA: 5, GSM: 1
06-12 09:19:14.829   312   421 E RILD    : RSSI level = 0x0050 - LTE: 1, EVDO: 1, CDMA: 5, GSM: 1
06-12 09:19:14.829   312   421 E RILD    : mCurrentRestricedState = 0
06-12 09:19:14.829   312   421 E RILD    : UpdateRestrictedDetails nRestrictedStateDetail 0
06-12 09:19:14.829   312   421 E RILD    : ReceiveMessage: svc(NAS), msg(0x4E:QMI_NAS_SYS_INFO_IND), indi(1), size(1064), err(0)
06-12 09:19:14.829   312   421 E RILD    : GetDataRegs: group( CDMA), reg(1)
06-12 09:19:14.829   312   421 E RILD    : GetDataRegs: group( EVDO), reg(2)
06-12 09:19:14.829   312   421 E RILD    : GetDataRegs: group(  GSM), reg(0)
06-12 09:19:14.829   312   421 E RILD    : GetDataRegs: group( UMTS), reg(0)
06-12 09:19:14.829   312   421 E RILD    : GetDataRegs: group(EHRPD), reg(2)
06-12 09:19:14.829   312   421 E RILD    : GetDataRegs: group(  LTE), reg(12)
06-12 09:19:14.829   312   421 E RILD    : GetDataRegs: group(TDSCDMA), reg(0)
06-12 09:19:14.829   312   421 E RILD    : [VoLTE] VoPS [0], EbSupport [2], EmergencyAccessBarred [0]
06-12 09:19:14.829   312   421 E RILD    : UpdateVoiceRte: [CS] 1x reg [1], gsm reg [0], wcdma reg [0], lte reg [0], hdr reg [2], Td reg [0]
06-12 09:19:14.829   312   421 E RILD    : UpdateVoiceRte: mVoiceRte(1), Confidence(1), mReportedLteSmsStatus(0)
06-12 09:19:14.829   312   421 E RILD    : UpdateDataRte: [PS] 1x reg [1], gsm reg [0], wcdma reg [0], lte reg [12], hdr reg [2], Td reg [0], pref_data_tech(0), radio_tech_flag(1)
06-12 09:19:14.829   312   421 E RILD    : UpdateDataRte: [FINAL-PS] 1x reg [0], gsm reg [0], wcdma reg [0], lte reg [0], hdr reg [0], Td reg[0]
06-12 09:19:14.829   312   421 E RILD    : UpdateDataRte: mDataRte(0), Confidence(4)
06-12 09:19:14.829   312   421 E RILD    : UpdateImsRte: mImsRte(0), Confidence(4)
06-12 09:19:14.829   312   421 E RILD    : UpdateVoiceTech() - RteType: 1, VoiceRadioTech: 2 -> 2
06-12 09:19:14.829   312   421 E RILD    : GetVoiceSysInfo: regState(1), voiceRte(4), isRte3gpp(0)
06-12 09:19:14.829   312   421 E RILD    :  ... cid invalid, set cid to previous value 140910338, 2
06-12 09:19:14.829   312   421 E RILD    : cdmaCcsSupported: 0, SimulVoiceAndDataCapability Valid: 1, Value: 1
06-12 09:19:14.829   312   421 E RILD    : mReportedDataTechnology Valid: 0, Value: 0
06-12 09:19:14.829   312   421 E RILD    : .. VoPS: 0, EbSupport: 0, EmergencyBarring: 0
06-12 09:19:14.829   312   421 E RILD    : BuildVoiceRegState : rData->mTac : 0
06-12 09:19:14.829   312   421 E RILD    : RxSysInfoInd: sys info updated
06-12 09:19:14.829   312   421 E RILD    : IsConsideredRegistered: cs 1x(1), gsm(0), wcdma(0), lte(0), hdr(2), Td(0)
06-12 09:19:14.830   312   607 E RILD    : CLNET-MGR: evt(201)
06-12 09:19:14.830   312   607 E RILD    : CLNET-MGR: EVENT_NETWORK_SIGNAL_STRENGTH
06-12 09:19:14.830   312   607 E RILD    : OnUnsolicitedResponse: unsolId: 1009
06-12 09:19:14.830   312   607 E RILD    : CLNET-MGR: evt(200)
06-12 09:19:14.830   312   607 E RILD    : CLNET-MGR: EVENT_NETWORK_STATE_CHANGED
06-12 09:19:14.830   312   607 E RILD    : NET-MGR: EVENT_NETWORK_STATE_CHANGED
06-12 09:19:14.830   312   607 E RILD    : OnNetworkStateChanged(): Don't send UNSOL_RESPONSE_VOICE_NETWORK_STATE_CHANGED (3)
06-12 09:19:14.830  1102  1102 D SST     : updateTimeZoneFromCountryAndNitz: isTimeZoneSettingInitialized=true nitzSignal=TimestampedValue{mReferenceTimeMillis=173229, mValue=NitzData{mOriginalString=20/06/12,14:19:50-20,01, mZoneOffset=-18000000, mDstOffset=3600000, mCurrentTimeMillis=1591971590000, mEmulatorHostTimeZone=null}} isoCountryCode=us
06-12 09:19:14.830  1102  1102 D SST     : updateTimeZoneFromCountryAndNitz: using lookupByNitzCountry(nitzData, isoCountryCode), nitzData=NitzData{mOriginalString=20/06/12,14:19:50-20,01, mZoneOffset=-18000000, mDstOffset=3600000, mCurrentTimeMillis=1591971590000, mEmulatorHostTimeZone=null} isoCountryCode=us lookupResult=Result{zoneId='America/Chicago', isOnlyMatch=false}
06-12 09:19:14.830   312   421 E RILD    : IsConsideredRegistered: Cache hit 1
06-12 09:19:14.830   312   421 E RILD    : need sig info-0, need err rate-0
06-12 09:19:14.830   312   421 E RILD    : RSSI level = 0x0050 - LTE: 1, EVDO: 1, CDMA: 5, GSM: 1
06-12 09:19:14.830   312   421 E RILD    : RSSI level = 0x0050 - LTE: 1, EVDO: 1, CDMA: 5, GSM: 1
06-12 09:19:14.830   312   607 E RILD    : CLNET-MGR: evt(201)
06-12 09:19:14.830   312   607 E RILD    : CLNET-MGR: EVENT_NETWORK_SIGNAL_STRENGTH
06-12 09:19:14.830   312   607 E RILD    : OnUnsolicitedResponse: unsolId: 1009
06-12 09:19:14.831   312   421 E RILD    : mCurrentRestricedState = 0
06-12 09:19:14.831   312   421 E RILD    : UpdateRestrictedDetails nRestrictedStateDetail 0
06-12 09:19:14.831   312   607 E RILD    : CLNET-MGR: evt(200)
06-12 09:19:14.831   312   607 E RILD    : CLNET-MGR: EVENT_NETWORK_STATE_CHANGED
06-12 09:19:14.831   312   607 E RILD    : NET-MGR: EVENT_NETWORK_STATE_CHANGED
06-12 09:19:14.831   312   607 E RILD    : OnNetworkStateChanged(): Don't send UNSOL_RESPONSE_VOICE_NETWORK_STATE_CHANGED (4)
06-12 09:19:14.831   312   421 E RILD    : ReceiveMessage: svc(NAS), msg(0x3A:QMI_NAS_OPERATOR_NAME_DATA_IND), indi(1), size(38212), err(0)
06-12 09:19:14.831  1102  1102 D SST     : updateTimeZoneFromCountryAndNitz: zoneId=America/Chicago
06-12 09:19:14.831   312   421 E RILD    : IsConsideredRegistered: Cache hit 1
06-12 09:19:14.831   312   421 E RILD    : IsConsideredRegistered: Cache hit 1
06-12 09:19:14.831   312   421 E RILD    : need sig info-0, need err rate-0
06-12 09:19:14.831  1102  1102 D SST     : setAndBroadcastNetworkSetTimeZone: zoneId=America/Chicago
06-12 09:19:14.831   312   421 E RILD    : RSSI level = 0x0050 - LTE: 1, EVDO: 1, CDMA: 5, GSM: 1
06-12 09:19:14.831   312   421 E RILD    : RSSI level = 0x0050 - LTE: 1, EVDO: 1, CDMA: 5, GSM: 1
06-12 09:19:14.831   312   607 E RILD    : CLNET-MGR: evt(201)
06-12 09:19:14.831   312   607 E RILD    : OnUnsolicitedResponse: unsolId: 1009
06-12 09:19:14.832   312   421 E RILD    : UpdateNitzInfo: coding_scheme(0), ci(0), long_name_spare_bits(0), short_name_spare_bit(0)
06-12 09:19:14.832   312   421 E RILD    : NITZ update with cached MCC,MNC
06-12 09:19:14.832   312   421 E RILD    : IsConsideredRegistered: Cache hit 1
06-12 09:19:14.832   312   421 E RILD    : FindCurrentMccMnc: mcc(), mnc()
06-12 09:19:14.832   312   421 E RILD    : RxOperatorNameInd: Mcc and Mnc is not available
06-12 09:19:14.832   312   421 E RILD    : ReceiveMessage: svc(NAS), msg(0x4C:QMI_NAS_NETWORK_TIME_IND), indi(1), size(32), err(0)
06-12 09:19:14.832   312   607 E RILD    : CLNET-MGR: evt(200)
06-12 09:19:14.832   312   607 E RILD    : CLNET-MGR: EVENT_NETWORK_STATE_CHANGED
06-12 09:19:14.832   312   607 E RILD    : NET-MGR: EVENT_NETWORK_STATE_CHANGED
06-12 09:19:14.832   312   607 E RILD    : OnNetworkStateChanged(): Don't send UNSOL_RESPONSE_VOICE_NETWORK_STATE_CHANGED (5)
06-12 09:19:14.832   312   607 E RILD    : CLNET-MGR: evt(203)
06-12 09:19:14.832   312   607 E RILD    : NET-MGR: EVENT_NITZ_TIME_RECEIVED
06-12 09:19:14.832   312   607 E RILD    : targetMcc: 
06-12 09:19:14.832   312   607 E RILD    : OnUnsolicitedResponse: unsolId: 1008
06-12 09:19:14.832  1102  1158 D RILJ    : [UNSL]< UNSOL_NITZ_TIME_RECEIVED 20/06/12,14:19:51-20,01 [SUB0]
06-12 09:19:14.833   312   421 E RILD    : ReceiveMessage: svc(NAS), msg(0x4E:QMI_NAS_SYS_INFO_IND), indi(1), size(1064), err(0)
06-12 09:19:14.833   312   421 E RILD    : GetDataRegs: group( CDMA), reg(1)
06-12 09:19:14.833   312   421 E RILD    : GetDataRegs: group( EVDO), reg(2)
06-12 09:19:14.833   312   421 E RILD    : GetDataRegs: group(  GSM), reg(0)
06-12 09:19:14.833   312   421 E RILD    : GetDataRegs: group( UMTS), reg(0)
06-12 09:19:14.833   312   421 E RILD    : GetDataRegs: group(EHRPD), reg(2)
06-12 09:19:14.833   312   421 E RILD    : GetDataRegs: group(  LTE), reg(12)
06-12 09:19:14.833   312   421 E RILD    : GetDataRegs: group(TDSCDMA), reg(0)
06-12 09:19:14.833   312   421 E RILD    : [VoLTE] VoPS [0], EbSupport [2], EmergencyAccessBarred [0]
06-12 09:19:14.833   312   421 E RILD    : UpdateVoiceRte: [CS] 1x reg [1], gsm reg [0], wcdma reg [0], lte reg [0], hdr reg [2], Td reg [0]
06-12 09:19:14.833   312   421 E RILD    : UpdateVoiceRte: mVoiceRte(1), Confidence(1), mReportedLteSmsStatus(0)
06-12 09:19:14.833   312   421 E RILD    : UpdateDataRte: [PS] 1x reg [1], gsm reg [0], wcdma reg [0], lte reg [1], hdr reg [2], Td reg [0], pref_data_tech(0), radio_tech_flag(1)
06-12 09:19:14.833  1102  1102 D SST     : setAndBroadcastNetworkSetTimeZone: called setDeviceTimeZone() zoneId=America/Chicago
06-12 09:19:14.833   312   421 E RILD    : UpdateDataRte: [FINAL-PS] 1x reg [0], gsm reg [0], wcdma reg [0], lte reg [0], hdr reg [0], Td reg[0]
06-12 09:19:14.833   312   421 E RILD    : UpdateDataRte: mDataRte(0), Confidence(4)
06-12 09:19:14.833   312   421 E RILD    : UpdateImsRte: mImsRte(0), Confidence(4)
06-12 09:19:14.833   312   421 E RILD    : UpdateVoiceTech() - RteType: 1, VoiceRadioTech: 2 -> 2
06-12 09:19:14.833   312   421 E RILD    : GetVoiceSysInfo: regState(1), voiceRte(4), isRte3gpp(0)
06-12 09:19:14.833   312   421 E RILD    :  ... cid invalid, set cid to previous value 140910338, 2
06-12 09:19:14.833   312   421 E RILD    : cdmaCcsSupported: 0, SimulVoiceAndDataCapability Valid: 1, Value: 1
06-12 09:19:14.833   312   421 E RILD    : mReportedDataTechnology Valid: 0, Value: 0
06-12 09:19:14.833   312   421 E RILD    : .. VoPS: 0, EbSupport: 0, EmergencyBarring: 0
06-12 09:19:14.833   312   421 E RILD    : BuildVoiceRegState : rData->mTac : 0
06-12 09:19:14.833   312   421 E RILD    : RxSysInfoInd: sys info updated
06-12 09:19:14.833   312   421 E RILD    : IsConsideredRegistered: cs 1x(1), gsm(0), wcdma(0), lte(0), hdr(2), Td(0)
06-12 09:19:14.833   312   421 E RILD    : IsConsideredRegistered: Cache hit 1
06-12 09:19:14.833   312   421 E RILD    : need sig info-0, need err rate-0
06-12 09:19:14.833   312   421 E RILD    : RSSI level = 0x0050 - LTE: 1, EVDO: 1, CDMA: 5, GSM: 1
06-12 09:19:14.833   312   421 E RILD    : RSSI level = 0x0050 - LTE: 1, EVDO: 1, CDMA: 5, GSM: 1
06-12 09:19:14.833   312   607 E RILD    : CLNET-MGR: evt(201)
06-12 09:19:14.833   312   607 E RILD    : CLNET-MGR: EVENT_NETWORK_SIGNAL_STRENGTH
06-12 09:19:14.833   312   607 E RILD    : OnUnsolicitedResponse: unsolId: 1009
06-12 09:19:14.834   312   421 E RILD    : mCurrentRestricedState = 0
06-12 09:19:14.834   312   421 E RILD    : UpdateRestrictedDetails nRestrictedStateDetail 0
06-12 09:19:14.834   312   607 E RILD    : CLNET-MGR: evt(200)
06-12 09:19:14.834   312   607 E RILD    : CLNET-MGR: EVENT_NETWORK_STATE_CHANGED
06-12 09:19:14.834   312   607 E RILD    : NET-MGR: EVENT_NETWORK_STATE_CHANGED
06-12 09:19:14.834   312   607 E RILD    : OnUnsolicitedResponse: unsolId: 1002
06-12 09:19:14.834  1102  1158 D RILJ    : [UNSL]< UNSOL_RESPONSE_NETWORK_STATE_CHANGED [SUB0]
06-12 09:19:14.834  1102  1233 D NRM-C   : onNetworkStateChanged
06-12 09:19:14.834   312   421 E RILD    : ReceiveMessage: svc(NAS), msg(0x4E:QMI_NAS_SYS_INFO_IND), indi(1), size(1064), err(0)
06-12 09:19:14.834   312   421 E RILD    : GetDataRegs: group( CDMA), reg(1)
06-12 09:19:14.834   312   421 E RILD    : GetDataRegs: group( EVDO), reg(2)
06-12 09:19:14.834   312   421 E RILD    : GetDataRegs: group(  GSM), reg(0)
06-12 09:19:14.834   312   421 E RILD    : GetDataRegs: group( UMTS), reg(0)
06-12 09:19:14.834   312   421 E RILD    : GetDataRegs: group(EHRPD), reg(2)
06-12 09:19:14.835   312   421 E RILD    : GetDataRegs: group(  LTE), reg(1)
06-12 09:19:14.835   312   421 E RILD    : GetDataRegs: group(TDSCDMA), reg(0)
06-12 09:19:14.835   312   421 E RILD    : [VoLTE] VoPS [0], EbSupport [2], EmergencyAccessBarred [0]
06-12 09:19:14.835   312   421 E RILD    : UpdateVoiceRte: [CS] 1x reg [1], gsm reg [0], wcdma reg [0], lte reg [0], hdr reg [2], Td reg [0]
06-12 09:19:14.835   312   421 E RILD    : UpdateVoiceRte: mVoiceRte(1), Confidence(1), mReportedLteSmsStatus(0)
06-12 09:19:14.835   312   421 E RILD    : UpdateDataRte: [PS] 1x reg [1], gsm reg [0], wcdma reg [0], lte reg [1], hdr reg [2], Td reg [0], pref_data_tech(0), radio_tech_flag(1)
06-12 09:19:14.835   312   421 E RILD    : UpdateDataRte: [FINAL-PS] 1x reg [0], gsm reg [0], wcdma reg [0], lte reg [0], hdr reg [0], Td reg[0]
06-12 09:19:14.835   312   421 E RILD    : UpdateDataRte: mDataRte(0), Confidence(4)
06-12 09:19:14.835   312   421 E RILD    : UpdateImsRte: mImsRte(0), Confidence(4)
06-12 09:19:14.835   312   421 E RILD    : UpdateVoiceTech() - RteType: 1, VoiceRadioTech: 2 -> 2
06-12 09:19:14.835   312   421 E RILD    : GetVoiceSysInfo: regState(1), voiceRte(4), isRte3gpp(0)
06-12 09:19:14.835   312   421 E RILD    :  ... cid invalid, set cid to previous value 140910338, 2
06-12 09:19:14.835   312   421 E RILD    : cdmaCcsSupported: 0, SimulVoiceAndDataCapability Valid: 1, Value: 1
06-12 09:19:14.835   312   421 E RILD    : mReportedDataTechnology Valid: 0, Value: 0
06-12 09:19:14.835   312   421 E RILD    : .. VoPS: 0, EbSupport: 0, EmergencyBarring: 0
06-12 09:19:14.835   312   421 E RILD    : BuildVoiceRegState : rData->mTac : 0
06-12 09:19:14.837  1102  1102 D SST     : updateTimeFromNitz: suggesting system clock update nitzSignal=TimestampedValue{mReferenceTimeMillis=173229, mValue=NitzData{mOriginalString=20/06/12,14:19:50-20,01, mZoneOffset=-18000000, mDstOffset=3600000, mCurrentTimeMillis=1591971590000, mEmulatorHostTimeZone=null}}, newNitzTime=TimestampedValue{mReferenceTimeMillis=173229, mValue=1591971590000}, mSavedNitzTime= null
06-12 09:19:50.015   269   269 E use-Rlog/RLOG-RIL-QMI: qmuxd: RX 47 bytes on fd=22 from qmux_client_id=0x0
06-12 09:19:50.018   269   585 E use-Rlog/RLOG-RIL-QMI: qmuxd: TX message on fd=22, to qmux_client_id=0x0, len=85
06-12 09:19:50.018   312   421 E RILD    : ReceiveMessage: svc(NAS), msg(0x4F:QMI_NAS_GET_SIG_INFO), indi(0), size(68), err(0)
06-12 09:19:50.018   312   421 E RILD    : Result(0), Error(0)
06-12 09:19:50.018   312   421 E RILD    : RSSI level = 0x1050 - LTE: 1, EVDO: 1, CDMA: 5, GSM: 1
06-12 09:19:50.018   312   421 E RILD    : RSSI level = 0x1050 - LTE: 1, EVDO: 1, CDMA: 5, GSM: 1
06-12 09:19:50.018   312   421 E RILD    : mCurrentRestricedState = 0
06-12 09:19:50.018   312   421 E RILD    : UpdateRestrictedDetails nRestrictedStateDetail 0
06-12 09:19:50.018   312   421 E RILD    : ReceiveMessage: svc(PBM), msg(0xC:QMI_PBM_EMERGENCY_LIST), indi(1), size(27608), err(0)
06-12 09:19:50.018   312   607 E RILD    : CLNET-MGR: evt(201)
06-12 09:19:50.018   312   607 E RILD    : CLNET-MGR: EVENT_NETWORK_SIGNAL_STRENGTH
06-12 09:19:50.018   312   607 E RILD    : OnUnsolicitedResponse: unsolId: 1009
06-12 09:19:50.019   312   421 E RILD    : RxEmergencyListInd(): PB Emergency Numbers(911,*911,#911)
06-12 09:19:50.032  1102  1102 D SST     : NITZ: end=173261 dur=30
06-12 09:19:50.032  1102  1102 D SST     : [0] pollState: modemTriggered=true
06-12 09:19:50.033  1102  1102 D RILJ    : [0146]> OPERATOR [SUB0]
06-12 09:19:50.034   312   312 E RILD    : IsRegisteredNetworkType(): netType[1]  feature[00] state[0] 
06-12 09:19:50.034   312   608 E RILD    : DoRouteIn - FW reqId : 22
06-12 09:19:50.034  1102  1233 D RILJ    : [0147]> DATA_REGISTRATION_STATE [SUB0]
06-12 09:19:50.034   312   608 E RILD    : DoRouteOut - FW reqId : 22
06-12 09:19:50.034   312   607 E RILD    : CLNET-MGR: evt(108)
06-12 09:19:50.034   312   607 E RILD    : CLNET-MGR: EVENT_OPERATOR
06-12 09:19:50.034   312   607 E RILD    : DoOperator():
06-12 09:19:50.034   312   607 E RILD    : IsConsideredRegistered: Cache hit 1
06-12 09:19:50.034   312   607 E RILD    : SendMessage: svc(NAS), msg(0x39:QMI_NAS_GET_OPERATOR_NAME_DATA), sync(1), internal(0), size(0)
06-12 09:19:50.034   269   269 E use-Rlog/RLOG-RIL-QMI: qmuxd: RX 47 bytes on fd=22 from qmux_client_id=0x0
06-12 09:19:50.035   312   312 E RILD    : IsRegisteredNetworkType(): netType[1]  feature[00] state[0] 
