06-12 09:19:50.035   312   608 E RILD    : DoRouteIn - FW reqId : 21
06-12 09:19:50.035  1102  1233 D RILJ    : [0148]> VOICE_REGISTRATION_STATE [SUB0]
06-12 09:19:50.037   269   585 E use-Rlog/RLOG-RIL-QMI: qmuxd: TX message on fd=22, to qmux_client_id=0x0, len=177
06-12 09:19:50.037   312   607 E RILD    : ReceiveMessage: svc(NAS), msg(0x39:QMI_NAS_GET_OPERATOR_NAME_DATA), indi(0), size(38212), err(0)
06-12 09:19:50.037   312   607 E RILD    : Result(0), Error(0)
06-12 09:19:50.037   312   607 E RILD    : IsConsideredRegistered: Cache hit 1
06-12 09:19:50.037   312   607 E RILD    : FindCurrentMccMnc: mcc(311), mnc(580)
06-12 09:19:50.037   312   607 E RILD    : GetPlmnUsingSid() - Default: 311580, SID: 5, result: 0
06-12 09:19:50.038   312   607 E RILD    : Use the SID table - false
06-12 09:19:50.038   312   607 E RILD    : Final USA CDMA MCC/MNC: 311580
06-12 09:19:50.038   312   607 E RILD    : CLNET-MGR: evt(109)
06-12 09:19:50.038   312   607 E RILD    : CLNET-MGR: EVENT_OPERATOR_DONE
06-12 09:19:50.038   312   607 E RILD    : OnOperatorDone() - Name:  / , mPlmn: 311580, mState: 1, mRat: 6, IMS: 0
06-12 09:19:50.038   312   607 E RILD    : EVENT_OPERATOR_DONE ERI (,,311580)
06-12 09:19:50.038  1102  1158 D RILJ    : [0146]< OPERATOR {, , 311580} [SUB0]
06-12 09:19:50.040   312   608 E RILD    : DoRouteOut - FW reqId : 21
06-12 09:19:50.040   312   312 E RILD    : IsRegisteredNetworkType(): netType[1]  feature[00] state[0] 
06-12 09:19:50.041   312   608 E RILD    : DoRouteIn - FW reqId : 20
06-12 09:19:50.041   312   607 E RILD    : CLNET-MGR: evt(102)
06-12 09:19:50.041   312   607 E RILD    : CLNET-MGR: EVENT_DATA_NET_REG_STATE
06-12 09:19:50.041   312   607 E RILD    : DoDataNetRegState():
06-12 09:19:50.041   312   607 E RILD    : TxGetSysInfo: Cache hit!
06-12 09:19:50.041   312   607 E RILD    : GetDataRegs: group( CDMA), reg(1)
06-12 09:19:50.041   312   607 E RILD    : GetDataRegs: group( EVDO), reg(2)
06-12 09:19:50.041   312   607 E RILD    : GetDataRegs: group(  GSM), reg(0)
06-12 09:19:50.041   312   607 E RILD    : GetDataRegs: group( UMTS), reg(0)
06-12 09:19:50.041   312   607 E RILD    : GetDataRegs: group(EHRPD), reg(2)
06-12 09:19:50.041   312   607 E RILD    : GetDataRegs: group(  LTE), reg(1)
06-12 09:19:50.041   312   607 E RILD    : GetDataRegs: group(TDSCDMA), reg(0)
06-12 09:19:50.041   312   607 E RILD    : BuildDataRegState: prefData(6) flag(1) networktype(0) radiotech(14) from WDS
06-12 09:19:50.041   312   607 E RILD    : CheckRoamingStatus: return 1
06-12 09:19:50.042   312   607 E RILD    : BuildDataRegState: isRegistered : 1, dataTechToReport : 6
06-12 09:19:50.042   312   607 E RILD    : BuildDataRegState: pref data tech reg 1
06-12 09:19:50.042   312   607 E RILD    : BuildDataRegState: registered...
06-12 09:19:50.042   312   607 E RILD    : mOptionalRadioTech:0
06-12 09:19:50.042   312   607 E RILD    : BuildDataRegState() - VoPS: 0, EbSupport: 0, EmergencyBarring: 0
06-12 09:19:50.042   312   607 E RILD    : mConsideredDataTechnology Valid: 1, Value: 0
06-12 09:19:50.042   312   607 E RILD    : Sync RAT. mReportedDataTechnology Valid: 1, Value: 14
06-12 09:19:50.046  1102  1158 D RILJ    : [UNSL]< UNSOL_RESPONSE_NETWORK_STATE_CHANGED [SUB0]
06-12 09:19:50.046  1102  1233 D NRM-C   : onNetworkStateChanged
06-12 09:19:50.050  1102  1158 D RILJ    : [0147]< DATA_REGISTRATION_STATE {.regState = REG_HOME, .rat = 14, .reasonDataDenied = -1, .maxDataCalls = 4, .cellIdentity = {.cellInfoType = LTE, .cellIdentityGsm = [], .cellIdentityWcdma = [], .cellIdentityCdma = [], .cellIdentityLte = [{.mcc = , .mnc = , .ci = -1, .pci = -1, .tac = -1, .earfcn = -1}], .cellIdentityTdscdma = []}} [SUB0]
06-12 09:19:50.050  1102  1241 D NRM-C   : onRequestNetworkRegistrationInfoComplete result: 0, info: NetworkRegistrationInfo{ domain=PS transportType=WWAN registrationState=HOME roamingType=NOT_ROAMING accessNetworkTechnology=LTE rejectCause=-1 emergencyEnabled=false availableServices=[DATA] cellIdentity=CellIdentityLte:{ mCi=2147483647 mPci=2147483647 mTac=2147483647 mEarfcn=2147483647 mBandwidth=2147483647 mMcc=null mMnc=null mAlphaLong= mAlphaShort=} voiceSpecificInfo=null dataSpecificInfo=android.telephony.DataSpecificRegistrationInfo :{ maxDataCalls = 4 isDcNrRestricted = false isNrAvailable = false isEnDcAvailable = false LteVopsSupportInfo :  mVopsSupport = 1 mEmcBearerSupport = 1 mIsUsingCarrierAggregation = false } nrState=NONE}
06-12 09:19:50.053  1102  1102 D SST     : NITZ: 20/06/12,14:19:51-20,01,173235 start=173283 delay=48
06-12 09:19:50.055  1102  1102 D SST     : updateTimeZoneFromCountryAndNitz: isTimeZoneSettingInitialized=true nitzSignal=TimestampedValue{mReferenceTimeMillis=173235, mValue=NitzData{mOriginalString=20/06/12,14:19:51-20,01, mZoneOffset=-18000000, mDstOffset=3600000, mCurrentTimeMillis=1591971591000, mEmulatorHostTimeZone=null}} isoCountryCode=us
06-12 09:19:50.055  1102  1102 D SST     : updateTimeZoneFromCountryAndNitz: using lookupByNitzCountry(nitzData, isoCountryCode), nitzData=NitzData{mOriginalString=20/06/12,14:19:51-20,01, mZoneOffset=-18000000, mDstOffset=3600000, mCurrentTimeMillis=1591971591000, mEmulatorHostTimeZone=null} isoCountryCode=us lookupResult=Result{zoneId='America/Chicago', isOnlyMatch=false}
06-12 09:19:50.055  1102  1158 D RILJ    : [0148]< VOICE_REGISTRATION_STATE {.regState = REG_HOME, .rat = 6, .cssSupported = true, .roamingIndicator = 1, .systemIsInPrl = 1, .defaultRoamingIndicator = 0, .reasonForDenial = 0, .cellIdentity = {.cellInfoType = CDMA, .cellIdentityGsm = [], .cellIdentityWcdma = [], .cellIdentityCdma = [{.networkId = 25, .systemId = 5, .baseStationId = 17890, .longitude = -1268467, .latitude = 619360}], .cellIdentityLte = [], .cellIdentityTdscdma = []}} [SUB0]
06-12 09:19:50.056  1102  1241 D NRM-C   : onRequestNetworkRegistrationInfoComplete result: 0, info: NetworkRegistrationInfo{ domain=CS transportType=WWAN registrationState=HOME roamingType=NOT_ROAMING accessNetworkTechnology=CDMA - 1xRTT rejectCause=0 emergencyEnabled=false availableServices=[VOICE,SMS,VIDEO] cellIdentity=CellIdentityCdma:{ mNetworkId=25 mSystemId=5 mBasestationId=17890 mLongitude=-1268467 mLatitude=619360 mAlphaLong= mAlphaShort=} voiceSpecificInfo=VoiceSpecificRegistrationInfo { mCssSupported=true mRoamingIndicator=1 mSystemIsInPrl=1 mDefaultRoamingIndicator=0} dataSpecificInfo=null nrState=NONE}
06-12 09:19:50.056  1102  1102 D SST     : updateTimeZoneFromCountryAndNitz: zoneId=America/Chicago
06-12 09:19:50.057  1102  1102 D SST     : setAndBroadcastNetworkSetTimeZone: zoneId=America/Chicago
06-12 09:19:50.065  1102  1102 D SST     : setAndBroadcastNetworkSetTimeZone: called setDeviceTimeZone() zoneId=America/Chicago
06-12 09:19:50.069  1102  1102 D SST     : updateTimeFromNitz: not setting time. NITZ signal is too similar to previous value received  mSavedNitzTime=TimestampedValue{mReferenceTimeMillis=173229, mValue=1591971590000}, nitzSignal=TimestampedValue{mReferenceTimeMillis=173235, mValue=NitzData{mOriginalString=20/06/12,14:19:51-20,01, mZoneOffset=-18000000, mDstOffset=3600000, mCurrentTimeMillis=1591971591000, mEmulatorHostTimeZone=null}}, nitzUpdateSpacing=600000, nitzUpdateDiff=2000
06-12 09:19:50.069  1102  1102 D SST     : NITZ: end=173299 dur=16
06-12 09:19:50.070  1102  1102 D SST     : [0] pollState: modemTriggered=true
06-12 09:19:50.071  1102  1102 D RILJ    : [0149]> OPERATOR [SUB0]
06-12 09:19:50.072   269   269 E use-Rlog/RLOG-RIL-QMI: qmuxd: RX 47 bytes on fd=22 from qmux_client_id=0x0
06-12 09:19:50.073   269   585 E use-Rlog/RLOG-RIL-QMI: qmuxd: TX message on fd=22, to qmux_client_id=0x0, len=177
06-12 09:19:50.075  1102  1158 D RILJ    : [0149]< OPERATOR {, , 311580} [SUB0]
06-12 09:19:50.077  1102  1102 D SST     : [0] pollState: modemTriggered=true
06-12 09:19:50.082  1102  1233 D RILJ    : [0150]> DATA_REGISTRATION_STATE [SUB0]
06-12 09:19:50.082   312   312 E RILD    : IsRegisteredNetworkType(): netType[1]  feature[00] state[0] 
06-12 09:19:50.082   312   608 E RILD    : DoRouteIn - FW reqId : 21
06-12 09:19:50.082   312   608 E RILD    : DoRouteOut - FW reqId : 21
06-12 09:19:50.082   312   607 E RILD    : CLNET-MGR: evt(102)
06-12 09:19:50.082   312   607 E RILD    : CLNET-MGR: EVENT_DATA_NET_REG_STATE
06-12 09:19:50.083   312   607 E RILD    : DoDataNetRegState():
06-12 09:19:50.083   312   607 E RILD    : TxGetSysInfo: Cache hit!
06-12 09:19:50.083   312   607 E RILD    : GetDataRegs: group( CDMA), reg(1)
06-12 09:19:50.083   312   607 E RILD    : GetDataRegs: group( EVDO), reg(2)
06-12 09:19:50.083   312   607 E RILD    : GetDataRegs: group(  GSM), reg(0)
06-12 09:19:50.083   312   607 E RILD    : GetDataRegs: group( UMTS), reg(0)
06-12 09:19:50.083   312   607 E RILD    : GetDataRegs: group(EHRPD), reg(2)
06-12 09:19:50.083   312   607 E RILD    : GetDataRegs: group(  LTE), reg(1)
06-12 09:19:50.083   312   607 E RILD    : GetDataRegs: group(TDSCDMA), reg(0)
06-12 09:19:50.083   312   607 E RILD    : BuildDataRegState: prefData(6) flag(1) networktype(0) radiotech(14) from WDS
06-12 09:19:50.083   312   607 E RILD    : CheckRoamingStatus: return 1
06-12 09:19:50.083  1102  1233 D RILJ    : [0152]> VOICE_REGISTRATION_STATE [SUB0]
06-12 09:19:50.083   312   607 E RILD    : BuildDataRegState: isRegistered : 1, dataTechToReport : 6
06-12 09:19:50.083   312   607 E RILD    : BuildDataRegState: pref data tech reg 1
06-12 09:19:50.083   312   607 E RILD    : BuildDataRegState: registered...
06-12 09:19:50.083   312   607 E RILD    : mOptionalRadioTech:0
06-12 09:19:50.083   312   607 E RILD    : BuildDataRegState() - VoPS: 0, EbSupport: 0, EmergencyBarring: 0
06-12 09:19:50.083   312   607 E RILD    : mConsideredDataTechnology Valid: 1, Value: 14
06-12 09:19:50.083   312   607 E RILD    : CLNET-MGR: evt(103)
06-12 09:19:50.083   312   607 E RILD    : CLNET-MGR: EVENT_DATA_NET_REG_STATE_DONE
06-12 09:19:50.084   312   312 E RILD    : IsRegisteredNetworkType(): netType[1]  feature[00] state[0] 
06-12 09:19:50.085   312   608 E RILD    : DoRouteIn - FW reqId : 20
06-12 09:19:50.085   312   607 E RILD    : UpdateLteVoiceSupportProperty(): ltevoicesupport property set to 0 , ecsupport set to 0
06-12 09:19:50.085   312   608 E RILD    : DoRouteOut - FW reqId : 20
06-12 09:19:50.086  1102  1158 D RILJ    : [0150]< DATA_REGISTRATION_STATE {.regState = REG_HOME, .rat = 14, .reasonDataDenied = -1, .maxDataCalls = 4, .cellIdentity = {.cellInfoType = LTE, .cellIdentityGsm = [], .cellIdentityWcdma = [], .cellIdentityCdma = [], .cellIdentityLte = [{.mcc = , .mnc = , .ci = -1, .pci = -1, .tac = -1, .earfcn = -1}], .cellIdentityTdscdma = []}} [SUB0]
06-12 09:19:50.086  1102  1241 D NRM-C   : onRequestNetworkRegistrationInfoComplete result: 0, info: NetworkRegistrationInfo{ domain=PS transportType=WWAN registrationState=HOME roamingType=NOT_ROAMING accessNetworkTechnology=LTE rejectCause=-1 emergencyEnabled=false availableServices=[DATA] cellIdentity=CellIdentityLte:{ mCi=2147483647 mPci=2147483647 mTac=2147483647 mEarfcn=2147483647 mBandwidth=2147483647 mMcc=null mMnc=null mAlphaLong= mAlphaShort=} voiceSpecificInfo=null dataSpecificInfo=android.telephony.DataSpecificRegistrationInfo :{ maxDataCalls = 4 isDcNrRestricted = false isNrAvailable = false isEnDcAvailable = false LteVopsSupportInfo :  mVopsSupport = 1 mEmcBearerSupport = 1 mIsUsingCarrierAggregation = false } nrState=NONE}
06-12 09:19:50.086   312   607 E RILD    : CLNET-MGR: evt(100)
06-12 09:19:50.086   312   607 E RILD    : DoVoiceNetRegState():
06-12 09:19:50.087   312   607 E RILD    : IsRegisteredNetworkType(): netType[1]  feature[00] state[0] 
06-12 09:19:50.087   312   607 E RILD    : TxGetSysInfo: Cache hit!
06-12 09:19:50.087   312   607 E RILD    : GetVoiceSysInfo: regState(1), voiceRte(6), isRte3gpp(0)
06-12 09:19:50.087   312   607 E RILD    :  ... cid invalid, set cid to previous value 140910338, 2
06-12 09:19:50.087   312   607 E RILD    : cdmaCcsSupported: 0, SimulVoiceAndDataCapability Valid: 1, Value: 1
06-12 09:19:50.087   312   607 E RILD    : mReportedDataTechnology Valid: 1, Value: 14
06-12 09:19:50.087   312   607 E RILD    : .. VoPS: 0, EbSupport: 0, EmergencyBarring: 0
06-12 09:19:50.087   312   607 E RILD    : BuildVoiceRegState : rData->mTac : 0
06-12 09:19:50.087   312   607 E RILD    : CLNET-MGR: evt(101)
06-12 09:19:50.087   312   607 E RILD    : CLNET-MGR: EVENT_VOICE_NET_REG_STATE_DONE
06-12 09:19:50.089  1102  1158 D RILJ    : [0152]< VOICE_REGISTRATION_STATE {.regState = REG_HOME, .rat = 6, .cssSupported = true, .roamingIndicator = 1, .systemIsInPrl = 1, .defaultRoamingIndicator = 0, .reasonForDenial = 0, .cellIdentity = {.cellInfoType = CDMA, .cellIdentityGsm = [], .cellIdentityWcdma = [], .cellIdentityCdma = [{.networkId = 25, .systemId = 5, .baseStationId = 17890, .longitude = -1268467, .latitude = 619360}], .cellIdentityLte = [], .cellIdentityTdscdma = []}} [SUB0]
06-12 09:19:50.089  1102  1241 D NRM-C   : onRequestNetworkRegistrationInfoComplete result: 0, info: NetworkRegistrationInfo{ domain=CS transportType=WWAN registrationState=HOME roamingType=NOT_ROAMING accessNetworkTechnology=CDMA - 1xRTT rejectCause=0 emergencyEnabled=false availableServices=[VOICE,SMS,VIDEO] cellIdentity=CellIdentityCdma:{ mNetworkId=25 mSystemId=5 mBasestationId=17890 mLongitude=-1268467 mLatitude=619360 mAlphaLong= mAlphaShort=} voiceSpecificInfo=VoiceSpecificRegistrationInfo { mCssSupported=true mRoamingIndicator=1 mSystemIsInPrl=1 mDefaultRoamingIndicator=0} dataSpecificInfo=null nrState=NONE}
06-12 09:19:50.091  1102  1102 D RILJ    : [0151]> OPERATOR [SUB0]
06-12 09:19:50.092   312   312 E RILD    : IsRegisteredNetworkType(): netType[1]  feature[00] state[0] 
06-12 09:19:50.092   312   608 E RILD    : DoRouteIn - FW reqId : 22
06-12 09:19:50.092   312   608 E RILD    : DoRouteOut - FW reqId : 22
06-12 09:19:50.092   312   607 E RILD    : CLNET-MGR: evt(108)
06-12 09:19:50.092   312   607 E RILD    : CLNET-MGR: EVENT_OPERATOR
06-12 09:19:50.092   312   607 E RILD    : DoOperator():
06-12 09:19:50.092   312   607 E RILD    : IsConsideredRegistered: Cache hit 1
06-12 09:19:50.092   312   607 E RILD    : SendMessage: svc(NAS), msg(0x39:QMI_NAS_GET_OPERATOR_NAME_DATA), sync(1), internal(0), size(0)
06-12 09:19:50.092   269   269 E use-Rlog/RLOG-RIL-QMI: qmuxd: RX 47 bytes on fd=22 from qmux_client_id=0x0
06-12 09:19:50.093   269   585 E use-Rlog/RLOG-RIL-QMI: qmuxd: TX message on fd=22, to qmux_client_id=0x0, len=177
06-12 09:19:50.093   312   607 E RILD    : ReceiveMessage: svc(NAS), msg(0x39:QMI_NAS_GET_OPERATOR_NAME_DATA), indi(0), size(38212), err(0)
06-12 09:19:50.093   312   607 E RILD    : Result(0), Error(0)
06-12 09:19:50.093   312   607 E RILD    : IsConsideredRegistered: Cache hit 1
06-12 09:19:50.093   312   607 E RILD    : FindCurrentMccMnc: mcc(311), mnc(580)
06-12 09:19:50.093   312   607 E RILD    : GetPlmnUsingSid() - Default: 311580, SID: 5, result: 0
06-12 09:19:50.094   312   607 E RILD    : Use the SID table - false
06-12 09:19:50.094   312   607 E RILD    : Final USA CDMA MCC/MNC: 311580
06-12 09:19:50.094   312   607 E RILD    : CLNET-MGR: evt(109)
06-12 09:19:50.094   312   607 E RILD    : CLNET-MGR: EVENT_OPERATOR_DONE
06-12 09:19:50.094   312   607 E RILD    : OnOperatorDone() - Name:  / , mPlmn: 311580, mState: 1, mRat: 6, IMS: 0
06-12 09:19:50.094   312   607 E RILD    : EVENT_OPERATOR_DONE ERI (,,311580)
06-12 09:19:50.094  1102  1158 D RILJ    : [0151]< OPERATOR {, , 311580} [SUB0]
06-12 09:19:50.096  1102  1233 D RILJ    : [0153]> DATA_REGISTRATION_STATE [SUB0]
06-12 09:19:50.096   312   312 E RILD    : IsRegisteredNetworkType(): netType[1]  feature[00] state[0] 
06-12 09:19:50.096   312   608 E RILD    : DoRouteIn - FW reqId : 21
06-12 09:19:50.096   312   608 E RILD    : DoRouteOut - FW reqId : 21
06-12 09:19:50.096   312   607 E RILD    : CLNET-MGR: evt(102)
06-12 09:19:50.096   312   607 E RILD    : CLNET-MGR: EVENT_DATA_NET_REG_STATE
06-12 09:19:50.096   312   607 E RILD    : DoDataNetRegState():
06-12 09:19:50.096   312   607 E RILD    : TxGetSysInfo: Cache hit!
06-12 09:19:50.096   312   607 E RILD    : GetDataRegs: group( CDMA), reg(1)
06-12 09:19:50.096   312   607 E RILD    : GetDataRegs: group( EVDO), reg(2)
06-12 09:19:50.096   312   607 E RILD    : GetDataRegs: group(  GSM), reg(0)
06-12 09:19:50.096   312   607 E RILD    : GetDataRegs: group( UMTS), reg(0)
06-12 09:19:50.096   312   607 E RILD    : GetDataRegs: group(EHRPD), reg(2)
06-12 09:19:50.096   312   607 E RILD    : GetDataRegs: group(  LTE), reg(1)
06-12 09:19:50.096   312   607 E RILD    : GetDataRegs: group(TDSCDMA), reg(0)
06-12 09:19:50.096   312   607 E RILD    : BuildDataRegState: prefData(6) flag(1) networktype(0) radiotech(14) from WDS
06-12 09:19:50.096   312   607 E RILD    : CheckRoamingStatus: return 1
06-12 09:19:50.096   312   607 E RILD    : BuildDataRegState: isRegistered : 1, dataTechToReport : 6
06-12 09:19:50.096   312   607 E RILD    : BuildDataRegState: pref data tech reg 1
06-12 09:19:50.096   312   607 E RILD    : BuildDataRegState: registered...
06-12 09:19:50.096   312   607 E RILD    : mOptionalRadioTech:0
06-12 09:19:50.096   312   607 E RILD    : BuildDataRegState() - VoPS: 0, EbSupport: 0, EmergencyBarring: 0
06-12 09:19:50.096   312   607 E RILD    : mConsideredDataTechnology Valid: 1, Value: 14
06-12 09:19:50.097   312   607 E RILD    : CLNET-MGR: evt(103)
06-12 09:19:50.097   312   607 E RILD    : CLNET-MGR: EVENT_DATA_NET_REG_STATE_DONE
06-12 09:19:50.097  1102  1233 D RILJ    : [0154]> VOICE_REGISTRATION_STATE [SUB0]
06-12 09:19:50.097   312   312 E RILD    : IsRegisteredNetworkType(): netType[1]  feature[00] state[0] 
06-12 09:19:50.097   312   608 E RILD    : DoRouteIn - FW reqId : 20
06-12 09:19:50.099   312   607 E RILD    : UpdateLteVoiceSupportProperty(): ltevoicesupport property set to 0 , ecsupport set to 0
06-12 09:19:50.099   312   608 E RILD    : DoRouteOut - FW reqId : 20
06-12 09:19:50.099   312   607 E RILD    : CLNET-MGR: evt(100)
06-12 09:19:50.099   312   607 E RILD    : DoVoiceNetRegState():
06-12 09:19:50.099   312   607 E RILD    : IsRegisteredNetworkType(): netType[1]  feature[00] state[0] 
06-12 09:19:50.099   312   607 E RILD    : TxGetSysInfo: Cache hit!
06-12 09:19:50.099   312   607 E RILD    : GetVoiceSysInfo: regState(1), voiceRte(6), isRte3gpp(0)
06-12 09:19:50.099   312   607 E RILD    :  ... cid invalid, set cid to previous value 140910338, 2
06-12 09:19:50.099   312   607 E RILD    : cdmaCcsSupported: 0, SimulVoiceAndDataCapability Valid: 1, Value: 1
06-12 09:19:50.099   312   607 E RILD    : mReportedDataTechnology Valid: 1, Value: 14
06-12 09:19:50.099   312   607 E RILD    : BuildVoiceRegState : rData->mTac : 0
06-12 09:19:50.099   312   607 E RILD    : CLNET-MGR: evt(101)
06-12 09:19:50.099   312   607 E RILD    : CLNET-MGR: EVENT_VOICE_NET_REG_STATE_DONE
06-12 09:19:50.100  1102  1158 D RILJ    : [0153]< DATA_REGISTRATION_STATE {.regState = REG_HOME, .rat = 14, .reasonDataDenied = -1, .maxDataCalls = 4, .cellIdentity = {.cellInfoType = LTE, .cellIdentityGsm = [], .cellIdentityWcdma = [], .cellIdentityCdma = [], .cellIdentityLte = [{.mcc = , .mnc = , .ci = -1, .pci = -1, .tac = -1, .earfcn = -1}], .cellIdentityTdscdma = []}} [SUB0]
06-12 09:19:50.100  1102  1241 D NRM-C   : onRequestNetworkRegistrationInfoComplete result: 0, info: NetworkRegistrationInfo{ domain=PS transportType=WWAN registrationState=HOME roamingType=NOT_ROAMING accessNetworkTechnology=LTE rejectCause=-1 emergencyEnabled=false availableServices=[DATA] cellIdentity=CellIdentityLte:{ mCi=2147483647 mPci=2147483647 mTac=2147483647 mEarfcn=2147483647 mBandwidth=2147483647 mMcc=null mMnc=null mAlphaLong= mAlphaShort=} voiceSpecificInfo=null dataSpecificInfo=android.telephony.DataSpecificRegistrationInfo :{ maxDataCalls = 4 isDcNrRestricted = false isNrAvailable = false isEnDcAvailable = false LteVopsSupportInfo :  mVopsSupport = 1 mEmcBearerSupport = 1 mIsUsingCarrierAggregation = false } nrState=NONE}
06-12 09:19:50.101  1102  1158 D RILJ    : [0154]< VOICE_REGISTRATION_STATE {.regState = REG_HOME, .rat = 6, .cssSupported = true, .roamingIndicator = 1, .systemIsInPrl = 1, .defaultRoamingIndicator = 0, .reasonForDenial = 0, .cellIdentity = {.cellInfoType = CDMA, .cellIdentityGsm = [], .cellIdentityWcdma = [], .cellIdentityCdma = [{.networkId = 25, .systemId = 5, .baseStationId = 17890, .longitude = -1268467, .latitude = 619360}], .cellIdentityLte = [], .cellIdentityTdscdma = []}} [SUB0]
06-12 09:19:50.101  1102  1241 D NRM-C   : onRequestNetworkRegistrationInfoComplete result: 0, info: NetworkRegistrationInfo{ domain=CS transportType=WWAN registrationState=HOME roamingType=NOT_ROAMING accessNetworkTechnology=CDMA - 1xRTT rejectCause=0 emergencyEnabled=false availableServices=[VOICE,SMS,VIDEO] cellIdentity=CellIdentityCdma:{ mNetworkId=25 mSystemId=5 mBasestationId=17890 mLongitude=-1268467 mLatitude=619360 mAlphaLong= mAlphaShort=} voiceSpecificInfo=VoiceSpecificRegistrationInfo { mCssSupported=true mRoamingIndicator=1 mSystemIsInPrl=1 mDefaultRoamingIndicator=0} dataSpecificInfo=null nrState=NONE}
06-12 09:19:50.102  1102  1102 D SST     : [0] handlePollStateResultMessage: PS cellular. NetworkRegistrationInfo{ domain=PS transportType=WWAN registrationState=HOME roamingType=NOT_ROAMING accessNetworkTechnology=LTE rejectCause=-1 emergencyEnabled=false availableServices=[DATA] cellIdentity=CellIdentityLte:{ mCi=2147483647 mPci=2147483647 mTac=2147483647 mEarfcn=2147483647 mBandwidth=2147483647 mMcc=null mMnc=null mAlphaLong= mAlphaShort=} voiceSpecificInfo=null dataSpecificInfo=android.telephony.DataSpecificRegistrationInfo :{ maxDataCalls = 4 isDcNrRestricted = false isNrAvailable = false isEnDcAvailable = false LteVopsSupportInfo :  mVopsSupport = 1 mEmcBearerSupport = 1 mIsUsingCarrierAggregation = false } nrState=NONE}
06-12 09:19:50.103  1102  1102 D RILJ    : [0155]> SIGNAL_STRENGTH [SUB0]
06-12 09:19:50.103   312   312 E RILD    : IsRegisteredNetworkType(): netType[1]  feature[00] state[0] 
06-12 09:19:50.103   312   608 E RILD    : DoRouteIn - FW reqId : 19
06-12 09:19:50.103   312   608 E RILD    : DoRouteOut - FW reqId : 19
06-12 09:19:50.103   312   607 E RILD    : CLNET-MGR: evt(106)
06-12 09:19:50.103   312   607 E RILD    : DoSignalStrength():
06-12 09:19:50.104   312   607 E RILD    : IsConsideredRegistered: Cache hit 1
06-12 09:19:50.104  1102  1158 D RILJ    : [0155]< SIGNAL_STRENGTH SignalStrength:{mCdma=CellSignalStrengthCdma: cdmaDbm=-65 cdmaEcio=-20 evdoDbm=2147483647 evdoEcio=2147483647 evdoSnr=2147483647 level=4,mGsm=CellSignalStrengthGsm: rssi=2147483647 ber=2147483647 mTa=2147483647 mLevel=0,mWcdma=CellSignalStrengthWcdma: ss=2147483647 ber=2147483647 rscp=2147483647 ecno=2147483647 level=0,mTdscdma=CellSignalStrengthTdscdma: rssi=2147483647 ber=2147483647 rscp=2147483647 level=0,mLte=CellSignalStrengthLte: rssi=2147483647 rsrp=2147483647 rsrq=2147483647 rssnr=-184 cqi=2147483647 ta=0 level=0,mNr=CellSignalStrengthNr:{ csiRsrp = 2147483647 csiRsrq = 2147483647 csiSinr = 2147483647 ssRsrp = 2147483647 ssRsrq = 2147483647 ssSinr = 2147483647 level = 0 },primary=CellSignalStrengthLte} [SUB0]
06-12 09:19:50.105  1102  1102 D SST     : [0] handlePollStateResultMessage: CS cellular. NetworkRegistrationInfo{ domain=CS transportType=WWAN registrationState=HOME roamingType=NOT_ROAMING accessNetworkTechnology=CDMA - 1xRTT rejectCause=0 emergencyEnabled=false availableServices=[VOICE,SMS,VIDEO] cellIdentity=CellIdentityCdma:{ mNetworkId=25 mSystemId=5 mBasestationId=17890 mLongitude=-1268467 mLatitude=619360 mAlphaLong= mAlphaShort=} voiceSpecificInfo=VoiceSpecificRegistrationInfo { mCssSupported=true mRoamingIndicator=1 mSystemIsInPrl=1 mDefaultRoamingIndicator=0} dataSpecificInfo=null nrState=NONE}
06-12 09:19:50.106  1102  1102 D SST     : [0] combinePsRegistrationStates: {mVoiceRegState=0(IN_SERVICE), mDataRegState=0(IN_SERVICE), mChannelNumber=-1, duplexMode()=0, mCellBandwidths=[], mVoiceOperatorAlphaLong=, mVoiceOperatorAlphaShort=, mDataOperatorAlphaLong=, mDataOperatorAlphaShort=, isManualNetworkSelection=false(automatic), getRilVoiceRadioTechnology=6(1xRTT), getRilDataRadioTechnology=14(LTE), mCssIndicator=supported, mNetworkId=25, mSystemId=5, mCdmaRoamingIndicator=-1, mCdmaDefaultRoamingIndicator=-1, mIsEmergencyOnly=false, isUsingCarrierAggregation=false, mLteEarfcnRsrpBoost=0, mNetworkRegistrationInfos=[NetworkRegistrationInfo{ domain=PS transportType=WWAN registrationState=HOME roamingType=NOT_ROAMING accessNetworkTechnology=LTE rejectCause=-1 emergencyEnabled=false availableServices=[DATA] cellIdentity=CellIdentityLte:{ mCi=2147483647 mPci=2147483647 mTac=2147483647 mEarfcn=2147483647 mBandwidth=2147483647 mMcc=null mMnc=null mAlphaLong= mAlphaShort=} voiceSpecificInfo=null dataSpecificInfo=android.telephony.DataSpecificRegistrationInfo :{ maxDataCalls = 4 isDcNrRestricted = false isNrAvailable = false isEnDcAvailable = false LteVopsSupportInfo :  mVopsSupport = 1 mEmcBearerSupport = 1 mIsUsingCarrierAggregation = false } nrState=NONE}, NetworkRegistrationInfo{ domain=CS transportType=WWAN registrationState=HOME roamingType=NOT_ROAMING accessNetworkTechnology=CDMA - 1xRTT rejectCause=0 emergencyEnabled=false availableServices=[VOICE,SMS,VIDEO] cellIdentity=CellIdentityCdma:{ mNetworkId=25 mSystemId=5 mBasestationId=17890 mLongitude=-1268467 mLatitude=619360 mAlphaLong= mAlphaShort=} voiceSpecificInfo=VoiceSpecificRegistrationInfo { mCssSupported=true mRoamingIndicator=1 mSystemIsInPrl=1 mDefaultRoamingIndicator=0} dataSpecificInfo=null nrState=NONE}], mNrFrequencyRange=-1, mOperatorAlphaLongRaw=null, mOperatorAlphaShortRaw=null, mIsIwlanPreferred=false}
06-12 09:19:50.107  1102  1102 D SST     : [0] Set CDMA Roaming Indicator to: 1. voiceRoaming = false. dataRoaming = false, isPrlLoaded = true. namMatch = false , mIsInPrl = true, mRoamingIndicator = 1, mDefaultRoamingIndicator= 0
06-12 09:19:50.118  1102  1102 D SST     : [0] Poll ServiceState done:  oldSS=[{mVoiceRegState=1(OUT_OF_SERVICE), mDataRegState=1(OUT_OF_SERVICE), mChannelNumber=-1, duplexMode()=0, mCellBandwidths=[], mVoiceOperatorAlphaLong=, mVoiceOperatorAlphaShort=, mDataOperatorAlphaLong=, mDataOperatorAlphaShort=, isManualNetworkSelection=false(automatic), getRilVoiceRadioTechnology=0(Unknown), getRilDataRadioTechnology=0(Unknown), mCssIndicator=unsupported, mNetworkId=0, mSystemId=0, mCdmaRoamingIndicator=1, mCdmaDefaultRoamingIndicator=0, mIsEmergencyOnly=false, isUsingCarrierAggregation=false, mLteEarfcnRsrpBoost=0, mNetworkRegistrationInfos=[NetworkRegistrationInfo{ domain=PS transportType=WWAN registrationState=NOT_REG_SEARCHING roamingType=NOT_ROAMING accessNetworkTechnology=UNKNOWN rejectCause=-1 emergencyEnabled=true availableServices=[EMERGENCY] cellIdentity=null voiceSpecificInfo=null dataSpecificInfo=android.telephony.DataSpecificRegistrationInfo :{ maxDataCalls = 4 isDcNrRestricted = false isNrAvailable = false isEnDcAvailable = false LteVopsSupportInfo :  mVopsSupport = 1 mEmcBearerSupport = 1 mIsUsingCarrierAggregation = false } nrState=NONE}, NetworkRegistrationInfo{ domain=CS transportType=WWAN registrationState=NOT_REG_SEARCHING roamingType=NOT_ROAMING accessNetworkTechnology=UNKNOWN rejectCause=0 emergencyEnabled=false availableServices=[] cellIdentity=null voiceSpecificInfo=VoiceSpecificRegistrationInfo { mCssSupported=false mRoamingIndicator=1 mSystemIsInPrl=0 mDefaultRoamingIndicator=0} dataSpecificInfo=null nrState=NONE}], mNrFrequencyRange=-1, mOperatorAlphaLongRaw=null, mOperatorAlphaShortRaw=null, mIsIwlanPreferred=false}] newSS=[{mVoiceRegState=0(IN_SERVICE), mDataRegState=0(IN_SERVICE), mChannelNumber=-1, duplexMode()=0, mCellBandwidths=[], mVoiceOperatorAlphaLong=, mVoiceOperatorAlphaShort=, mDataOperatorAlphaLong=, mDataOperatorAlphaShort=, isManualNetworkSelection=false(automatic), getRilVoiceRadioTechnology=6(1xRTT), getRilDataRadioTechnology=14(LTE), mCssIndicator=supported, mNetworkId=25, mSystemId=5, mCdmaRoamingIndicator=1, mCdmaDefaultRoamingIndicator=0, mIsEmergencyOnly=false, isUsingCarrierAggregation=false, mLteEarfcnRsrpBoost=0, mNetworkRegistrationInfos=[NetworkRegistrationInfo{ domain=PS transportType=WWAN registrationState=HOME roamingType=NOT_ROAMING accessNetworkTechnology=LTE rejectCause=-1 emergencyEnabled=false availableServices=[DATA] cellIdentity=CellIdentityLte:{ mCi=2147483647 mPci=2147483647 mTac=2147483647 mEarfcn=2147483647 mBandwidth=2147483647 mMcc=null mMnc=null mAlphaLong= mAlphaShort=} voiceSpecificInfo=null dataSpecificInfo=android.telephony.DataSpecificRegistrationInfo :{ maxDataCalls = 4 isDcNrRestricted = false isNrAvailable = false isEnDcAvailable = false LteVopsSupportInfo :  mVopsSupport = 1 mEmcBearerSupport = 1 mIsUsingCarrierAggregation = false } nrState=NONE}, NetworkRegistrationInfo{ domain=CS transportType=WWAN registrationState=HOME roamingType=NOT_ROAMING accessNetworkTechnology=CDMA - 1xRTT rejectCause=0 emergencyEnabled=false availableServices=[VOICE,SMS,VIDEO] cellIdentity=CellIdentityCdma:{ mNetworkId=25 mSystemId=5 mBasestationId=17890 mLongitude=-1268467 mLatitude=619360 mAlphaLong= mAlphaShort=} voiceSpecificInfo=VoiceSpecificRegistrationInfo { mCssSupported=true mRoamingIndicator=1 mSystemIsInPrl=1 mDefaultRoamingIndicator=0} dataSpecificInfo=null nrState=NONE}], mNrFrequencyRange=-1, mOperatorAlphaLongRaw=null, mOperatorAlphaShortRaw=null, mIsIwlanPreferred=false}] oldMaxDataCalls=1 mNewMaxDataCalls=1 oldReasonDataDenied=-1 mNewReasonDataDenied=-1
06-12 09:19:50.119  1102  1102 D SST     : [0] pollStateDone: hasRegistered = true hasDeregistered = false hasDataAttached = {1=true} hasDataDetached = {1=false} hasDataRegStateChanged = {1=true} hasRilVoiceRadioTechnologyChanged = true hasRilDataRadioTechnologyChanged = {1=true} hasDataTransportPreferenceChanged = false hasChanged = true hasVoiceRoamingOn = false hasVoiceRoamingOff = false hasDataRoamingOn =false hasDataRoamingOff = false hasLocationChanged = true has4gHandoff = false hasMultiApnSupport = true hasLostMultiApnSupport = false hasCssIndicatorChanged = true hasNrFrequencyRangeChanged = false hasNrStateChanged = false hasAirplaneModeOnlChanged = false
06-12 09:19:50.119  1102  1102 D GsmCdmaPhone: [0] updatePhoneObject: radioTechnology=6
06-12 09:19:50.136  1102  1102 D SST     : handleNetworkAvailable: mNitzTimeZoneDetectionSuccessful=true, Setting mNitzTimeZoneDetectionSuccessful=false
06-12 09:19:50.138  1102  1102 D SST     : [0] updateSpnDisplayLegacy+
06-12 09:19:50.143  1102  1102 D SST     : [0] updateSpnDisplay: cdma rawPlmn = U.S. Cellular
06-12 09:19:50.147  1102  1102 D SST     : [0] updateSpnDisplay: updateSpnDisplay: changed sending intent, rule=2, showPlmn='true', plmn='U.S. Cellular', showSpn='false', spn='null', dataSpn='null', subId='-1'
06-12 09:19:50.149  1102  1102 D SubscriptionManager: putPhoneIdAndSubIdExtra: no valid subs
06-12 09:19:50.151  1102  1102 D SubscriptionController: [setPlmnSpn] No valid subscription to store info
06-12 09:19:50.152  1102  1102 D SubscriptionController: notifySubscriptionInfoChanged:
06-12 09:19:50.166  1102  1102 D SST     : [0] updateSpnDisplayLegacy-
06-12 09:19:50.172  1102  1102 D TelephonyManager: setTelephonyProperty: success property=gsm.operator.idpstring value: 011
06-12 09:19:50.180  1102  1102 D SST     : [0] Broadcasting ServiceState : {mVoiceRegState=0(IN_SERVICE), mDataRegState=0(IN_SERVICE), mChannelNumber=-1, duplexMode()=0, mCellBandwidths=[], mVoiceOperatorAlphaLong=U.S. Cellular, mVoiceOperatorAlphaShort=, mDataOperatorAlphaLong=U.S. Cellular, mDataOperatorAlphaShort=, isManualNetworkSelection=false(automatic), getRilVoiceRadioTechnology=6(1xRTT), getRilDataRadioTechnology=14(LTE), mCssIndicator=supported, mNetworkId=25, mSystemId=5, mCdmaRoamingIndicator=1, mCdmaDefaultRoamingIndicator=0, mIsEmergencyOnly=false, isUsingCarrierAggregation=false, mLteEarfcnRsrpBoost=0, mNetworkRegistrationInfos=[NetworkRegistrationInfo{ domain=CS transportType=WWAN registrationState=HOME roamingType=NOT_ROAMING accessNetworkTechnology=CDMA - 1xRTT rejectCause=0 emergencyEnabled=false availableServices=[VOICE,SMS,VIDEO] cellIdentity=CellIdentityCdma:{ mNetworkId=25 mSystemId=5 mBasestationId=17890 mLongitude=-1268467 mLatitude=619360 mAlphaLong= mAlphaShort=} voiceSpecificInfo=VoiceSpecificRegistrationInfo { mCssSupported=true mRoamingIndicator=1 mSystemIsInPrl=1 mDefaultRoamingIndicator=0} dataSpecificInfo=null nrState=NONE}, NetworkRegistrationInfo{ domain=PS transportType=WWAN registrationState=HOME roamingType=NOT_ROAMING accessNetworkTechnology=LTE rejectCause=-1 emergencyEnabled=false availableServices=[DATA] cellIdentity=CellIdentityLte:{ mCi=2147483647 mPci=2147483647 mTac=2147483647 mEarfcn=2147483647 mBandwidth=2147483647 mMcc=null mMnc=null mAlphaLong= mAlphaShort=} voiceSpecificInfo=null dataSpecificInfo=android.telephony.DataSpecificRegistrationInfo :{ maxDataCalls = 4 isDcNrRestricted = false isNrAvailable = false isEnDcAvailable = false LteVopsSupportInfo :  mVopsSupport = 1 mEmcBearerSupport = 1 mIsUsingCarrierAggregation = false } nrState=NONE}], mNrFrequencyRange=-1, mOperatorAlphaLongRaw=null, mOperatorAlphaShortRaw=null, mIsIwlanPreferred=false}
06-12 09:19:50.181  1102  1102 D DefaultPhoneNotifier: nofityServiceState: mRegistry=com.android.internal.telephony.ITelephonyRegistry$Stub$Proxy@e2dbc5f ss={mVoiceRegState=0(IN_SERVICE), mDataRegState=0(IN_SERVICE), mChannelNumber=-1, duplexMode()=0, mCellBandwidths=[], mVoiceOperatorAlphaLong=U.S. Cellular, mVoiceOperatorAlphaShort=, mDataOperatorAlphaLong=U.S. Cellular, mDataOperatorAlphaShort=, isManualNetworkSelection=false(automatic), getRilVoiceRadioTechnology=6(1xRTT), getRilDataRadioTechnology=14(LTE), mCssIndicator=supported, mNetworkId=25, mSystemId=5, mCdmaRoamingIndicator=1, mCdmaDefaultRoamingIndicator=0, mIsEmergencyOnly=false, isUsingCarrierAggregation=false, mLteEarfcnRsrpBoost=0, mNetworkRegistrationInfos=[NetworkRegistrationInfo{ domain=CS transportType=WWAN registrationState=HOME roamingType=NOT_ROAMING accessNetworkTechnology=CDMA - 1xRTT rejectCause=0 emergencyEnabled=false availableServices=[VOICE,SMS,VIDEO] cellIdentity=CellIdentityCdma:{ mNetworkId=25 mSystemId=5 mBasestationId=17890 mLongitude=-1268467 mLatitude=619360 mAlphaLong= mAlphaShort=} voiceSpecificInfo=VoiceSpecificRegistrationInfo { mCssSupported=true mRoamingIndicator=1 mSystemIsInPrl=1 mDefaultRoamingIndicator=0} dataSpecificInfo=null nrState=NONE}, NetworkRegistrationInfo{ domain=PS transportType=WWAN registrationState=HOME roamingType=NOT_ROAMING accessNetworkTechnology=LTE rejectCause=-1 emergencyEnabled=false availableServices=[DATA] cellIdentity=CellIdentityLte:{ mCi=2147483647 mPci=2147483647 mTac=2147483647 mEarfcn=2147483647 mBandwidth=2147483647 mMcc=null mMnc=null mAlphaLong= mAlphaShort=} voiceSpecificInfo=null dataSpecificInfo=android.telephony.DataSpecificRegistrationInfo :{ maxDataCalls = 4 isDcNrRestricted = false isNrAvailable = false isEnDcAvailable = false LteVopsSupportInfo :  mVopsSupport = 1 mEmcBearerSupport = 1 mIsUsingCarrierAggregation = false } nrState=NONE}], mNrFrequencyRange=-1, mOperatorAlphaLongRaw=null, mOperatorAlphaShortRaw=null, mIsIwlanPreferred=false} sender=Handler (com.android.internal.telephony.GsmCdmaPhone) {3e585c6} phondId=0 subId=-1
06-12 09:19:50.185   522   887 D TelephonyRegistry: notifyServiceStateForSubscriber: INVALID phoneId=0 or subId=-1
06-12 09:19:50.203  1102  1102 D SubscriptionController: [getSlotIndex]- subId invalid
06-12 09:19:50.205   522   887 E PHONE   : ServiceState.getRadioTechnology() DEPRECATED will be removed *******
06-12 09:19:50.218  1102  1102 D SST     : [0] notifyDataRegStateRilRadioTechnologyChanged: drs=0 rat=14
06-12 09:19:50.219  1102  1102 D DCT-C   : get all active apn types
06-12 09:19:50.228  1102  1102 D SST     : [0] notifyVoiceRegStateRilRadioTechnologyChanged: vrs=0 rat=6
06-12 09:19:50.229   522   887 D TelephonyRegistry: notifyCellLocationForSubscriber: subId=-1 cellLocation=Bundle[mParcelledData.dataSize=216]
06-12 09:19:50.231  1102  1102 D GsmCdmaPhone: [0] phoneObjectUpdater: newVoiceRadioTech=6
06-12 09:19:50.232  1102  1102 D GsmCdmaPhone: [0] phoneObjectUpdater: No change ignore, newVoiceRadioTech=6 mActivePhone=CDMA
06-12 09:19:50.232  1102  1102 I CSST    : PrefNetworkNotification: sendMessage() w/values: ,true,-1,false,true
06-12 09:19:50.233  1102  1102 I CSST    : canceling notifications: 1000
06-12 09:19:50.233  1102  1102 D Phone   : isWifiCallingEnabled =false
06-12 09:19:50.233  1102  1102 D CSST    : isPhoneRegisteredForWifiCalling: false
06-12 09:19:50.233  1102  1102 D Phone   : isWifiCallingEnabled =false
06-12 09:19:50.233  1102  1102 I CSST    : EmergencyNetworkNotification: sendMessage() w/values: ,true,-1,false,true
06-12 09:19:50.234  1102  1102 I CSST    : canceling notifications: 1001
06-12 09:19:50.234  1102  1102 D GsmCdmaPhone: [0] Event EVENT_REGISTERED_TO_NETWORK Received
06-12 09:19:50.265  1102  1102 D SST     : [0] SubscriptionListener.onSubscriptionInfoChanged
06-12 09:19:50.265  1102  1102 D DCT-C   : SubscriptionListener.onSubscriptionInfoChanged
06-12 09:19:50.267  1102  1102 D LocaleTracker: updateLocale: mcc = 311, country = us
06-12 09:19:50.270  1102  1102 D SST     : updateTimeZoneFromNetworkCountryCode: no good zone for iso=us lookupResult=CountryResult{zoneId='America/New_York', allZonesHaveSameOffset=false, whenMillis=1591971590270}
06-12 09:19:50.273  1102  1102 D DCT-C   : cleanUpConnectionsOnUpdatedApns: detach=false
06-12 09:19:50.273  1102  1102 D DCT-C   : buildWaitingApns: E requestedApnType=default
06-12 09:19:50.273  1102  1102 D GsmCdmaPhone: [0] getOperatorNumeric: mCdmaSubscriptionSource = 0 operatorNumeric = 311580
06-12 09:19:50.307  1102  1102 D DCT-C   : getPreferredApn: X not found
06-12 09:19:50.307  1102  1102 D DCT-C   : buildWaitingApns: usePreferred=true canSetPreferApn=true mPreferredApn=null operator=311580 radioTech=14 IccRecords r=null
06-12 09:19:50.307  1102  1102 D DCT-C   : buildWaitingApns: mAllApnSettings=[[ApnSettingV7] Freedom Mobile E911, 1090, 302490, e911.mobilefrdm.ca, , null, , null, null, -1, emergency, IPV4V6, IP, true, 0, false, 0, 0, 0, 0, null, , false, 0, 0, -1, -1]
06-12 09:19:50.307  1102  1102 D DCT-C   : buildWaitingApns: 0 APNs in the list: []
06-12 09:19:50.307  1102  1102 D DCT-C   : buildWaitingApns: E requestedApnType=mms
06-12 09:19:50.307  1102  1102 D GsmCdmaPhone: [0] getOperatorNumeric: mCdmaSubscriptionSource = 0 operatorNumeric = 311580
06-12 09:19:50.316  1102  1102 D DCT-C   : getPreferredApn: X not found
06-12 09:19:50.316  1102  1102 D DCT-C   : buildWaitingApns: usePreferred=true canSetPreferApn=true mPreferredApn=null operator=311580 radioTech=14 IccRecords r=null
06-12 09:19:50.316  1102  1102 D DCT-C   : buildWaitingApns: mAllApnSettings=[[ApnSettingV7] Freedom Mobile E911, 1090, 302490, e911.mobilefrdm.ca, , null, , null, null, -1, emergency, IPV4V6, IP, true, 0, false, 0, 0, 0, 0, null, , false, 0, 0, -1, -1]
06-12 09:19:50.316  1102  1102 D DCT-C   : buildWaitingApns: 0 APNs in the list: []
06-12 09:19:50.316  1102  1102 D DCT-C   : buildWaitingApns: E requestedApnType=supl
06-12 09:19:50.316  1102  1102 D GsmCdmaPhone: [0] getOperatorNumeric: mCdmaSubscriptionSource = 0 operatorNumeric = 311580
06-12 09:19:50.322  1102  1102 D DCT-C   : getPreferredApn: X not found
06-12 09:19:50.322  1102  1102 D DCT-C   : buildWaitingApns: usePreferred=true canSetPreferApn=true mPreferredApn=null operator=311580 radioTech=14 IccRecords r=null
06-12 09:19:50.322  1102  1102 D DCT-C   : buildWaitingApns: mAllApnSettings=[[ApnSettingV7] Freedom Mobile E911, 1090, 302490, e911.mobilefrdm.ca, , null, , null, null, -1, emergency, IPV4V6, IP, true, 0, false, 0, 0, 0, 0, null, , false, 0, 0, -1, -1]
06-12 09:19:50.322  1102  1102 D DCT-C   : buildWaitingApns: 0 APNs in the list: []
06-12 09:19:50.322  1102  1102 D DCT-C   : buildWaitingApns: E requestedApnType=dun
06-12 09:19:50.322  1102  1102 D DCT-C   : fetchDunApns: net.tethering.noprovisioning=true ret: empty list
06-12 09:19:50.323  1102  1102 D GsmCdmaPhone: [0] getOperatorNumeric: mCdmaSubscriptionSource = 0 operatorNumeric = 311580
06-12 09:19:50.332  1102  1102 D DCT-C   : getPreferredApn: X not found
06-12 09:19:50.332  1102  1102 D DCT-C   : buildWaitingApns: usePreferred=true canSetPreferApn=true mPreferredApn=null operator=311580 radioTech=14 IccRecords r=null
06-12 09:19:50.332  1102  1102 D DCT-C   : buildWaitingApns: mAllApnSettings=[[ApnSettingV7] Freedom Mobile E911, 1090, 302490, e911.mobilefrdm.ca, , null, , null, null, -1, emergency, IPV4V6, IP, true, 0, false, 0, 0, 0, 0, null, , false, 0, 0, -1, -1]
06-12 09:19:50.332  1102  1102 D DCT-C   : buildWaitingApns: 0 APNs in the list: []
06-12 09:19:50.332  1102  1102 D DCT-C   : buildWaitingApns: E requestedApnType=hipri
06-12 09:19:50.332  1102  1102 D GsmCdmaPhone: [0] getOperatorNumeric: mCdmaSubscriptionSource = 0 operatorNumeric = 311580
06-12 09:19:50.386  1102  1102 D DCT-C   : getPreferredApn: X not found
06-12 09:19:50.386  1102  1102 D DCT-C   : buildWaitingApns: usePreferred=true canSetPreferApn=true mPreferredApn=null operator=311580 radioTech=14 IccRecords r=null
06-12 09:19:50.386  1102  1102 D DCT-C   : buildWaitingApns: mAllApnSettings=[[ApnSettingV7] Freedom Mobile E911, 1090, 302490, e911.mobilefrdm.ca, , null, , null, null, -1, emergency, IPV4V6, IP, true, 0, false, 0, 0, 0, 0, null, , false, 0, 0, -1, -1]
06-12 09:19:50.386  1102  1102 D DCT-C   : buildWaitingApns: 0 APNs in the list: []
06-12 09:19:50.386  1102  1102 D DCT-C   : stopNetStatPoll
06-12 09:19:50.387  1102  1102 D DCT-C   : mDisconnectPendingCount = 0
06-12 09:19:50.387  1102  1102 D DCT-C   : setupDataOnAllConnectableApns: nwTypeChanged hipri:[state=IDLE,enabled=false] mms:[state=IDLE,enabled=false] supl:[state=IDLE,enabled=false] default:[state=IDLE,enabled=false] dun:[state=IDLE,enabled=false] 
06-12 09:19:50.387  1102  1102 I CSST    : PrefNetworkNotification: sendMessage() w/values: ,true,-1,false,true
06-12 09:19:50.396  1102  1102 I CSST    : canceling notifications: 1000
06-12 09:19:50.396  1102  1102 D Phone   : isWifiCallingEnabled =false
06-12 09:19:50.396  1102  1102 D CSST    : isPhoneRegisteredForWifiCalling: false
06-12 09:19:50.396  1102  1102 D Phone   : isWifiCallingEnabled =false
06-12 09:19:50.396  1102  1102 I CSST    : EmergencyNetworkNotification: sendMessage() w/values: ,true,-1,false,true
06-12 09:19:50.397  1102  1102 I CSST    : canceling notifications: 1001
06-12 09:19:50.398  1102  1102 D DCT-C   : onDataConnectionAttached
06-12 09:19:50.398  1102  1102 D DCT-C   : setupDataOnAllConnectableApns: dataAttached hipri:[state=IDLE,enabled=false] mms:[state=IDLE,enabled=false] supl:[state=IDLE,enabled=false] default:[state=IDLE,enabled=false] dun:[state=IDLE,enabled=false] 
06-12 09:19:50.398  1102  1102 D GsmCdmaPhone: [0] onVoiceRegStateOrRatChanged
06-12 09:19:50.398  1102  1102 D GsmCdmaPhone: [0] getCsCallRadioTech, current vrs=0, vrat=6
06-12 09:19:50.398  1102  1102 D GsmCdmaPhone: [0] getCsCallRadioTech, result calcVrat=6
06-12 09:19:50.613  1102  1363 D SubscriptionController: [getActiveSubscriptionInfo]- subId=1 subList=[] subInfo=null
06-12 09:19:50.623  1102  1363 D SubscriptionController: [getSlotIndex]- size == 0, return SIM_NOT_INSERTED instead
06-12 09:19:50.658  1102  1363 D SubscriptionController: [getActiveSubscriptionInfo]- subId=-1 subList=[] subInfo=null
06-12 09:19:50.738  1102  1363 D SubscriptionController: [getSlotIndex]- size == 0, return SIM_NOT_INSERTED instead
06-12 09:19:50.754  1102  1363 D SubscriptionController: [getActiveSubscriptionInfo]- subId=-1 subList=[] subInfo=null
06-12 09:19:50.774  1102  1363 D SubscriptionController: [getSlotIndex]- size == 0, return SIM_NOT_INSERTED instead
06-12 09:19:50.801  1102  1363 D SubscriptionController: [getActiveSubscriptionInfo]- subId=-1 subList=[] subInfo=null
06-12 09:19:50.837   269   585 E use-Rlog/RLOG-RIL-QMI: qmuxd: TX message on fd=22, to qmux_client_id=0x0, len=56
06-12 09:19:50.838   312   603 E RILD    : QmiWdsGlobalIndCallback: hndl(0x110100), ind ID(0x2)
06-12 09:19:50.838   312   421 E RILD    : ReceiveMessage: svc(WDS), msg(0x2:QMI_WDS_EVENT_REPORT), indi(1), size(152), err(0)
06-12 09:19:50.838   312   421 E RILD    : ProcessGlobalIndication: ind ID(0x2)
06-12 09:19:50.838   312   421 E RILD    : Event report mask (0xa0)
06-12 09:19:50.839  1102  1363 D SubscriptionController: [getSlotIndex]- size == 0, return SIM_NOT_INSERTED instead
06-12 09:19:50.858  1102  1363 D SubscriptionController: [getActiveSubscriptionInfo]- subId=-1 subList=[] subInfo=null
06-12 09:19:50.865   269   585 E use-Rlog/RLOG-RIL-QMI: qmuxd: TX message on fd=22, to qmux_client_id=0x0, len=69
06-12 09:19:50.865   312   603 E RILD    : QmiSolicitedCallback: msgId(33), err(0)
06-12 09:19:50.865   312   421 E RILD    : ReceiveMessage: svc(UIM), msg(0x21:QMI_UIM_READ_RECORD), indi(0), size(4384), err(0)
06-12 09:19:50.865   312   421 E RILD    : Result(0), Error(0)
06-12 09:19:50.866   312   607 E RILD    : CLSIM-MGR: evt(201)
06-12 09:19:50.866  1102  1158 D RILJ    : [0145]< SIM_IO IccIoResult sw1:0x90 sw2:0x0 Payload: ******* [SUB0]
06-12 09:19:50.872  1102  1102 D RILJ    : [0156]> iccIO: SIM_IO [SUB0]
06-12 09:19:50.873   312   312 E RILD    : IsRegisteredNetworkType(): netType[1]  feature[00] state[0] 
06-12 09:19:50.873   312   608 E RILD    : DoRouteIn - FW reqId : 28
06-12 09:19:50.873   312   608 E RILD    : DoRouteOut - FW reqId : 28
06-12 09:19:50.873   312   607 E RILD    : CLSIM-MGR: evt(101)
06-12 09:19:50.873   312   607 E RILD    : TxSimIo: cmd:0xb2, fileId:0x6f28, path:?, p1:13, p2:4, p3:5 convPath: 3f007fff convAid: a0000003431002f310ffff89020000ff
06-12 09:19:50.874   312   607 E RILD    : TxSimIoReadRecord: for fileId: 0x6f28 session type: 1 firstLevelDfPath: 0x7fff
06-12 09:19:50.874   312   607 E RILD    : SendMessage: svc(UIM), msg(0x21:QMI_UIM_READ_RECORD), sync(0), internal(0), size(76)
06-12 09:19:50.874   269   269 E use-Rlog/RLOG-RIL-QMI: qmuxd: RX 69 bytes on fd=22 from qmux_client_id=0x0
06-12 09:19:50.884   269   585 E use-Rlog/RLOG-RIL-QMI: qmuxd: TX message on fd=22, to qmux_client_id=0x0, len=69
06-12 09:19:50.884   312   603 E RILD    : QmiSolicitedCallback: msgId(33), err(0)
06-12 09:19:50.884   312   421 E RILD    : ReceiveMessage: svc(UIM), msg(0x21:QMI_UIM_READ_RECORD), indi(0), size(4384), err(0)
06-12 09:19:50.884   312   421 E RILD    : Result(0), Error(0)
06-12 09:19:50.884   312   607 E RILD    : CLSIM-MGR: evt(201)
06-12 09:19:50.885  1102  1158 D RILJ    : [0156]< SIM_IO IccIoResult sw1:0x90 sw2:0x0 Payload: ******* [SUB0]
06-12 09:19:50.891  1102  1102 D RILJ    : [0157]> iccIO: SIM_IO [SUB0]
06-12 09:19:50.891   312   312 E RILD    : IsRegisteredNetworkType(): netType[1]  feature[00] state[0] 
06-12 09:19:50.891   312   608 E RILD    : DoRouteIn - FW reqId : 28
06-12 09:19:50.891   312   608 E RILD    : DoRouteOut - FW reqId : 28
06-12 09:19:50.892   312   607 E RILD    : CLSIM-MGR: evt(101)
06-12 09:19:50.892   312   607 E RILD    : TxSimIo: cmd:0xb2, fileId:0x6f28, path:?, p1:14, p2:4, p3:5 convPath: 3f007fff convAid: a0000003431002f310ffff89020000ff
06-12 09:19:50.892   312   607 E RILD    : TxSimIoReadRecord: for fileId: 0x6f28 session type: 1 firstLevelDfPath: 0x7fff
06-12 09:19:50.892   312   607 E RILD    : SendMessage: svc(UIM), msg(0x21:QMI_UIM_READ_RECORD), sync(0), internal(0), size(76)
06-12 09:19:50.892   269   269 E use-Rlog/RLOG-RIL-QMI: qmuxd: RX 69 bytes on fd=22 from qmux_client_id=0x0
06-12 09:19:50.897   269   585 E use-Rlog/RLOG-RIL-QMI: qmuxd: TX message on fd=22, to qmux_client_id=0x0, len=69
06-12 09:19:50.897   312   603 E RILD    : QmiSolicitedCallback: msgId(33), err(0)
06-12 09:19:50.897   312   421 E RILD    : ReceiveMessage: svc(UIM), msg(0x21:QMI_UIM_READ_RECORD), indi(0), size(4384), err(0)
06-12 09:19:50.897   312   421 E RILD    : Result(0), Error(0)
06-12 09:19:50.897   312   607 E RILD    : CLSIM-MGR: evt(201)
06-12 09:19:50.898  1102  1158 D RILJ    : [0157]< SIM_IO IccIoResult sw1:0x90 sw2:0x0 Payload: ******* [SUB0]
06-12 09:19:50.903  1102  1102 D RILJ    : [0158]> iccIO: SIM_IO [SUB0]
06-12 09:19:50.903   312   312 E RILD    : IsRegisteredNetworkType(): netType[1]  feature[00] state[0] 
06-12 09:19:50.903   312   608 E RILD    : DoRouteIn - FW reqId : 28
06-12 09:19:50.903   312   608 E RILD    : DoRouteOut - FW reqId : 28
06-12 09:19:50.904   312   607 E RILD    : CLSIM-MGR: evt(101)
06-12 09:19:50.904   312   607 E RILD    : TxSimIo: cmd:0xb2, fileId:0x6f28, path:?, p1:15, p2:4, p3:5 convPath: 3f007fff convAid: a0000003431002f310ffff89020000ff
06-12 09:19:50.904   312   607 E RILD    : TxSimIoReadRecord: for fileId: 0x6f28 session type: 1 firstLevelDfPath: 0x7fff
06-12 09:19:50.904   312   607 E RILD    : SendMessage: svc(UIM), msg(0x21:QMI_UIM_READ_RECORD), sync(0), internal(0), size(76)
06-12 09:19:50.904   269   269 E use-Rlog/RLOG-RIL-QMI: qmuxd: RX 69 bytes on fd=22 from qmux_client_id=0x0
06-12 09:19:50.908  1102  1363 D SubscriptionController: [getSlotIndex]- size == 0, return SIM_NOT_INSERTED instead
06-12 09:19:50.909   269   585 E use-Rlog/RLOG-RIL-QMI: qmuxd: TX message on fd=22, to qmux_client_id=0x0, len=69
06-12 09:19:50.909   312   603 E RILD    : QmiSolicitedCallback: msgId(33), err(0)
06-12 09:19:50.909   312   421 E RILD    : ReceiveMessage: svc(UIM), msg(0x21:QMI_UIM_READ_RECORD), indi(0), size(4384), err(0)
06-12 09:19:50.909   312   421 E RILD    : Result(0), Error(0)
06-12 09:19:50.910   312   607 E RILD    : CLSIM-MGR: evt(201)
06-12 09:19:50.911  1102  1158 D RILJ    : [0158]< SIM_IO IccIoResult sw1:0x90 sw2:0x0 Payload: ******* [SUB0]
06-12 09:19:50.912  1102  1102 D RILJ    : [0159]> iccIO: SIM_IO [SUB0]
06-12 09:19:50.913   312   312 E RILD    : IsRegisteredNetworkType(): netType[1]  feature[00] state[0] 
06-12 09:19:50.913   312   608 E RILD    : DoRouteIn - FW reqId : 28
