06-12 09:19:10.023  1102  1158 D RilRequest: [0004]< SIGNAL_STRENGTH error: com.android.internal.telephony.CommandException: RADIO_NOT_AVAILABLE ret=SignalStrength:{mCdma=CellSignalStrengthCdma: cdmaDbm=0 cdmaEcio=0 evdoDbm=0 evdoEcio=0 evdoSnr=0 level=4,mGsm=CellSignalStrengthGsm: rssi=-113 ber=0 mTa=0 mLevel=0,mWcdma=CellSignalStrengthWcdma: ss=2147483647 ber=2147483647 rscp=2147483647 ecno=2147483647 level=0,mTdscdma=CellSignalStrengthTdscdma: rssi=2147483647 ber=2147483647 rscp=2147483647 level=0,mLte=CellSignalStrengthLte: rssi=-113 rsrp=2147483647 rsrq=2147483647 rssnr=0 cqi=0 ta=0 level=1,mNr=CellSignalStrengthNr:{ csiRsrp = 2147483647 csiRsrq = 2147483647 csiSinr = 2147483647 ssRsrp = 2147483647 ssRsrq = 2147483647 ssSinr = 2147483647 level = 0 },primary=CellSignalStrengthLte}
06-12 09:19:10.028   522   993 D TelephonyRegistry: listen oscl: mHasNotifySubscriptionInfoChangedOccurred==false no callback
06-12 09:19:10.029  1102  1102 W CarrierConfigManager: Error getting config for subId -1 ICarrierConfigLoader is null
06-12 09:19:10.032  1102  1102 D EmergencyNumberTracker:  emergency database is loaded. 
06-12 09:19:10.034   522   536 D TelephonyRegistry: listen oscl: mHasNotifySubscriptionInfoChangedOccurred==false no callback
06-12 09:19:10.047  1102  1102 D SubscriptionController: Valid row not present in db
06-12 09:19:10.050  1102  1102 D SubscriptionController: getSubscriptionProperty Query value = null
06-12 09:19:10.063  1102  1102 D SubscriptionController: [getActiveSubscriptionInfo]- subId=-1 subList=[] subInfo=null
06-12 09:19:10.065  1102  1102 D         : DCT.constructor
06-12 09:19:10.069   522   988 D TelephonyRegistry: listen oscl: mHasNotifySubscriptionInfoChangedOccurred==false no callback
06-12 09:19:10.084  1102  1102 D Dcc-C   : E ctor
06-12 09:19:10.084  1102  1102 D Dcc-C   : X ctor
06-12 09:19:10.087  1102  1102 D SubscriptionController: [getPhoneId] asked for default subId=-1
06-12 09:19:10.088  1102  1102 D SST     : [0] notifyDataRegStateRilRadioTechnologyChanged: drs=1 rat=0
06-12 09:19:10.088  1102  1102 D DCT-C   : update sub = -1
06-12 09:19:10.088  1102  1102 D DCT-C   : update(): Active DDS, register for all events now!
06-12 09:19:10.089  1102  1102 E GsmCdmaPhone: [0] getOperatorNumeric: Cannot retrieve operatorNumeric: mCdmaSubscriptionSource = 0 mIccRecords = null
06-12 09:19:10.089  1102  1102 D GsmCdmaPhone: [0] getOperatorNumeric: mCdmaSubscriptionSource = 0 operatorNumeric = null
06-12 09:19:10.089  1102  1102 D GsmCdmaPhone: [0] updateCurrentCarrierInProvider: mSubId = -1 currentDds = 1 operatorNumeric = null
06-12 09:19:10.090  1102  1102 D DCT-C   : initApnContexts: E
06-12 09:19:10.090  1102  1102 D DCT-C   : initApnContexts: skipping unknown type=1
06-12 09:19:10.090  1102  1102 D DCT-C   : initApnContexts: apnContext={mApnType=default mState=IDLE mWaitingApns={null} mApnSetting={null} mReason=dataEnabled mDataEnabled=false mDependencyMet=true}
06-12 09:19:10.090  1102  1102 D DCT-C   : initApnContexts: apnContext={mApnType=mms mState=IDLE mWaitingApns={null} mApnSetting={null} mReason=dataEnabled mDataEnabled=false mDependencyMet=true}
06-12 09:19:10.091  1102  1102 D DCT-C   : initApnContexts: apnContext={mApnType=supl mState=IDLE mWaitingApns={null} mApnSetting={null} mReason=dataEnabled mDataEnabled=false mDependencyMet=true}
06-12 09:19:10.091  1102  1102 D DCT-C   : initApnContexts: apnContext={mApnType=dun mState=IDLE mWaitingApns={null} mApnSetting={null} mReason=dataEnabled mDataEnabled=false mDependencyMet=true}
06-12 09:19:10.091  1102  1102 D DCT-C   : initApnContexts: apnContext={mApnType=hipri mState=IDLE mWaitingApns={null} mApnSetting={null} mReason=dataEnabled mDataEnabled=false mDependencyMet=true}
06-12 09:19:10.091  1102  1102 D DCT-C   : initApnContexts: skipping unknown type=7
06-12 09:19:10.111  1102  1102 D DCT-C   : Adding emergency APN : [ApnSettingV7] Freedom Mobile E911, 1090, 302490, e911.mobilefrdm.ca, , null, , null, null, -1, emergency, IPV4V6, IP, true, 0, false, 0, 0, 0, 0, null, , false, 0, 0, -1, -1
06-12 09:19:10.119  1102  1102 D CarrierResolver: Creating CarrierResolver[0]
06-12 09:19:10.142  1102  1102 D SST     : [0] notifyVoiceRegStateRilRadioTechnologyChanged: vrs=1 rat=0
06-12 09:19:10.146  1102  1102 I GsmCdmaPhone: [0] updateTtyMode ttyMode=0
06-12 09:19:10.150  1102  1102 D RILJ    : [0005]> RIL_REQUEST_SET_TTY_MODE ttyMode = 0 [SUB0]
06-12 09:19:10.150   312   312 E RILD    : IsRegisteredNetworkType(): netType[1]  feature[00] state[0] 
06-12 09:19:10.151  1102  1158 D RILJ    : [0005]< RIL_REQUEST_SET_TTY_MODE error 1 [SUB0]
06-12 09:19:10.151  1102  1158 D RilRequest: [0005]< RIL_REQUEST_SET_TTY_MODE error: com.android.internal.telephony.CommandException: RADIO_NOT_AVAILABLE ret=
06-12 09:19:10.156  1102  1102 I GsmCdmaPhone: [0] updateUiTtyMode ttyMode=0
06-12 09:19:10.156  1102  1102 D GsmCdmaPhone: [0] GsmCdmaPhone: constructor: sub = 0
06-12 09:19:10.156  1102  1102 I PhoneFactory: Creating Phone with type = 2 sub = 0
06-12 09:19:10.188  1102  1102 I PhoneFactory: defaultSmsApplication: com.google.android.apps.messaging
06-12 09:19:10.203  1102  1102 I PhoneFactory: Creating SubInfoRecordUpdater 
06-12 09:19:10.210  1102  1102 I TelephonyComponentFactory: makeSubscriptionInfoUpdater
06-12 09:19:10.211  1102  1102 D SubscriptionInfoUpdater: Constructor invoked
06-12 09:19:10.546  1102  1102 I PhoneFactory: IMS is not supported on this device, skipping ImsResolver.
06-12 09:19:10.549   522   988 D TelephonyRegistry: listen oscl: mHasNotifySubscriptionInfoChangedOccurred==false no callback
06-12 09:19:10.558  1102  1102 I TelephonyComponentFactory: makePhoneSwitcher
06-12 09:19:10.559   522   988 D TelephonyRegistry: listen oscl: mHasNotifySubscriptionInfoChangedOccurred==false no callback
06-12 09:19:10.563  1102  1102 D PhoneSwitcher: PhoneSwitcher started
06-12 09:19:10.566  1102  1102 D ProxyController: Constructor - Enter
06-12 09:19:10.571  1102  1102 D ProxyController: clearTransaction
06-12 09:19:10.571  1102  1102 D ProxyController: clearTransaction: phoneId=0 status=IDLE
06-12 09:19:10.571  1102  1102 D ProxyController: Constructor - Exit
06-12 09:19:10.597  1102  1102 D TelephonyNetworkFactory[0]: Registering NetworkFactory
06-12 09:19:10.605  1102  1102 D TelephonyComponentFactory: makeExtTelephonyClasses
06-12 09:19:10.614  1102  1102 D CallManager: registerPhone(CDMA Handler (com.android.internal.telephony.GsmCdmaPhone) {3e585c6})
06-12 09:19:10.721   522   887 D TelephonyRegistry: listen oscl: mHasNotifySubscriptionInfoChangedOccurred==false no callback
06-12 09:19:10.728  1102  1102 D CallManager: registerForMmiComplete
06-12 09:19:10.767   522   988 D TelephonyRegistry: listen oscl: mHasNotifySubscriptionInfoChangedOccurred==false no callback
06-12 09:19:10.781  1102  1102 D SubscriptionController: [getPhoneId] asked for default subId=-1
06-12 09:19:10.830  1102  1102 D UiccController: Received EVENT_RADIO_AVAILABLE/EVENT_RADIO_ON, calling getIccCardStatus
06-12 09:19:10.834  1102  1102 D RILJ    : [0006]> GET_SIM_STATUS [SUB0]
06-12 09:19:10.834   312   312 E RILD    : IsRegisteredNetworkType(): netType[1]  feature[00] state[0] 
06-12 09:19:10.834   312   608 E RILD    : DoRouteIn - FW reqId : 1
06-12 09:19:10.834   312   608 E RILD    : DoRouteOut - FW reqId : 1
06-12 09:19:10.835   312   607 E RILD    : CLSIM-MGR: evt(100)
06-12 09:19:10.835  1102  1102 D UiccController: Received EVENT_RADIO_AVAILABLE/EVENT_RADIO_ON for phoneId 0, calling getIccSlotsStatus
06-12 09:19:10.838  1102  1102 E RadioConfig: getRadioConfigProxy: mRadioConfigProxy == null
06-12 09:19:10.838  1102  1102 D GsmCdmaPhone: [0] can't find 3GPP2 application; trying APP_FAM_3GPP
06-12 09:19:10.838  1102  1102 D Phone   : config LCE service failed: com.android.internal.telephony.CommandException: REQUEST_NOT_SUPPORTED
06-12 09:19:10.838  1102  1102 D GsmSMSDispatcher: GsmSMSDispatcher: subId = -1 slotId = 0
06-12 09:19:10.844  1102  1102 D RILJ    : [0007]> BASEBAND_VERSION [SUB0]
06-12 09:19:10.845   312   312 E RILD    : IsRegisteredNetworkType(): netType[1]  feature[00] state[0] 
06-12 09:19:10.845   312   608 E RILD    : DoRouteIn - FW reqId : 51
06-12 09:19:10.845   312   608 E RILD    : DoRouteOut - FW reqId : 51
06-12 09:19:10.846  1102  1102 D RILJ    : [0008]> RIL_REQUEST_DEVICE_IDENTITY [SUB0]
06-12 09:19:10.846   312   312 E RILD    : IsRegisteredNetworkType(): netType[1]  feature[00] state[0] 
06-12 09:19:10.846   312   608 E RILD    : DoRouteIn - FW reqId : 98
06-12 09:19:10.847  1102  1102 D RILJ    : [0009]> RIL_REQUEST_GET_RADIO_CAPABILITY [SUB0]
06-12 09:19:10.847   312   312 E RILD    : unknown request -1
06-12 09:19:10.847   312   312 E RILC    : responseRadioCapability: Invalid response
06-12 09:19:10.848  1102  1158 D RILJ    : convertHalRadioCapability: session=0, phase=0, rat=0, logicModemUuid=, status=0, rcRil.raf=0 [SUB0]
06-12 09:19:10.848  1102  1158 D RILJ    : Faking RIL_REQUEST_GET_RADIO_CAPABILITY response using 14456 [SUB0]
06-12 09:19:10.849  1102  1158 D RILJ    : [0009]< RIL_REQUEST_GET_RADIO_CAPABILITY {mPhoneId = 0 mVersion=1 mSession=0 mPhase=0 mRadioAccessFamily=14456 mLogicModemId= mStatus=1} [SUB0]
06-12 09:19:10.849   312   607 E RILD    : TxGetUimStatus:
06-12 09:19:10.849   312   607 E RILD    : TxGetUimStatus: Cached value used
06-12 09:19:10.849   312   607 E RILD    : GenerateSimStatus: Slot: 0 CardState: 1 PinState: 3 CardType: 2
06-12 09:19:10.849   312   607 E RILD    : CLMISC-MGR: evt(104)
06-12 09:19:10.849   312   607 E RILD    : DoGetBasebandVersion():
06-12 09:19:10.849   312   607 E RILD    : DoGetBasebandVersion():
06-12 09:19:10.849   312   607 E RILD    : SendMessage: svc(DMS), msg(0x51:QMI_DMS_GET_SW_VERSION), sync(1), internal(0), size(0)
06-12 09:19:10.850   269   269 E use-Rlog/RLOG-RIL-QMI: qmuxd: RX 47 bytes on fd=22 from qmux_client_id=0x0
06-12 09:19:10.851  1102  1102 D RILJ    : [0010]> RIL_REQUEST_START_LCE reportIntervalMs = 200 pullMode = true [SUB0]
06-12 09:19:10.851   312   312 E RILD    : unknown request -1
06-12 09:19:10.851   312   312 E RILC    : Invalid response: NULL
06-12 09:19:10.852  1102  1158 D RILJ    : [0010]< RIL_REQUEST_START_LCE error 6 [SUB0]
06-12 09:19:10.852  1102  1158 D RilRequest: [0010]< RIL_REQUEST_START_LCE error: com.android.internal.telephony.CommandException: REQUEST_NOT_SUPPORTED ret=[0, 0]
06-12 09:19:10.852  1102  1102 D GsmCdmaPhone: [0] Event EVENT_RADIO_OFF_OR_NOT_AVAILABLE Received
06-12 09:19:10.852  1102  1102 D GsmCdmaPhone: [0] EVENT EVENT_RADIO_STATE_CHANGED
06-12 09:19:10.852  1102  1102 D GsmCdmaPhone: handleRadioPowerStateChange, state= 0
06-12 09:19:10.853  1102  1102 D SST     : [0] EVENT_ICC_CHANGED: SIM absent
06-12 09:19:10.853  1102  1102 D SST     : [0] cancelAllNotifications: mPrevSubId=-1
06-12 09:19:10.861  1102  1102 D NRM-C   : Trying to bind com.android.phone for transport WWAN
06-12 09:19:10.865  1102  1102 D SST     : [0] mDeviceShuttingDown=false, mDesiredPowerState=true, getRadioState=0, mPowerOffDelayNeed=true, mAlarmSwitch=false, mRadioDisabledByCarrier=false
06-12 09:19:10.866  1102  1102 D RILJ    : [0011]> RADIO_POWER on = true [SUB0]
06-12 09:19:10.866   312   312 D RILC    : setRadioPower: serial 11 on 1
06-12 09:19:10.866   312   312 E RILD    : IsRegisteredNetworkType(): netType[1]  feature[00] state[0] 
06-12 09:19:10.866   312   608 E RILD    : DoRouteIn - FW reqId : 23
06-12 09:19:10.866   312   608 E RILD    : DoRouteOut - FW reqId : 23
06-12 09:19:10.866  1102  1102 D SST     : [0] pollState: modemTriggered=true
06-12 09:19:10.866  1102  1102 D SST     : handleNetworkCountryCodeUnavailable
06-12 09:19:10.867  1102  1102 D RILJ    : [0012]> OPERATOR [SUB0]
06-12 09:19:10.867   312   312 E RILD    : IsRegisteredNetworkType(): netType[1]  feature[00] state[0] 
06-12 09:19:10.867   312   312 E RILC    : getOperatorResponse Invalid response: NULL
06-12 09:19:10.868  1102  1158 D RILJ    : [0012]< OPERATOR error 1 [SUB0]
06-12 09:19:10.868  1102  1158 D RilRequest: [0012]< OPERATOR error: com.android.internal.telephony.CommandException: RADIO_NOT_AVAILABLE ret={, , }
06-12 09:19:10.868  1102  1102 E NRM-C   : service not connected. Domain = PS
06-12 09:19:10.868  1102  1102 E NRM-C   : service not connected. Domain = CS
06-12 09:19:10.868  1102  1102 D SST     : [0] mDeviceShuttingDown=false, mDesiredPowerState=true, getRadioState=0, mPowerOffDelayNeed=true, mAlarmSwitch=false, mRadioDisabledByCarrier=false
06-12 09:19:10.869  1102  1102 D RILJ    : [0013]> RADIO_POWER on = true [SUB0]
06-12 09:19:10.869   312   312 D RILC    : setRadioPower: serial 13 on 1
06-12 09:19:10.869   312   312 E RILD    : IsRegisteredNetworkType(): netType[1]  feature[00] state[0] 
06-12 09:19:10.869   312   608 E RILD    : DoRouteIn - FW reqId : 23
06-12 09:19:10.869  1102  1102 D SST     : [0] pollState: modemTriggered=true
06-12 09:19:10.870  1102  1102 D SST     : handleNetworkCountryCodeUnavailable
06-12 09:19:10.870  1102  1102 D RILJ    : [0014]> OPERATOR [SUB0]
06-12 09:19:10.870   312   312 E RILD    : IsRegisteredNetworkType(): netType[1]  feature[00] state[0] 
06-12 09:19:10.870   312   312 E RILC    : getOperatorResponse Invalid response: NULL
06-12 09:19:10.871  1102  1158 D RILJ    : [0014]< OPERATOR error 1 [SUB0]
06-12 09:19:10.871  1102  1158 D RilRequest: [0014]< OPERATOR error: com.android.internal.telephony.CommandException: RADIO_NOT_AVAILABLE ret={, , }
06-12 09:19:10.874  1102  1102 E NRM-C   : service not connected. Domain = PS
06-12 09:19:10.874  1102  1102 E NRM-C   : service not connected. Domain = CS
06-12 09:19:10.874  1102  1102 I CSST    : PrefNetworkNotification: sendMessage() w/values: ,false,-1,false,false
06-12 09:19:10.875  1102  1102 I CSST    : canceling notifications: 1000
06-12 09:19:10.875  1102  1102 D Phone   : isWifiCallingEnabled =false
06-12 09:19:10.875  1102  1102 D CSST    : isPhoneRegisteredForWifiCalling: false
06-12 09:19:10.875  1102  1102 D Phone   : isWifiCallingEnabled =false
06-12 09:19:10.875  1102  1102 I CSST    : EmergencyNetworkNotification: sendMessage() w/values: ,false,-1,false,false
06-12 09:19:10.875  1102  1102 I CSST    : canceling notifications: 1001
06-12 09:19:10.875  1102  1102 I CSST    : PrefNetworkNotification: sendMessage() w/values: ,false,-1,false,false
06-12 09:19:10.876  1102  1102 I CSST    : canceling notifications: 1000
06-12 09:19:10.876  1102  1102 D Phone   : isWifiCallingEnabled =false
06-12 09:19:10.876  1102  1102 D CSST    : isPhoneRegisteredForWifiCalling: false
06-12 09:19:10.876  1102  1102 D Phone   : isWifiCallingEnabled =false
06-12 09:19:10.876  1102  1102 I CSST    : EmergencyNetworkNotification: sendMessage() w/values: ,false,-1,false,false
06-12 09:19:10.876  1102  1102 I CSST    : canceling notifications: 1001
06-12 09:19:10.878   269   585 E use-Rlog/RLOG-RIL-QMI: qmuxd: TX message on fd=22, to qmux_client_id=0x0, len=68
06-12 09:19:10.878   312   607 E RILD    : ReceiveMessage: svc(DMS), msg(0x51:QMI_DMS_GET_SW_VERSION), indi(0), size(4400), err(0)
06-12 09:19:10.878   312   607 E RILD    : Received sw version: R890TYUBPD2
06-12 09:19:10.878   312   607 E RILD    : Result(0), Error(0)
06-12 09:19:10.878   312   607 E RILD    : CLP-MGR: evt(100)
06-12 09:19:10.878   312   607 E RILD    : DoRadioPower(): current mPowerState 2
06-12 09:19:10.878   312   607 E RILD    : LteRadioPower(): 2
06-12 09:19:10.878   312   607 E RILD    : Radio_Power State(1,0, 3)
06-12 09:19:10.878   312   607 E RILD    : SendMessage: svc(DMS), msg(0x2E:QMI_DMS_SET_OPERATING_MODE), sync(1), internal(0), size(4)
06-12 09:19:10.878   269   269 E use-Rlog/RLOG-RIL-QMI: qmuxd: RX 51 bytes on fd=22 from qmux_client_id=0x0
06-12 09:19:10.888  1102  1102 D DCT-C   : onDataEnabledChanged: enable=true, enabledChangedReason=0
06-12 09:19:10.888  1102  1102 D DCT-C   : setupDataOnAllConnectableApns: dataEnabled hipri:[state=IDLE,enabled=false] mms:[state=IDLE,enabled=false] supl:[state=IDLE,enabled=false] default:[state=IDLE,enabled=false] dun:[state=IDLE,enabled=false] 
06-12 09:19:10.888  1102  1102 D DCT-C   : onDataEnabledOverrideRulesChanged
06-12 09:19:10.889  1102  1102 D DCT-C   : isEmergency: result=false
06-12 09:19:10.890  1102  1102 D SubscriptionController: [getActiveSubscriptionInfo]- subId=-1 subList=[] subInfo=null
06-12 09:19:10.892  1102  1102 D SubscriptionController: [getActiveSubscriptionInfo]- subId=-1 subList=[] subInfo=null
06-12 09:19:10.899  1102  1102 D DCT-C   : isEmergency: result=false
06-12 09:19:10.900  1102  1102 D SubscriptionController: [getActiveSubscriptionInfo]- subId=-1 subList=[] subInfo=null
06-12 09:19:10.901  1102  1102 D SubscriptionController: [getActiveSubscriptionInfo]- subId=-1 subList=[] subInfo=null
06-12 09:19:10.906  1102  1102 D DCT-C   : isEmergency: result=false
06-12 09:19:10.907  1102  1102 D SubscriptionController: [getActiveSubscriptionInfo]- subId=-1 subList=[] subInfo=null
06-12 09:19:10.908  1102  1102 D SubscriptionController: [getActiveSubscriptionInfo]- subId=-1 subList=[] subInfo=null
06-12 09:19:10.912  1102  1102 D DCT-C   : isEmergency: result=false
06-12 09:19:10.914  1102  1102 D SubscriptionController: [getActiveSubscriptionInfo]- subId=-1 subList=[] subInfo=null
06-12 09:19:10.915  1102  1102 D SubscriptionController: [getActiveSubscriptionInfo]- subId=-1 subList=[] subInfo=null
06-12 09:19:10.920  1102  1102 D DCT-C   : isEmergency: result=false
06-12 09:19:10.927  1102  1102 D SubscriptionController: [getActiveSubscriptionInfo]- subId=-1 subList=[] subInfo=null
06-12 09:19:10.931  1102  1102 D SubscriptionController: [getActiveSubscriptionInfo]- subId=-1 subList=[] subInfo=null
06-12 09:19:10.931  1102  1102 D DCT-C   : onRadioAvailable
06-12 09:19:10.931  1102  1102 D DCT-C   : onRadioOffOrNotAvailable: is off and clean up all connections
06-12 09:19:10.932  1102  1102 D DCT-C   : cleanUpAllConnectionsInternal: detach=false reason=radioTurnedOff
06-12 09:19:10.932  1102  1102 D GsmCdmaPhone: [0] getDataConnectionState apnType=default ret=DISCONNECTED
06-12 09:19:10.932  1102  1102 D DCT-C   : isEmergency: result=false
06-12 09:19:10.934   522   988 D TelephonyRegistry: onDataConnectionStateChanged(DISCONNECTED, UNKNOWN) subId=-1, phoneId=0
06-12 09:19:10.935  1102  1102 D DCT-C   : cleanUpConnectionInternal: X detach=false reason=radioTurnedOff apnContext={mApnType=default mState=IDLE mWaitingApns={null} mApnSetting={null} mReason=radioTurnedOff mDataEnabled=false mDependencyMet=true} dc=null
06-12 09:19:10.935  1102  1102 D GsmCdmaPhone: [0] getDataConnectionState apnType=mms ret=DISCONNECTED
06-12 09:19:10.938  1102  1102 D DCT-C   : isEmergency: result=false
06-12 09:19:10.939  1102  1102 D DCT-C   : cleanUpConnectionInternal: X detach=false reason=radioTurnedOff apnContext={mApnType=mms mState=IDLE mWaitingApns={null} mApnSetting={null} mReason=radioTurnedOff mDataEnabled=false mDependencyMet=true} dc=null
06-12 09:19:10.939  1102  1102 D GsmCdmaPhone: [0] getDataConnectionState apnType=supl ret=DISCONNECTED
06-12 09:19:10.940  1102  1102 D DCT-C   : isEmergency: result=false
06-12 09:19:10.941  1102  1102 D DCT-C   : cleanUpConnectionInternal: X detach=false reason=radioTurnedOff apnContext={mApnType=supl mState=IDLE mWaitingApns={null} mApnSetting={null} mReason=radioTurnedOff mDataEnabled=false mDependencyMet=true} dc=null
06-12 09:19:10.942  1102  1102 D GsmCdmaPhone: [0] getDataConnectionState apnType=dun ret=DISCONNECTED
06-12 09:19:10.943  1102  1102 D DCT-C   : isEmergency: result=false
06-12 09:19:10.961  1102  1102 D DCT-C   : cleanUpConnectionInternal: X detach=false reason=radioTurnedOff apnContext={mApnType=dun mState=IDLE mWaitingApns={null} mApnSetting={null} mReason=radioTurnedOff mDataEnabled=false mDependencyMet=true} dc=null
06-12 09:19:10.961  1102  1102 D GsmCdmaPhone: [0] getDataConnectionState apnType=hipri ret=DISCONNECTED
06-12 09:19:10.961  1102  1102 D DCT-C   : isEmergency: result=false
06-12 09:19:10.963  1102  1102 D DCT-C   : cleanUpConnectionInternal: X detach=false reason=radioTurnedOff apnContext={mApnType=hipri mState=IDLE mWaitingApns={null} mApnSetting={null} mReason=radioTurnedOff mDataEnabled=false mDependencyMet=true} dc=null
06-12 09:19:10.963  1102  1102 D DCT-C   : stopNetStatPoll
06-12 09:19:10.963  1102  1102 D DCT-C   : cleanUpAllConnectionsInternal: mDisconnectPendingCount = 0
06-12 09:19:10.963  1102  1102 D DCT-C   : onDataConnectionDetached: stop polling and notify detached
06-12 09:19:10.964  1102  1102 D DCT-C   : stopNetStatPoll
06-12 09:19:10.964  1102  1102 D DCT-C   : get all active apn types
06-12 09:19:10.964  1102  1102 D DCT-C   : onDataRoamingOff
06-12 09:19:10.967  1102  1102 D DCT-C   : get all active apn types
06-12 09:19:10.967  1102  1102 D CarrierResolver: handleMessage: 2
06-12 09:19:10.974  1102  1102 D RILJ    : [0015]> RIL_REQUEST_SEND_DEVICE_STATE 1:true [SUB0]
06-12 09:19:10.975  1102  1158 D RILJ    : [0015]< RIL_REQUEST_SEND_DEVICE_STATE error 6 [SUB0]
06-12 09:19:10.975  1102  1158 D RilRequest: [0015]< RIL_REQUEST_SEND_DEVICE_STATE error: com.android.internal.telephony.CommandException: REQUEST_NOT_SUPPORTED ret=
06-12 09:19:10.976  1102  1102 D RILJ    : [0016]> RIL_REQUEST_SEND_DEVICE_STATE 2:false [SUB0]
06-12 09:19:10.976   312   312 D RILC    : sendDeviceState: calling screen state 1
06-12 09:19:10.976   312   312 E RILD    : IsRegisteredNetworkType(): netType[1]  feature[00] state[0] 
06-12 09:19:10.976   312   608 E RILD    : DoRouteIn - FW reqId : 61
06-12 09:19:10.976   312   608 E RILD    : DoRouteOut - FW reqId : 61
06-12 09:19:10.977  1102  1102 D RILJ    : [0017]> RIL_REQUEST_SEND_DEVICE_STATE 0:false [SUB0]
06-12 09:19:10.978  1102  1102 D RILJ    : [0018]> RIL_REQUEST_SET_UNSOLICITED_RESPONSE_FILTER -1 [SUB0]
06-12 09:19:10.982  1102  1158 D RILJ    : [0017]< RIL_REQUEST_SEND_DEVICE_STATE error 6 [SUB0]
06-12 09:19:10.982  1102  1158 D RilRequest: [0017]< RIL_REQUEST_SEND_DEVICE_STATE error: com.android.internal.telephony.CommandException: REQUEST_NOT_SUPPORTED ret=
06-12 09:19:10.982  1102  1158 D RILJ    : [0018]< RIL_REQUEST_SET_UNSOLICITED_RESPONSE_FILTER error 6 [SUB0]
06-12 09:19:10.982  1102  1158 D RilRequest: [0018]< RIL_REQUEST_SET_UNSOLICITED_RESPONSE_FILTER error: com.android.internal.telephony.CommandException: REQUEST_NOT_SUPPORTED ret=
06-12 09:19:10.982  1102  1102 E RILJ    : setSignalStrengthReportingCriteria ignored on IRadio version less than 1.2 [SUB0]
06-12 09:19:10.983  1102  1102 I chatty  : uid=1001(radio) com.android.phone identical 2 lines
06-12 09:19:10.983  1102  1102 E RILJ    : setSignalStrengthReportingCriteria ignored on IRadio version less than 1.2 [SUB0]
06-12 09:19:10.983  1102  1102 E RILJ    : setLinkCapacityReportingCriteria ignored on IRadio version less than 1.2 [SUB0]
06-12 09:19:10.983  1102  1102 I chatty  : uid=1001(radio) com.android.phone identical 2 lines
06-12 09:19:10.983  1102  1102 E RILJ    : setLinkCapacityReportingCriteria ignored on IRadio version less than 1.2 [SUB0]
06-12 09:19:10.985  1102  1102 D RILJ    : [0019]> RIL_REQUEST_SEND_DEVICE_STATE 1:true [SUB0]
06-12 09:19:10.985  1102  1158 D RILJ    : [0019]< RIL_REQUEST_SEND_DEVICE_STATE error 6 [SUB0]
06-12 09:19:10.985  1102  1158 D RilRequest: [0019]< RIL_REQUEST_SEND_DEVICE_STATE error: com.android.internal.telephony.CommandException: REQUEST_NOT_SUPPORTED ret=
06-12 09:19:10.989  1102  1102 D RILJ    : [0020]> RIL_REQUEST_SEND_DEVICE_STATE 2:false [SUB0]
06-12 09:19:10.989   312   312 D RILC    : sendDeviceState: calling screen state 1
06-12 09:19:10.989   312   312 E RILD    : IsRegisteredNetworkType(): netType[1]  feature[00] state[0] 
06-12 09:19:10.989   312   608 E RILD    : DoRouteIn - FW reqId : 61
06-12 09:19:10.989   312   608 E RILD    : DoRouteOut - FW reqId : 61
06-12 09:19:10.992  1102  1102 D RILJ    : [0021]> RIL_REQUEST_SEND_DEVICE_STATE 0:false [SUB0]
06-12 09:19:10.992  1102  1158 D RILJ    : [0021]< RIL_REQUEST_SEND_DEVICE_STATE error 6 [SUB0]
06-12 09:19:10.992  1102  1158 D RilRequest: [0021]< RIL_REQUEST_SEND_DEVICE_STATE error: com.android.internal.telephony.CommandException: REQUEST_NOT_SUPPORTED ret=
06-12 09:19:10.996  1102  1102 D RILJ    : [0022]> RIL_REQUEST_SET_UNSOLICITED_RESPONSE_FILTER -1 [SUB0]
06-12 09:19:10.996  1102  1158 D RILJ    : [0022]< RIL_REQUEST_SET_UNSOLICITED_RESPONSE_FILTER error 6 [SUB0]
06-12 09:19:10.996  1102  1158 D RilRequest: [0022]< RIL_REQUEST_SET_UNSOLICITED_RESPONSE_FILTER error: com.android.internal.telephony.CommandException: REQUEST_NOT_SUPPORTED ret=
06-12 09:19:10.997  1102  1102 E RILJ    : setSignalStrengthReportingCriteria ignored on IRadio version less than 1.2 [SUB0]
06-12 09:19:10.997  1102  1102 I chatty  : uid=1001(radio) com.android.phone identical 2 lines
06-12 09:19:10.997  1102  1102 E RILJ    : setSignalStrengthReportingCriteria ignored on IRadio version less than 1.2 [SUB0]
06-12 09:19:10.997  1102  1102 E RILJ    : setLinkCapacityReportingCriteria ignored on IRadio version less than 1.2 [SUB0]
06-12 09:19:10.997  1102  1102 I chatty  : uid=1001(radio) com.android.phone identical 2 lines
06-12 09:19:10.997  1102  1102 E RILJ    : setLinkCapacityReportingCriteria ignored on IRadio version less than 1.2 [SUB0]
06-12 09:19:10.997   269   585 E use-Rlog/RLOG-RIL-QMI: qmuxd: TX message on fd=22, to qmux_client_id=0x0, len=85
06-12 09:19:10.998   312   603 E RILD    : QmiUnsolicitedCallback: msgId(78)
06-12 09:19:10.998   269   585 E use-Rlog/RLOG-RIL-QMI: qmuxd: TX message on fd=22, to qmux_client_id=0x0, len=54
06-12 09:19:10.998   312   421 E RILD    : ReceiveMessage: svc(NAS), msg(0x4E:QMI_NAS_SYS_INFO_IND), indi(1), size(1064), err(0)
06-12 09:19:10.998   269   585 E use-Rlog/RLOG-RIL-QMI: qmuxd: TX message on fd=22, to qmux_client_id=0x0, len=51
06-12 09:19:10.999   312   421 E RILD    : GetDataRegs: group( CDMA), reg(2)
06-12 09:19:10.999   312   421 E RILD    : GetDataRegs: group( EVDO), reg(2)
06-12 09:19:10.999   312   421 E RILD    : GetDataRegs: group(  GSM), reg(0)
06-12 09:19:10.999   312   603 E RILD    : QmiUnsolicitedCallback: msgId(1)
06-12 09:19:10.999   312   607 E RILD    : ReceiveMessage: svc(DMS), msg(0x2E:QMI_DMS_SET_OPERATING_MODE), indi(0), size(8), err(0)
06-12 09:19:11.000   312   607 E RILD    : Set Operating Mode Reponse: result(0), err(0)
06-12 09:19:11.000   312   607 E RILD    : Result(0), Error(0)
06-12 09:19:11.000   312   607 E RILD    : DoRadioPower() - Reset data registration snapshot
06-12 09:19:11.000   312   421 E RILD    : GetDataRegs: group( UMTS), reg(0)
06-12 09:19:11.000   312   421 E RILD    : GetDataRegs: group(EHRPD), reg(2)
06-12 09:19:11.000   312   421 E RILD    : GetDataRegs: group(  LTE), reg(2)
06-12 09:19:11.000   312   421 E RILD    : GetDataRegs: group(TDSCDMA), reg(0)
06-12 09:19:11.000   312   421 E RILD    : [VoLTE] VoPS [0], EbSupport [0], EmergencyAccessBarred [0]
06-12 09:19:11.000   312   421 E RILD    : UpdateVoiceRte: [CS] 1x reg [2], gsm reg [0], wcdma reg [0], lte reg [0], hdr reg [2], Td reg [0]
06-12 09:19:11.000   312   421 E RILD    : UpdateVoiceRte: mVoiceRte(0), Confidence(4), mReportedLteSmsStatus(0)
06-12 09:19:11.000  1102  1102 D GsmCdmaPhone: [0] onVoiceRegStateOrRatChanged
06-12 09:19:11.000   312   421 E RILD    : UpdateDataRte: [PS] 1x reg [2], gsm reg [0], wcdma reg [0], lte reg [0], hdr reg [2], Td reg [0], pref_data_tech(0), radio_tech_flag(1)
06-12 09:19:11.000   312   421 E RILD    : UpdateDataRte: [FINAL-PS] 1x reg [0], gsm reg [0], wcdma reg [0], lte reg [0], hdr reg [0], Td reg[0]
06-12 09:19:11.000  1102  1102 D GsmCdmaPhone: [0] getCsCallRadioTech, current vrs=1, vrat=0
06-12 09:19:11.000   312   421 E RILD    : UpdateDataRte: mDataRte(0), Confidence(4)
06-12 09:19:11.000   312   421 E RILD    : UpdateImsRte: mImsRte(0), Confidence(4)
06-12 09:19:11.000  1102  1102 D GsmCdmaPhone: [0] getCsCallRadioTech, result calcVrat=0
06-12 09:19:11.000   312   421 E RILD    : UpdateVoiceTech() - RteType: 2, VoiceRadioTech: 0 -> 0
06-12 09:19:11.000   312   421 E RILD    : GetVoiceSysInfo: regState(2), voiceRte(0), isRte3gpp(1)
06-12 09:19:11.000   312   421 E RILD    :  ... cid invalid, set cid to previous value 0, 4
06-12 09:19:11.000   312   421 E RILD    : cdmaCcsSupported: 0, SimulVoiceAndDataCapability Valid: 1, Value: 1
06-12 09:19:11.000   312   421 E RILD    : mReportedDataTechnology Valid: 0, Value: 0
06-12 09:19:11.000  1102  1102 D PhoneCfgMgr: Received EVENT_RADIO_AVAILABLE/EVENT_RADIO_ON
06-12 09:19:11.000   312   421 E RILD    : .. VoPS: 0, EbSupport: 0, EmergencyBarring: 0
06-12 09:19:11.000   312   421 E RILD    : BuildVoiceRegState : rData->mTac : 0
06-12 09:19:11.000   312   421 E RILD    : RxSysInfoInd: sys info updated
06-12 09:19:11.000   312   421 E RILD    : IsConsideredRegistered: cs 1x(2), gsm(0), wcdma(0), lte(0), hdr(2), Td(0)
06-12 09:19:11.000   312   421 E RILD    : IsConsideredRegistered: ps 1x(2), gsm(0), wcdma(0), lte(0), hdr(2), Td(0)
06-12 09:19:11.001  1102  1102 D PhoneCfgMgr: getStaticPhoneCapability: sending the request for getting PhoneCapability
06-12 09:19:11.001   312   421 E RILD    : mCurrentRestricedState = 0
06-12 09:19:11.001   312   421 E RILD    : UpdateRestrictedDetails nRestrictedStateDetail 0
06-12 09:19:11.001   312   421 E RILD    : ReceiveMessage: svc(DMS), msg(0x1:QMI_DMS_SET_EVENT_REPORT), indi(1), size(2000), err(0)
06-12 09:19:11.001   312   421 E RILD    : DMS Event Report Ind received (Operating Mode Valid: 1)
06-12 09:19:11.001   312   421 E RILD    : New Operating Mode: 0, Operating Mode of Indication: 0
06-12 09:19:11.001   312   607 E RILD    : CLSIM-MGR: evt(200)
06-12 09:19:11.002   312   607 E RILD    : status->mSimType 2 
06-12 09:19:11.002   312   607 E RILD    : ConvertToSimState: state(2)
06-12 09:19:11.002   312   607 E RILD    : CLSIM-MGR: Notify SIM state changed(2, 2).
06-12 09:19:11.004   312   607 E RILD    : GetSimAppsInfo() change to GetSimStatus() in QMI
06-12 09:19:11.004   312   607 E RILD    : TxGetUimStatus:
06-12 09:19:11.004   312   421 E RILD    : GenerateSimStatus: Slot: 0 CardState: 1 PinState: 3 CardType: 2
06-12 09:19:11.004   312   607 E RILD    : TxGetUimStatus: Cached value used
06-12 09:19:11.004   312   607 E RILD    : GenerateSimStatus: Slot: 0 CardState: 1 PinState: 3 CardType: 2
06-12 09:19:11.004   312   607 E RILD    : CLNET-MGR: evt(201)
06-12 09:19:11.004   312   607 E RILD    : CLNET-MGR: EVENT_NETWORK_SIGNAL_STRENGTH
06-12 09:19:11.004   312   607 E RILD    : OnUnsolicitedResponse: unsolId: 1009
06-12 09:19:11.004   312   607 E RILD    : SMS-MGR: evt(1013)
06-12 09:19:11.004   312   607 E RILD    : OnSimStateChanged: set Device Ready
06-12 09:19:11.004   312   607 E RILD    : PB-MGR: evt(301)
06-12 09:19:11.004   312   607 E RILD    : PB-MGR: SimType (2)
06-12 09:19:11.004   312   607 E RILD    : CLMISC-MGR: evt(105)
06-12 09:19:11.005   312   607 E RILD    : InitMiscInformation():
06-12 09:19:11.006   312   607 E RILD    : CLP-MGR: evt(1003)
06-12 09:19:11.006   312   607 E RILD    : CLSIM-MGR: evt(3000)
06-12 09:19:11.006   312   607 E RILD    : status->mSimType 2 
06-12 09:19:11.006   312   607 E RILD    : ConvertToSimState: state(2)
06-12 09:19:11.006   312   607 E RILD    : CLSIM-MGR: UpdateCdmaState old(0) new(4)
06-12 09:19:11.006   312   607 E RILD    : CLSIM-MGR: Notify SIM state changed(2, 2).
06-12 09:19:11.006   312   608 E RILD    : DoRouteOut - FW reqId : 98
06-12 09:19:11.006   312   607 E RILD    : CLNET-MGR: evt(200)
06-12 09:19:11.006   312   607 E RILD    : CLNET-MGR: EVENT_NETWORK_STATE_CHANGED
06-12 09:19:11.006   312   607 E RILD    : NET-MGR: EVENT_NETWORK_STATE_CHANGED
06-12 09:19:11.006   312   607 E RILD    : OnUnsolicitedResponse: unsolId: 1002
06-12 09:19:11.007   312   607 E RILD    : SMS-MGR: evt(1002)
06-12 09:19:11.007   312   607 E RILD    : OnUnsolicitedResponse: unsolId: 11008
06-12 09:19:11.007   312   607 E RILC    : unsupported unsolicited response code 11008
06-12 09:19:11.007   312   607 E RILD    : PB-MGR: evt(301)
06-12 09:19:11.007   312   607 E RILD    : PB-MGR: SimType (2)
06-12 09:19:11.007   312   607 E RILD    : CLMISC-MGR: evt(107)
06-12 09:19:11.016   269   585 E use-Rlog/RLOG-RIL-QMI: qmuxd: TX message on fd=22, to qmux_client_id=0x0, len=85
06-12 09:19:11.017   312   603 E RILD    : QmiUnsolicitedCallback: msgId(78)
06-12 09:19:11.018   312   421 E RILD    : ReceiveMessage: svc(NAS), msg(0x4E:QMI_NAS_SYS_INFO_IND), indi(1), size(1064), err(0)
06-12 09:19:11.018   312   421 E RILD    : GetDataRegs: group( CDMA), reg(2)
06-12 09:19:11.018   312   421 E RILD    : GetDataRegs: group( EVDO), reg(2)
06-12 09:19:11.018   312   421 E RILD    : GetDataRegs: group(  GSM), reg(0)
06-12 09:19:11.018   312   421 E RILD    : GetDataRegs: group( UMTS), reg(0)
06-12 09:19:11.018   312   421 E RILD    : GetDataRegs: group(EHRPD), reg(2)
06-12 09:19:11.018   312   421 E RILD    : GetDataRegs: group(  LTE), reg(0)
06-12 09:19:11.018   312   421 E RILD    : GetDataRegs: group(TDSCDMA), reg(0)
06-12 09:19:11.018   312   421 E RILD    : [VoLTE] VoPS [0], EbSupport [0], EmergencyAccessBarred [0]
06-12 09:19:11.018   312   421 E RILD    : UpdateVoiceRte: [CS] 1x reg [0], gsm reg [0], wcdma reg [0], lte reg [0], hdr reg [2], Td reg [0]
06-12 09:19:11.018   312   421 E RILD    : UpdateVoiceRte: mVoiceRte(0), Confidence(4), mReportedLteSmsStatus(0)
06-12 09:19:11.018   312   421 E RILD    : UpdateDataRte: [PS] 1x reg [0], gsm reg [0], wcdma reg [0], lte reg [0], hdr reg [2], Td reg [0], pref_data_tech(0), radio_tech_flag(1)
06-12 09:19:11.018   312   421 E RILD    : UpdateDataRte: [FINAL-PS] 1x reg [0], gsm reg [0], wcdma reg [0], lte reg [0], hdr reg [0], Td reg[0]
06-12 09:19:11.018   312   421 E RILD    : UpdateDataRte: mDataRte(0), Confidence(4)
06-12 09:19:11.018   312   421 E RILD    : UpdateImsRte: mImsRte(0), Confidence(4)
06-12 09:19:11.018   312   421 E RILD    : UpdateVoiceTech() - RteType: 2, VoiceRadioTech: 0 -> 0
06-12 09:19:11.018   312   421 E RILD    : GetVoiceSysInfo: regState(2), voiceRte(0), isRte3gpp(1)
06-12 09:19:11.018   312   421 E RILD    :  ... cid invalid, set cid to previous value 0, 4
06-12 09:19:11.019   312   421 E RILD    : cdmaCcsSupported: 0, SimulVoiceAndDataCapability Valid: 1, Value: 1
06-12 09:19:11.019   312   421 E RILD    : mReportedDataTechnology Valid: 0, Value: 0
06-12 09:19:11.019   312   421 E RILD    : .. VoPS: 0, EbSupport: 0, EmergencyBarring: 0
06-12 09:19:11.019   312   421 E RILD    : BuildVoiceRegState : rData->mTac : 0
06-12 09:19:11.019   312   421 E RILD    : RxSysInfoInd: sys info updated
06-12 09:19:11.019   312   421 E RILD    : IsConsideredRegistered: cs 1x(0), gsm(0), wcdma(0), lte(0), hdr(2), Td(0)
06-12 09:19:11.019   312   421 E RILD    : IsConsideredRegistered: ps 1x(0), gsm(0), wcdma(0), lte(0), hdr(2), Td(0)
06-12 09:19:11.019   312   421 E RILD    : mCurrentRestricedState = 0
06-12 09:19:11.019   312   421 E RILD    : UpdateRestrictedDetails nRestrictedStateDetail 0
06-12 09:19:11.023  1102  1158 D RILJ    : [0007]< BASEBAND_VERSION R890TYUBPD2 [SUB0]
06-12 09:19:11.024  1102  1158 D RILJ    : [UNSL]< UNSOL_RESPONSE_NETWORK_STATE_CHANGED [SUB0]
06-12 09:19:11.024   312   607 E RILD    : [L] TX: (M)MISC_CMD (S)MISC_SCREEN_STATUS (T)EVENT l:8 m:01 a:00 [ 01 ]
06-12 09:19:11.024   269   269 E use-Rlog/RLOG-RIL-QMI: qmuxd: RX 58 bytes on fd=22 from qmux_client_id=0x0
06-12 09:19:11.025   269   585 E use-Rlog/RLOG-RIL-QMI: qmuxd: TX message on fd=22, to qmux_client_id=0x0, len=54
06-12 09:19:11.025   312   607 E RILD    : rssi threshole : -74,-75,-76,-84,-85,-86,-89,-90,-94,-95,-96,-99,-100,-101,-102,-105\A6
06-12 09:19:11.025   312   607 E RILD    : SendMessage: svc(NAS), msg(0x50:QMI_NAS_CONFIG_SIG_INFO), sync(1), internal(1), size(372)
06-12 09:19:11.025   269   269 E use-Rlog/RLOG-RIL-QMI: qmuxd: RX 198 bytes on fd=22 from qmux_client_id=0x0
06-12 09:19:11.026   269   585 E use-Rlog/RLOG-RIL-QMI: qmuxd: TX message on fd=22, to qmux_client_id=0x0, len=54
06-12 09:19:11.026   312   607 E RILD    : ReceiveMessage: svc(NAS), msg(0x50:QMI_NAS_CONFIG_SIG_INFO), indi(0), size(8), err(0)
06-12 09:19:11.026   312   607 E RILD    : Result(0), Error(0)
06-12 09:19:11.026   312   607 E RILD    : SendMessage: svc(NAS), msg(0x2:QMI_NAS_SET_EVENT_REPORT), sync(1), internal(1), size(104)
06-12 09:19:11.026   269   269 E use-Rlog/RLOG-RIL-QMI: qmuxd: RX 51 bytes on fd=22 from qmux_client_id=0x0
06-12 09:19:11.027   269   585 E use-Rlog/RLOG-RIL-QMI: qmuxd: TX message on fd=22, to qmux_client_id=0x0, len=54
06-12 09:19:11.027   312   607 E RILD    : ReceiveMessage: svc(NAS), msg(0x2:QMI_NAS_SET_EVENT_REPORT), indi(0), size(8), err(0)
06-12 09:19:11.027   312   607 E RILD    : RxSetEventReport: Receive set event report response
06-12 09:19:11.027   312   607 E RILD    : Result(0), Error(0)
06-12 09:19:11.028   312   607 E RILD    : SendMessage: svc(NAS), msg(0x4D:QMI_NAS_GET_SYS_INFO), sync(1), internal(1), size(0)
06-12 09:19:11.028   269   269 E use-Rlog/RLOG-RIL-QMI: qmuxd: RX 47 bytes on fd=22 from qmux_client_id=0x0
06-12 09:19:11.028  1102  1102 E RadioConfig: getRadioConfigProxy: mRadioConfigProxy == null
06-12 09:19:11.028  1102  1102 D DCT-C   : onDataEnabledChanged: enable=true, enabledChangedReason=0
06-12 09:19:11.028   269   585 E use-Rlog/RLOG-RIL-QMI: qmuxd: TX message on fd=22, to qmux_client_id=0x0, len=92
06-12 09:19:11.029   312   607 E RILD    : ReceiveMessage: svc(NAS), msg(0x4D:QMI_NAS_GET_SYS_INFO), indi(0), size(1072), err(0)
06-12 09:19:11.029   312   607 E RILD    : Result(0), Error(0)
06-12 09:19:11.029   312   607 E RILD    : [VoLTE] VoPS [0], EbSupport [0], EmergencyAccessBarred [0]
06-12 09:19:11.029   312   607 E RILD    : UpdateVoiceRte: [CS] 1x reg [0], gsm reg [0], wcdma reg [0], lte reg [0], hdr reg [2], Td reg [0]
06-12 09:19:11.029   312   607 E RILD    : UpdateVoiceRte: mVoiceRte(0), Confidence(4), mReportedLteSmsStatus(0)
06-12 09:19:11.029   312   607 E RILD    : UpdateDataRte: [FINAL-PS] 1x reg [0], gsm reg [0], wcdma reg [0], lte reg [0], hdr reg [0], Td reg[0]
06-12 09:19:11.029   312   607 E RILD    : UpdateDataRte: mDataRte(0), Confidence(4)
06-12 09:19:11.029   312   607 E RILD    : UpdateImsRte: mImsRte(0), Confidence(4)
06-12 09:19:11.029   312   607 E RILD    : UpdateVoiceTech() - RteType: 2, VoiceRadioTech: 0 -> 0
06-12 09:19:11.029   312   607 E RILD    : GetVoiceSysInfo: regState(2), voiceRte(0), isRte3gpp(1)
06-12 09:19:11.029   312   607 E RILD    :  ... cid invalid, set cid to previous value 0, 4
06-12 09:19:11.029   312   607 E RILD    : cdmaCcsSupported: 0, SimulVoiceAndDataCapability Valid: 1, Value: 1
06-12 09:19:11.029   312   607 E RILD    : mReportedDataTechnology Valid: 0, Value: 0
06-12 09:19:11.029   312   607 E RILD    : .. VoPS: 0, EbSupport: 0, EmergencyBarring: 0
06-12 09:19:11.029   312   607 E RILD    : BuildVoiceRegState : rData->mTac : 0
06-12 09:19:11.029   312   607 E RILD    : IsAnyRteChanged: rte changed, old and new rte snapshot:
06-12 09:19:11.029   312   607 E RILD    : rte voice(0), data(0), ims(0), voiceConf(0), dataConf(0), imsConf(4)
06-12 09:19:11.029   312   607 E RILD    : rte voice(0), data(0), ims(0), voiceConf(4), dataConf(4), imsConf(4)
06-12 09:19:11.029   312   607 E RILD    : EnableNetworkingIndications: Rte changed
06-12 09:19:11.029   312   607 E RILD    : mCurrentRestricedState = 0
06-12 09:19:11.029   312   607 E RILD    : SendMessage: svc(NAS), msg(0x3:QMI_NAS_INDICATION_REGISTER), sync(1), internal(1), size(57)
06-12 09:19:11.029   269   269 E use-Rlog/RLOG-RIL-QMI: qmuxd: RX 103 bytes on fd=22 from qmux_client_id=0x0
06-12 09:19:11.030   269   585 E use-Rlog/RLOG-RIL-QMI: qmuxd: TX message on fd=22, to qmux_client_id=0x0, len=54
06-12 09:19:11.031   312   607 E RILD    : ReceiveMessage: svc(NAS), msg(0x3:QMI_NAS_INDICATION_REGISTER), indi(0), size(8), err(0)
06-12 09:19:11.031   312   607 E RILD    : RxSetIndicationRegister: Receive indication reg response
06-12 09:19:11.031   312   607 E RILD    : IsConsideredRegistered: cs 1x(0), gsm(0), wcdma(0), lte(0), hdr(2), Td(0)
06-12 09:19:11.031   312   607 E RILD    : IsConsideredRegistered: ps 1x(0), gsm(0), wcdma(0), lte(0), hdr(2), Td(0)
06-12 09:19:11.031   312   607 E RILD    : Result(0), Error(0)
06-12 09:19:11.031   312   607 E RILD    : SendMessage: svc(NAS), msg(0x4D:QMI_NAS_GET_SYS_INFO), sync(1), internal(1), size(0)
06-12 09:19:11.031   269   269 E use-Rlog/RLOG-RIL-QMI: qmuxd: RX 47 bytes on fd=22 from qmux_client_id=0x0
06-12 09:19:11.032   269   585 E use-Rlog/RLOG-RIL-QMI: qmuxd: TX message on fd=22, to qmux_client_id=0x0, len=92
06-12 09:19:11.032  1102  1102 D DCT-C   : setupDataOnAllConnectableApns: dataEnabled hipri:[state=IDLE,enabled=false] mms:[state=IDLE,enabled=false] supl:[state=IDLE,enabled=false] default:[state=IDLE,enabled=false] dun:[state=IDLE,enabled=false] 
06-12 09:19:11.032  1102  1102 D PhoneSwitcher: No active subscriptions: resetting preferred phone to 0 for emergency
06-12 09:19:11.032   312   607 E RILD    : ReceiveMessage: svc(NAS), msg(0x4D:QMI_NAS_GET_SYS_INFO), indi(0), size(1072), err(0)
06-12 09:19:11.032   312   607 E RILD    : Result(0), Error(0)
06-12 09:19:11.032   312   607 E RILD    : [VoLTE] VoPS [0], EbSupport [0], EmergencyAccessBarred [0]
06-12 09:19:11.032   312   607 E RILD    : UpdateVoiceRte: [CS] 1x reg [0], gsm reg [0], wcdma reg [0], lte reg [0], hdr reg [2], Td reg [0]
06-12 09:19:11.032   312   607 E RILD    : UpdateVoiceRte: mVoiceRte(0), Confidence(4), mReportedLteSmsStatus(0)
06-12 09:19:11.032   312   607 E RILD    : UpdateDataRte: [PS] 1x reg [0], gsm reg [0], wcdma reg [0], lte reg [0], hdr reg [2], Td reg [0], pref_data_tech(0), radio_tech_flag(1)
06-12 09:19:11.032   312   607 E RILD    : UpdateDataRte: [FINAL-PS] 1x reg [0], gsm reg [0], wcdma reg [0], lte reg [0], hdr reg [0], Td reg[0]
06-12 09:19:11.032   312   607 E RILD    : UpdateDataRte: mDataRte(0), Confidence(4)
06-12 09:19:11.032   312   607 E RILD    : UpdateImsRte: mImsRte(0), Confidence(4)
06-12 09:19:11.032   312   607 E RILD    : UpdateVoiceTech() - RteType: 2, VoiceRadioTech: 0 -> 0
06-12 09:19:11.032   312   607 E RILD    : GetVoiceSysInfo: regState(2), voiceRte(0), isRte3gpp(1)
06-12 09:19:11.032   312   607 E RILD    :  ... cid invalid, set cid to previous value 0, 4
06-12 09:19:11.033   312   607 E RILD    : cdmaCcsSupported: 0, SimulVoiceAndDataCapability Valid: 1, Value: 1
06-12 09:19:11.033   312   607 E RILD    : mReportedDataTechnology Valid: 0, Value: 0
06-12 09:19:11.033   312   607 E RILD    : .. VoPS: 0, EbSupport: 0, EmergencyBarring: 0
06-12 09:19:11.033   312   607 E RILD    : BuildVoiceRegState : rData->mTac : 0
06-12 09:19:11.033   312   607 E RILD    : IsConsideredRegistered: cs 1x(0), gsm(0), wcdma(0), lte(0), hdr(2), Td(0)
06-12 09:19:11.033   312   607 E RILD    : IsConsideredRegistered: ps 1x(0), gsm(0), wcdma(0), lte(0), hdr(2), Td(0)
06-12 09:19:11.033   312   607 E RILD    : CLP-MGR: evt(105)
06-12 09:19:11.033   312   607 E RILD    : CLSIM-MGR: evt(300)
06-12 09:19:11.033   312   607 E RILD    : CLNET-MGR: evt(208)
06-12 09:19:11.033   312   607 E RILD    : CLNET-MGR: EVENT_INVALIDATE_DATA_REG_SNAPSHOT
06-12 09:19:11.033   312   607 E RILD    : SMS-MGR: evt(1013)
06-12 09:19:11.033   312   607 E RILD    : OnSimStateChanged: set Device Ready
06-12 09:19:11.033   312   607 E RILD    : CLMISC-MGR: evt(107)
06-12 09:19:11.033   312   607 E RILD    : [L] TX: (M)MISC_CMD (S)MISC_SCREEN_STATUS (T)EVENT l:8 m:02 a:00 [ 01 ]
06-12 09:19:11.033   269   269 E use-Rlog/RLOG-RIL-QMI: qmuxd: RX 58 bytes on fd=22 from qmux_client_id=0x0
06-12 09:19:11.034   269   585 E use-Rlog/RLOG-RIL-QMI: qmuxd: TX message on fd=22, to qmux_client_id=0x0, len=54
06-12 09:19:11.034   312   607 E RILD    : rssi threshole : -74,-75,-76,-84,-85,-86,-89,-90,-94,-95,-96,-99,-100,-101,-102,-105\A6
06-12 09:19:11.034   312   607 E RILD    : SendMessage: svc(NAS), msg(0x50:QMI_NAS_CONFIG_SIG_INFO), sync(1), internal(1), size(372)
06-12 09:19:11.034   269   269 E use-Rlog/RLOG-RIL-QMI: qmuxd: RX 198 bytes on fd=22 from qmux_client_id=0x0
06-12 09:19:11.035   269   585 E use-Rlog/RLOG-RIL-QMI: qmuxd: TX message on fd=22, to qmux_client_id=0x0, len=54
06-12 09:19:11.035   312   607 E RILD    : ReceiveMessage: svc(NAS), msg(0x50:QMI_NAS_CONFIG_SIG_INFO), indi(0), size(8), err(0)
06-12 09:19:11.035   312   607 E RILD    : Result(0), Error(0)
06-12 09:19:11.035   312   607 E RILD    : SendMessage: svc(NAS), msg(0x2:QMI_NAS_SET_EVENT_REPORT), sync(1), internal(1), size(104)
06-12 09:19:11.035   269   269 E use-Rlog/RLOG-RIL-QMI: qmuxd: RX 51 bytes on fd=22 from qmux_client_id=0x0
06-12 09:19:11.035  1102  1102 D PhoneSwitcher: evaluating due to EVENT_PRECISE_CALL_STATE_CHANGED mPrimaryDataSubId -1->1 phone[0] 0->-1
06-12 09:19:11.037   269   585 E use-Rlog/RLOG-RIL-QMI: qmuxd: TX message on fd=22, to qmux_client_id=0x0, len=54
06-12 09:19:11.037   312   607 E RILD    : ReceiveMessage: svc(NAS), msg(0x2:QMI_NAS_SET_EVENT_REPORT), indi(0), size(8), err(0)
06-12 09:19:11.037   312   607 E RILD    : RxSetEventReport: Receive set event report response
06-12 09:19:11.037   312   607 E RILD    : Result(0), Error(0)
06-12 09:19:11.037   312   607 E RILD    : SendMessage: svc(NAS), msg(0x4D:QMI_NAS_GET_SYS_INFO), sync(1), internal(1), size(0)
06-12 09:19:11.037   269   269 E use-Rlog/RLOG-RIL-QMI: qmuxd: RX 47 bytes on fd=22 from qmux_client_id=0x0
06-12 09:19:11.038   269   585 E use-Rlog/RLOG-RIL-QMI: qmuxd: TX message on fd=22, to qmux_client_id=0x0, len=92
06-12 09:19:11.038   312   607 E RILD    : ReceiveMessage: svc(NAS), msg(0x4D:QMI_NAS_GET_SYS_INFO), indi(0), size(1072), err(0)
06-12 09:19:11.038   312   607 E RILD    : Result(0), Error(0)
06-12 09:19:11.038   312   607 E RILD    : [VoLTE] VoPS [0], EbSupport [0], EmergencyAccessBarred [0]
06-12 09:19:11.038   312   607 E RILD    : UpdateVoiceRte: [CS] 1x reg [0], gsm reg [0], wcdma reg [0], lte reg [0], hdr reg [2], Td reg [0]
06-12 09:19:11.038   312   607 E RILD    : UpdateVoiceRte: mVoiceRte(0), Confidence(4), mReportedLteSmsStatus(0)
06-12 09:19:11.038   312   607 E RILD    : UpdateDataRte: [FINAL-PS] 1x reg [0], gsm reg [0], wcdma reg [0], lte reg [0], hdr reg [0], Td reg[0]
06-12 09:19:11.038   312   607 E RILD    : UpdateDataRte: mDataRte(0), Confidence(4)
06-12 09:19:11.038   312   607 E RILD    : UpdateImsRte: mImsRte(0), Confidence(4)
06-12 09:19:11.038   312   607 E RILD    : UpdateVoiceTech() - RteType: 2, VoiceRadioTech: 0 -> 0
06-12 09:19:11.038   312   607 E RILD    : GetVoiceSysInfo: regState(2), voiceRte(0), isRte3gpp(1)
06-12 09:19:11.038   312   607 E RILD    :  ... cid invalid, set cid to previous value 0, 4
06-12 09:19:11.038   312   607 E RILD    : cdmaCcsSupported: 0, SimulVoiceAndDataCapability Valid: 1, Value: 1
06-12 09:19:11.038   312   607 E RILD    : mReportedDataTechnology Valid: 0, Value: 0
06-12 09:19:11.038   312   607 E RILD    : .. VoPS: 0, EbSupport: 0, EmergencyBarring: 0
06-12 09:19:11.038   312   607 E RILD    : BuildVoiceRegState : rData->mTac : 0
06-12 09:19:11.038   312   607 E RILD    : IsAnyRteChanged: rte changed, old and new rte snapshot:
06-12 09:19:11.038   312   607 E RILD    : rte voice(0), data(0), ims(0), voiceConf(0), dataConf(0), imsConf(4)
06-12 09:19:11.038   312   607 E RILD    : rte voice(0), data(0), ims(0), voiceConf(4), dataConf(4), imsConf(4)
06-12 09:19:11.039   312   607 E RILD    : EnableNetworkingIndications: Rte changed
06-12 09:19:11.039   312   607 E RILD    : mCurrentRestricedState = 0
06-12 09:19:11.039   312   607 E RILD    : UpdateRestrictedDetails nRestrictedStateDetail 0
06-12 09:19:11.039   312   607 E RILD    : SendMessage: svc(NAS), msg(0x3:QMI_NAS_INDICATION_REGISTER), sync(1), internal(1), size(57)
06-12 09:19:11.039   269   269 E use-Rlog/RLOG-RIL-QMI: qmuxd: RX 103 bytes on fd=22 from qmux_client_id=0x0
06-12 09:19:11.039  1102  1102 D PhoneSwitcher: activate 0
06-12 09:19:11.039   269   585 E use-Rlog/RLOG-RIL-QMI: qmuxd: TX message on fd=22, to qmux_client_id=0x0, len=54
06-12 09:19:11.039   312   607 E RILD    : ReceiveMessage: svc(NAS), msg(0x3:QMI_NAS_INDICATION_REGISTER), indi(0), size(8), err(0)
06-12 09:19:11.039   312   607 E RILD    : RxSetIndicationRegister: Receive indication reg response
06-12 09:19:11.039   312   607 E RILD    : IsConsideredRegistered: cs 1x(0), gsm(0), wcdma(0), lte(0), hdr(2), Td(0)
06-12 09:19:11.039   312   607 E RILD    : IsConsideredRegistered: ps 1x(0), gsm(0), wcdma(0), lte(0), hdr(2), Td(0)
06-12 09:19:11.040   312   607 E RILD    : Result(0), Error(0)
06-12 09:19:11.040   312   607 E RILD    : SendMessage: svc(NAS), msg(0x4D:QMI_NAS_GET_SYS_INFO), sync(1), internal(1), size(0)
06-12 09:19:11.040   269   269 E use-Rlog/RLOG-RIL-QMI: qmuxd: RX 47 bytes on fd=22 from qmux_client_id=0x0
06-12 09:19:11.040   269   585 E use-Rlog/RLOG-RIL-QMI: qmuxd: TX message on fd=22, to qmux_client_id=0x0, len=92
06-12 09:19:11.040   312   607 E RILD    : ReceiveMessage: svc(NAS), msg(0x4D:QMI_NAS_GET_SYS_INFO), indi(0), size(1072), err(0)
06-12 09:19:11.040   312   607 E RILD    : Result(0), Error(0)
06-12 09:19:11.041   312   607 E RILD    : [VoLTE] VoPS [0], EbSupport [0], EmergencyAccessBarred [0]
06-12 09:19:11.041   312   607 E RILD    : UpdateVoiceRte: [CS] 1x reg [0], gsm reg [0], wcdma reg [0], lte reg [0], hdr reg [2], Td reg [0]
06-12 09:19:11.041   312   607 E RILD    : UpdateVoiceRte: mVoiceRte(0), Confidence(4), mReportedLteSmsStatus(0)
06-12 09:19:11.041   312   607 E RILD    : UpdateDataRte: [PS] 1x reg [0], gsm reg [0], wcdma reg [0], lte reg [0], hdr reg [2], Td reg [0], pref_data_tech(0), radio_tech_flag(1)
06-12 09:19:11.041   312   607 E RILD    : UpdateDataRte: [FINAL-PS] 1x reg [0], gsm reg [0], wcdma reg [0], lte reg [0], hdr reg [0], Td reg[0]
06-12 09:19:11.041   312   607 E RILD    : UpdateDataRte: mDataRte(0), Confidence(4)
06-12 09:19:11.041   312   607 E RILD    : UpdateImsRte: mImsRte(0), Confidence(4)
